
> site@0.0.8 prebuild /home/mps/code/lossless-monorepo/site
> node -e "const { execSync } = require('child_process'); try { execSync('git remote get-url origin', { stdio: 'ignore' }); } catch { execSync('git remote add origin https://github.com/lossless-group/lossless-site.git'); } execSync('git lfs install'); execSync('git lfs pull');"


> site@0.0.8 build /home/mps/code/lossless-monorepo/site
> node -e "require('dotenv').config({ path: '.env' }); require('child_process').execSync('astro build --remote', { stdio: 'inherit' });"

Using content directory: /home/mps/code/lossless-monorepo/site/src/generated-content
Environment Configuration: {
  NODE_ENV: 'development',
  APP_ENV: 'development',
  DEPLOY_ENV: 'LocalSiteOnly',
  isProduction: false,
  isDevelopment: true,
  contentBasePath: '/home/mps/code/lossless-monorepo/site/src/generated-content',
  DEBUG_AST: false,
  DEBUG_ARTICLE: false,
  DEBUG_CITATIONS: false,
  DEBUG_BACKLINKS: false,
  DEBUG_TOOLING: false,
  DEBUG_TOC: false,
  resolvedContentPath: '/home/mps/code/lossless-monorepo/site/src/generated-content',
  envFile: '/home/mps/code/lossless-monorepo/site/.env',
  cwd: '/home/mps/code/lossless-monorepo/site'
}
Environment in astro.config.mjs: {
  NODE_ENV: 'development',
  isProduction: false,
  isDevelopment: true,
  CWD: '/home/mps/code/lossless-monorepo/site',
  ENV_FILE: 'Found'
}
14:20:30 [vite] Re-optimizing dependencies because vite config has changed
Using content directory: /home/mps/code/lossless-monorepo/site/src/generated-content
Environment Configuration: {
  NODE_ENV: 'development',
  APP_ENV: 'development',
  DEPLOY_ENV: 'LocalSiteOnly',
  isProduction: false,
  isDevelopment: true,
  contentBasePath: '/home/mps/code/lossless-monorepo/site/src/generated-content',
  DEBUG_AST: false,
  DEBUG_ARTICLE: false,
  DEBUG_CITATIONS: false,
  DEBUG_BACKLINKS: false,
  DEBUG_TOOLING: false,
  DEBUG_TOC: false,
  resolvedContentPath: '/home/mps/code/lossless-monorepo/site/src/generated-content',
  envFile: '/home/mps/code/lossless-monorepo/site/.env',
  cwd: '/home/mps/code/lossless-monorepo/site'
}
14:20:30 [content] Syncing content
14:20:30 [content] Astro config changed
14:20:30 [content] Clearing content store
[Shiki] 10 instances have been created. Shiki is supposed to be used as a singleton, consider refactoring your code to cache your highlighter instance; Or call `highlighter.dispose()` to release unused instances.
[Shiki] 20 instances have been created. Shiki is supposed to be used as a singleton, consider refactoring your code to cache your highlighter instance; Or call `highlighter.dispose()` to release unused instances.
[Shiki] The language "slides" doesn't exist, falling back to "plaintext".
[Shiki] The language "litegal" doesn't exist, falling back to "plaintext".
[Shiki] The language "litegal" doesn't exist, falling back to "plaintext".
[Shiki] The language "emphasis" doesn't exist, falling back to "plaintext".
[Shiki] The language "requestjson--perplexica" doesn't exist, falling back to "plaintext".
[Shiki] The language "litegal" doesn't exist, falling back to "plaintext".
[Shiki] The language "emphasis" doesn't exist, falling back to "plaintext".
[Shiki] The language "warning" doesn't exist, falling back to "plaintext".
[Shiki] The language "info" doesn't exist, falling back to "plaintext".
[Shiki] The language "success" doesn't exist, falling back to "plaintext".
[Shiki] The language "error" doesn't exist, falling back to "plaintext".
[Shiki] The language "tip" doesn't exist, falling back to "plaintext".
[Shiki] The language "note" doesn't exist, falling back to "plaintext".
[Shiki] The language "quote" doesn't exist, falling back to "plaintext".
[Shiki] The language "slides" doesn't exist, falling back to "plaintext".
[Shiki] The language "litegal" doesn't exist, falling back to "plaintext".
[Shiki] The language "litegal" doesn't exist, falling back to "plaintext".
[Shiki] The language "requestjson--perplexica" doesn't exist, falling back to "plaintext".
[Shiki] The language "litegal" doesn't exist, falling back to "plaintext".
14:20:42 [content] Synced content
14:20:42 [types] Generated 11.99s
14:20:42 [build] output: "static"
14:20:42 [build] mode: "server"
14:20:42 [build] directory: /home/mps/code/lossless-monorepo/site/dist/
14:20:42 [build] adapter: @astrojs/vercel
14:20:42 [build] Collecting build info...
14:20:42 [build] ✓ Completed in 12.15s.
14:20:42 [build] Building server entrypoints...
14:20:44 [astro-icon] Loaded icons from src/assets/Icons, tabler
14:20:46 [WARN] [vite] "resolve" is imported from external module "node:path" but never used in "src/pages/api/moveTrademark.ts", "node_modules/.pnpm/@astrojs+internal-helpers@0.6.1/node_modules/@astrojs/internal-helpers/dist/fs.js", "node_modules/.pnpm/@astrojs+vercel@8.2.2_astro@5.12.0_@types+node@22.15.30_jiti@2.4.2_lightningcss@1.30.1__3eb4f5abaea38c7803c21065e1e1769a/node_modules/@astrojs/vercel/dist/lib/redirects.js", "node_modules/.pnpm/@astrojs+vercel@8.2.2_astro@5.12.0_@types+node@22.15.30_jiti@2.4.2_lightningcss@1.30.1__3eb4f5abaea38c7803c21065e1e1769a/node_modules/@astrojs/vercel/dist/lib/searchRoot.js", "node_modules/.pnpm/@astrojs+vercel@8.2.2_astro@5.12.0_@types+node@22.15.30_jiti@2.4.2_lightningcss@1.30.1__3eb4f5abaea38c7803c21065e1e1769a/node_modules/@astrojs/vercel/dist/lib/nft.js", "src/pages/client/[client]/essays/[...slug].astro", "src/pages/read/through/[collection]/[...slug].astro", "node_modules/.pnpm/astro@5.12.0_@types+node@22.15.30_jiti@2.4.2_lightningcss@1.30.1_rollup@4.42.0_tsx@4.19.4_typescript@5.8.3/node_modules/astro/dist/assets/utils/node/emitAsset.js", "src/components/basics/HeroLoader.astro", "src/components/basics/messages/AlternatingSideImage.astro", "src/components/client-portals/ClientReferenceSection.astro", "src/layouts/ClientPortalLayout.astro", "src/pages/client/[client].astro", "src/components/basics/messages/IconHeaderMessageCardGrid.astro", "src/components/basics/AuthorHandle.astro", "src/pages/read/index.astro", "src/components/basics/render-images/IconSVGWrapper.astro", "src/pages/read/through/index.astro", "node_modules/.pnpm/astro@5.12.0_@types+node@22.15.30_jiti@2.4.2_lightningcss@1.30.1_rollup@4.42.0_tsx@4.19.4_typescript@5.8.3/node_modules/astro/dist/assets/utils/transformToPath.js", "src/components/trademarks/TrademarkRibbon.astro", "node_modules/.pnpm/@astrojs+vercel@8.2.2_astro@5.12.0_@types+node@22.15.30_jiti@2.4.2_lightningcss@1.30.1__3eb4f5abaea38c7803c21065e1e1769a/node_modules/@astrojs/vercel/dist/index.js", "node_modules/.pnpm/astro@5.12.0_@types+node@22.15.30_jiti@2.4.2_lightningcss@1.30.1_rollup@4.42.0_tsx@4.19.4_typescript@5.8.3/node_modules/astro/dist/content/loaders/glob.js", "node_modules/.pnpm/vfile@6.0.3/node_modules/vfile/lib/minpath.js", "node_modules/.pnpm/astro@5.12.0_@types+node@22.15.30_jiti@2.4.2_lightningcss@1.30.1_rollup@4.42.0_tsx@4.19.4_typescript@5.8.3/node_modules/astro/dist/core/util.js", "node_modules/.pnpm/astro@5.12.0_@types+node@22.15.30_jiti@2.4.2_lightningcss@1.30.1_rollup@4.42.0_tsx@4.19.4_typescript@5.8.3/node_modules/astro/dist/core/viteUtils.js", "node_modules/.pnpm/import-meta-resolve@4.1.0/node_modules/import-meta-resolve/lib/package-json-reader.js", "node_modules/.pnpm/import-meta-resolve@4.1.0/node_modules/import-meta-resolve/lib/resolve.js", "node_modules/.pnpm/@astrojs+markdown-remark@6.3.3/node_modules/@astrojs/markdown-remark/dist/import-plugin-default.js", "node_modules/.pnpm/astro@5.12.0_@types+node@22.15.30_jiti@2.4.2_lightningcss@1.30.1_rollup@4.42.0_tsx@4.19.4_typescript@5.8.3/node_modules/astro/dist/content/utils.js" and "src/content.config.ts".
14:20:46 [WARN] [vite] [esbuild css minify]
▲ [WARNING] Expected ":" [css-syntax-error]

    <stdin>:24:9:
      24 │   border-
         │          ^
         ╵          :


14:20:46 [vite] ✓ built in 3.65s
14:20:46 [build] ✓ Completed in 3.68s.

 building client (vite) 
14:20:46 [vite] transforming...
14:20:46 [vite] ✓ 126 modules transformed.
14:20:46 [vite] rendering chunks...
14:20:46 [vite] computing gzip size...
14:20:46 [vite] dist/client/_astro/TeamBios_svelte_svelte_type_style_lang.D26BsGd4.css                0.67 kB │ gzip:  0.36 kB
14:20:46 [vite] dist/client/_astro/photoswipe.cPPnkASS.css                                            4.62 kB │ gzip:  1.47 kB
14:20:46 [vite] dist/client/_astro/_...slug_.astro_astro_type_script_index_5_lang.BWa7y9fP.js         0.07 kB │ gzip:  0.08 kB
14:20:46 [vite] dist/client/_astro/_...slug_.astro_astro_type_script_index_1_lang.LqRGhipi.js         0.08 kB │ gzip:  0.09 kB
14:20:46 [vite] dist/client/_astro/_...slug_.astro_astro_type_script_index_2_lang.DTVM90_7.js         0.08 kB │ gzip:  0.09 kB
14:20:46 [vite] dist/client/_astro/_...slug_.astro_astro_type_script_index_4_lang.DTBHwON8.js         0.09 kB │ gzip:  0.09 kB
14:20:46 [vite] dist/client/_astro/TagRow.astro_astro_type_script_index_0_lang.fT0QgGzM.js            0.09 kB │ gzip:  0.09 kB
14:20:46 [vite] dist/client/_astro/TagColumn.astro_astro_type_script_index_0_lang.fT0QgGzM.js         0.09 kB │ gzip:  0.09 kB
14:20:46 [vite] dist/client/_astro/_...slug_.astro_astro_type_script_index_3_lang.DWZo48_q.js         0.09 kB │ gzip:  0.10 kB
14:20:46 [vite] dist/client/_astro/client.svelte.C-fIibw0.js                                          1.19 kB │ gzip:  0.67 kB
14:20:46 [vite] dist/client/_astro/ImageGallery.astro_astro_type_script_index_0_lang.DUNVeVI8.js      1.67 kB │ gzip:  0.93 kB
14:20:46 [vite] dist/client/_astro/TableOfContents.astro_astro_type_script_index_0_lang.BKtvtAEP.js   5.84 kB │ gzip:  1.89 kB
14:20:46 [vite] dist/client/_astro/TeamBios.Cz_sXmQE.js                                              12.57 kB │ gzip:  5.51 kB
14:20:46 [vite] dist/client/_astro/photoswipe-lightbox.esm.4VpeJUsy.js                               14.98 kB │ gzip:  4.61 kB
14:20:46 [vite] dist/client/_astro/index-client.C9iGLpPn.js                                          22.14 kB │ gzip:  8.82 kB
14:20:46 [vite] dist/client/_astro/photoswipe.esm.CKV1Bsxh.js                                        60.41 kB │ gzip: 17.43 kB
14:20:46 [vite] ✓ built in 247ms

 prerendering static routes 
14:20:46 ▶ src/pages/404.astro
14:20:46   └─ /404.html (+8ms) 
Using content directory: /home/mps/code/lossless-monorepo/site/src/generated-content
Environment Configuration: {
  NODE_ENV: 'development',
  APP_ENV: 'development',
  DEPLOY_ENV: 'LocalSiteOnly',
  isProduction: false,
  isDevelopment: true,
  contentBasePath: '/home/mps/code/lossless-monorepo/site/src/generated-content',
  DEBUG_AST: false,
  DEBUG_ARTICLE: false,
  DEBUG_CITATIONS: false,
  DEBUG_BACKLINKS: false,
  DEBUG_TOOLING: false,
  DEBUG_TOC: false,
  resolvedContentPath: '/home/mps/code/lossless-monorepo/site/src/generated-content',
  envFile: '/home/mps/code/lossless-monorepo/site/.env',
  cwd: '/home/mps/code/lossless-monorepo/site'
}
14:20:46 ▶ src/pages/ai-toolkit.astro
14:20:46   └─ /ai-toolkit/index.htmlCurrent tag: AI-Toolkit
Tool entries: 1219
 (+265ms) 
14:20:46 λ src/pages/api/moveTrademark.ts
14:20:46   └─ /api/moveTrademark14:20:46 [WARN] [router] No API Route handler exists for the method "GET" for the route "/api/moveTrademark".
Found handlers: "POST"

 (+1ms) (file not created, response body was empty)
14:20:46 λ src/pages/api/route-mappings.ts
14:20:46   └─ /api/route-mappings (+1ms) 
14:20:46 λ src/pages/api/save-yaml.ts
14:20:46   └─ /api/save-yaml14:20:46 [WARN] [router] No API Route handler exists for the method "GET" for the route "/api/save-yaml".
Found handlers: "POST"

 (+0ms) (file not created, response body was empty)
14:20:46 λ src/pages/api/tools.ts
14:20:46   └─ /api/tools14:20:46 [WARN] [router] No API Route handler exists for the method "GET" for the route "/api/tools".
Found handlers: "get"

 (+0ms) (file not created, response body was empty)
14:20:46 ▶ src/pages/client/[client]/essays/[...slug].astro
14:20:46   ├─ /client/laerdal/essays/ai-for-creative-professions/index.htmlContent base path from envUtils: /home/mps/code/lossless-monorepo/site/src/generated-content
contentBasePath from envUtils: /home/mps/code/lossless-monorepo/site/src/generated-content
process.cwd(): /home/mps/code/lossless-monorepo/site
client: laerdal
Trying to load reference terms from: /home/mps/code/lossless-monorepo/site/src/generated-content/client-content/laerdal/reference-terms.json
Error reading exact path: Error: ENOENT: no such file or directory, access '/home/mps/code/lossless-monorepo/site/src/generated-content/client-content/laerdal/reference-terms.json'
    at async Object.access (node:internal/fs/promises:607:10)
    at async file:///home/mps/code/lossless-monorepo/site/dist/server/chunks/ClientPortalLayout_CBwPS4Hs.mjs:30:7 {
  errno: -2,
  code: 'ENOENT',
  syscall: 'access',
  path: '/home/mps/code/lossless-monorepo/site/src/generated-content/client-content/laerdal/reference-terms.json'
}
First attempt failed, trying with proper case...
Trying to load reference terms from: /home/mps/code/lossless-monorepo/site/src/generated-content/client-content/Laerdal/reference-terms.json
File exists, attempting to read...
Successfully loaded reference terms from proper case path
Loaded 3 cards from messages/clientPortalCards.json
IconHeaderMessageCard props: {
  title: 'Reader',
  description: 'Browse and read curated content and essays',
  badge: 'Content',
  verified: true,
  to_path: '/client/laerdal/read',
  'data-astro-cid-f2vtatkt': true
}
IconHeaderMessageCard props: {
  title: 'Recommendations',
  description: 'Strategic recommendations and insights',
  badge: 'ASAP',
  verified: true,
  to_path: '/client/laerdal/thread/recommendations',
  'data-astro-cid-f2vtatkt': true
}
IconHeaderMessageCard props: {
  title: 'Projects',
  description: 'Active projects and case studies',
  badge: 'Projects',
  verified: true,
  to_path: '/client/laerdal/thread/projects',
  'data-astro-cid-f2vtatkt': true
}
 (+17ms) 
14:20:46   ├─ /client/laerdal/essays/are-code-generators-really-the-death-of-saas/index.htmlContent base path from envUtils: /home/mps/code/lossless-monorepo/site/src/generated-content
contentBasePath from envUtils: /home/mps/code/lossless-monorepo/site/src/generated-content
process.cwd(): /home/mps/code/lossless-monorepo/site
client: laerdal
Trying to load reference terms from: /home/mps/code/lossless-monorepo/site/src/generated-content/client-content/laerdal/reference-terms.json
Error reading exact path: Error: ENOENT: no such file or directory, access '/home/mps/code/lossless-monorepo/site/src/generated-content/client-content/laerdal/reference-terms.json'
    at async Object.access (node:internal/fs/promises:607:10)
    at async file:///home/mps/code/lossless-monorepo/site/dist/server/chunks/ClientPortalLayout_CBwPS4Hs.mjs:30:7 {
  errno: -2,
  code: 'ENOENT',
  syscall: 'access',
  path: '/home/mps/code/lossless-monorepo/site/src/generated-content/client-content/laerdal/reference-terms.json'
}
First attempt failed, trying with proper case...
Trying to load reference terms from: /home/mps/code/lossless-monorepo/site/src/generated-content/client-content/Laerdal/reference-terms.json
File exists, attempting to read...
Successfully loaded reference terms from proper case path
Loaded 3 cards from messages/clientPortalCards.json
IconHeaderMessageCard props: {
  title: 'Reader',
  description: 'Browse and read curated content and essays',
  badge: 'Content',
  verified: true,
  to_path: '/client/laerdal/read',
  'data-astro-cid-f2vtatkt': true
}
IconHeaderMessageCard props: {
  title: 'Recommendations',
  description: 'Strategic recommendations and insights',
  badge: 'ASAP',
  verified: true,
  to_path: '/client/laerdal/thread/recommendations',
  'data-astro-cid-f2vtatkt': true
}
IconHeaderMessageCard props: {
  title: 'Projects',
  description: 'Active projects and case studies',
  badge: 'Projects',
  verified: true,
  to_path: '/client/laerdal/thread/projects',
  'data-astro-cid-f2vtatkt': true
}
 (+14ms) 
14:20:46   ├─ /client/laerdal/essays/a-new-standard-for-chaining-ai-operations-called-model-context-protocol/index.htmlContent base path from envUtils: /home/mps/code/lossless-monorepo/site/src/generated-content
contentBasePath from envUtils: /home/mps/code/lossless-monorepo/site/src/generated-content
process.cwd(): /home/mps/code/lossless-monorepo/site
client: laerdal
Trying to load reference terms from: /home/mps/code/lossless-monorepo/site/src/generated-content/client-content/laerdal/reference-terms.json
Error reading exact path: Error: ENOENT: no such file or directory, access '/home/mps/code/lossless-monorepo/site/src/generated-content/client-content/laerdal/reference-terms.json'
    at async Object.access (node:internal/fs/promises:607:10)
    at async file:///home/mps/code/lossless-monorepo/site/dist/server/chunks/ClientPortalLayout_CBwPS4Hs.mjs:30:7 {
  errno: -2,
  code: 'ENOENT',
  syscall: 'access',
  path: '/home/mps/code/lossless-monorepo/site/src/generated-content/client-content/laerdal/reference-terms.json'
}
First attempt failed, trying with proper case...
Trying to load reference terms from: /home/mps/code/lossless-monorepo/site/src/generated-content/client-content/Laerdal/reference-terms.json
File exists, attempting to read...
Successfully loaded reference terms from proper case path
Loaded 3 cards from messages/clientPortalCards.json
IconHeaderMessageCard props: {
  title: 'Reader',
  description: 'Browse and read curated content and essays',
  badge: 'Content',
  verified: true,
  to_path: '/client/laerdal/read',
  'data-astro-cid-f2vtatkt': true
}
IconHeaderMessageCard props: {
  title: 'Recommendations',
  description: 'Strategic recommendations and insights',
  badge: 'ASAP',
  verified: true,
  to_path: '/client/laerdal/thread/recommendations',
  'data-astro-cid-f2vtatkt': true
}
IconHeaderMessageCard props: {
  title: 'Projects',
  description: 'Active projects and case studies',
  badge: 'Projects',
  verified: true,
  to_path: '/client/laerdal/thread/projects',
  'data-astro-cid-f2vtatkt': true
}
 (+12ms) 
14:20:46   ├─ /client/laerdal/essays/ai-is-first-a-trojan-horse/index.htmlContent base path from envUtils: /home/mps/code/lossless-monorepo/site/src/generated-content
contentBasePath from envUtils: /home/mps/code/lossless-monorepo/site/src/generated-content
process.cwd(): /home/mps/code/lossless-monorepo/site
client: laerdal
Trying to load reference terms from: /home/mps/code/lossless-monorepo/site/src/generated-content/client-content/laerdal/reference-terms.json
Error reading exact path: Error: ENOENT: no such file or directory, access '/home/mps/code/lossless-monorepo/site/src/generated-content/client-content/laerdal/reference-terms.json'
    at async Object.access (node:internal/fs/promises:607:10)
    at async file:///home/mps/code/lossless-monorepo/site/dist/server/chunks/ClientPortalLayout_CBwPS4Hs.mjs:30:7 {
  errno: -2,
  code: 'ENOENT',
  syscall: 'access',
  path: '/home/mps/code/lossless-monorepo/site/src/generated-content/client-content/laerdal/reference-terms.json'
}
First attempt failed, trying with proper case...
Trying to load reference terms from: /home/mps/code/lossless-monorepo/site/src/generated-content/client-content/Laerdal/reference-terms.json
File exists, attempting to read...
Successfully loaded reference terms from proper case path
Loaded 3 cards from messages/clientPortalCards.json
IconHeaderMessageCard props: {
  title: 'Reader',
  description: 'Browse and read curated content and essays',
  badge: 'Content',
  verified: true,
  to_path: '/client/laerdal/read',
  'data-astro-cid-f2vtatkt': true
}
IconHeaderMessageCard props: {
  title: 'Recommendations',
  description: 'Strategic recommendations and insights',
  badge: 'ASAP',
  verified: true,
  to_path: '/client/laerdal/thread/recommendations',
  'data-astro-cid-f2vtatkt': true
}
IconHeaderMessageCard props: {
  title: 'Projects',
  description: 'Active projects and case studies',
  badge: 'Projects',
  verified: true,
  to_path: '/client/laerdal/thread/projects',
  'data-astro-cid-f2vtatkt': true
}
 (+12ms) 
14:20:47   └─ /client/laerdal/essays/a-theory-of-lossless-innovation/index.htmlContent base path from envUtils: /home/mps/code/lossless-monorepo/site/src/generated-content
contentBasePath from envUtils: /home/mps/code/lossless-monorepo/site/src/generated-content
process.cwd(): /home/mps/code/lossless-monorepo/site
client: laerdal
Trying to load reference terms from: /home/mps/code/lossless-monorepo/site/src/generated-content/client-content/laerdal/reference-terms.json
Error reading exact path: Error: ENOENT: no such file or directory, access '/home/mps/code/lossless-monorepo/site/src/generated-content/client-content/laerdal/reference-terms.json'
    at async Object.access (node:internal/fs/promises:607:10)
    at async file:///home/mps/code/lossless-monorepo/site/dist/server/chunks/ClientPortalLayout_CBwPS4Hs.mjs:30:7 {
  errno: -2,
  code: 'ENOENT',
  syscall: 'access',
  path: '/home/mps/code/lossless-monorepo/site/src/generated-content/client-content/laerdal/reference-terms.json'
}
First attempt failed, trying with proper case...
Trying to load reference terms from: /home/mps/code/lossless-monorepo/site/src/generated-content/client-content/Laerdal/reference-terms.json
File exists, attempting to read...
Successfully loaded reference terms from proper case path
Loaded 3 cards from messages/clientPortalCards.json
IconHeaderMessageCard props: {
  title: 'Reader',
  description: 'Browse and read curated content and essays',
  badge: 'Content',
  verified: true,
  to_path: '/client/laerdal/read',
  'data-astro-cid-f2vtatkt': true
}
IconHeaderMessageCard props: {
  title: 'Recommendations',
  description: 'Strategic recommendations and insights',
  badge: 'ASAP',
  verified: true,
  to_path: '/client/laerdal/thread/recommendations',
  'data-astro-cid-f2vtatkt': true
}
IconHeaderMessageCard props: {
  title: 'Projects',
  description: 'Active projects and case studies',
  badge: 'Projects',
  verified: true,
  to_path: '/client/laerdal/thread/projects',
  'data-astro-cid-f2vtatkt': true
}
 (+12ms) 
14:20:47 ▶ src/pages/client/[client]/projects/[...slug].astro
14:20:47 [WARN] [router] getStaticPaths() returned an invalid path param: "slug". `undefined` expected for an optional param, but got empty string.
14:20:47 [WARN] [router] getStaticPaths() returned an invalid path param: "slug". `undefined` expected for an optional param, but got empty string.
14:20:47 [WARN] [router] getStaticPaths() returned an invalid path param: "slug". `undefined` expected for an optional param, but got empty string.
14:20:47 [WARN] [router] getStaticPaths() returned an invalid path param: "slug". `undefined` expected for an optional param, but got empty string.
14:20:47 [WARN] [router] getStaticPaths() returned an invalid path param: "slug". `undefined` expected for an optional param, but got empty string.
14:20:47 [WARN] [router] getStaticPaths() returned an invalid path param: "slug". `undefined` expected for an optional param, but got empty string.
14:20:47 [WARN] [router] getStaticPaths() returned an invalid path param: "slug". `undefined` expected for an optional param, but got empty string.
14:20:47 [WARN] [router] getStaticPaths() returned an invalid path param: "slug". `undefined` expected for an optional param, but got empty string.
14:20:47 [WARN] [router] getStaticPaths() returned an invalid path param: "slug". `undefined` expected for an optional param, but got empty string.
14:20:47 [WARN] [router] getStaticPaths() returned an invalid path param: "slug". `undefined` expected for an optional param, but got empty string.
14:20:47 [WARN] [router] getStaticPaths() returned an invalid path param: "slug". `undefined` expected for an optional param, but got empty string.
14:20:47 [WARN] [router] getStaticPaths() returned an invalid path param: "slug". `undefined` expected for an optional param, but got empty string.
14:20:47 [WARN] [router] getStaticPaths() returned an invalid path param: "slug". `undefined` expected for an optional param, but got empty string.
14:20:47 [WARN] [router] getStaticPaths() returned an invalid path param: "slug". `undefined` expected for an optional param, but got empty string.
14:20:47 [WARN] [router] getStaticPaths() returned an invalid path param: "slug". `undefined` expected for an optional param, but got empty string.
14:20:47 [WARN] [router] getStaticPaths() returned an invalid path param: "slug". `undefined` expected for an optional param, but got empty string.
14:20:47 [WARN] [router] getStaticPaths() returned an invalid path param: "slug". `undefined` expected for an optional param, but got empty string.
14:20:47 [WARN] [router] getStaticPaths() returned an invalid path param: "slug". `undefined` expected for an optional param, but got empty string.
14:20:47 [WARN] [router] getStaticPaths() returned an invalid path param: "slug". `undefined` expected for an optional param, but got empty string.
14:20:47 [WARN] [router] getStaticPaths() returned an invalid path param: "slug". `undefined` expected for an optional param, but got empty string.
14:20:47 [WARN] [router] getStaticPaths() returned an invalid path param: "slug". `undefined` expected for an optional param, but got empty string.
14:20:47 [WARN] [router] getStaticPaths() returned an invalid path param: "slug". `undefined` expected for an optional param, but got empty string.
14:20:47 [WARN] [router] getStaticPaths() returned an invalid path param: "slug". `undefined` expected for an optional param, but got empty string.
14:20:47 [WARN] [router] getStaticPaths() returned an invalid path param: "slug". `undefined` expected for an optional param, but got empty string.
14:20:47 [WARN] [router] getStaticPaths() returned an invalid path param: "slug". `undefined` expected for an optional param, but got empty string.
14:20:47 [WARN] [router] getStaticPaths() returned an invalid path param: "slug". `undefined` expected for an optional param, but got empty string.
14:20:47 [WARN] [router] getStaticPaths() returned an invalid path param: "slug". `undefined` expected for an optional param, but got empty string.
14:20:47 [WARN] [router] getStaticPaths() returned an invalid path param: "slug". `undefined` expected for an optional param, but got empty string.
14:20:47 [WARN] [router] getStaticPaths() returned an invalid path param: "slug". `undefined` expected for an optional param, but got empty string.
14:20:47 [WARN] [router] getStaticPaths() returned an invalid path param: "slug". `undefined` expected for an optional param, but got empty string.
14:20:47   ├─ /client/laerdal/projects/laugment/data-augmenter-specification/shared-services/apiconnectorservice/index.html (+5ms) 
14:20:47   ├─ /client/laerdal/projects/laugment/data-augmenter-specification/shared-services/apidocumentationgeneratorservice/index.html (+2ms) 
14:20:47   ├─ /client/laerdal/projects/laugment/data-augmenter-specification/bolt-codebase-analysis/index.html (+243ms) 
14:20:47   ├─ /client/laerdal/projects/laugment/data-augmenter-specification/shared-ui-elements/sharedheader/brandcontainer/index.html (+2ms) 
14:20:47   ├─ /client/laerdal/projects/laugment/data-augmenter-specification/shared-ui-elements/contextwrapper/index.html (+1ms) 
14:20:47   ├─ /client/laerdal/projects/laugment/data-augmenter-specification/shared-ui-elements/crawlfetcher/index.html (+1ms) 
14:20:47   ├─ /client/laerdal/projects/laugment/data-augmenter-specification/data-augmentation-microfrontends/index.html (+2ms) 
14:20:47   ├─ /client/laerdal/projects/laugment/data-augmenter-specification/shared-ui-elements/sharedheader/individualsettings/index.html (+1ms) 
14:20:47   ├─ /client/laerdal/projects/laugment/data-augmenter-specification/micro-federation-blueprint/index.html (+66ms) 
14:20:47   ├─ /client/laerdal/projects/laugment/data-augmenter-specification/micro-federation-explainer/index.html (+12ms) 
14:20:47   ├─ /client/laerdal/projects/laugment/data-augmenter-specification/shared-services/orgsettingsservice/index.html (+2ms) 
14:20:47   ├─ /client/laerdal/projects/laugment/data-augmenter-specification/shared-services/orgsupportedmodelsservice/index.html (+1ms) 
14:20:47   ├─ /client/laerdal/projects/laugment/data-augmenter-specification/shared-services/privilagegatesservice/index.html (+1ms) 
14:20:47   ├─ /client/laerdal/projects/laugment/data-augmenter-specification/recordcollector-tanuj/index.html (+13ms) 
14:20:47   ├─ /client/laerdal/projects/laugment/data-augmenter-specification/shared-services/sharederrorhandler/index.html (+5ms) 
14:20:47   ├─ /client/laerdal/projects/laugment/data-augmenter-specification/shared-services/sharedmodelfetcher/index.html (+2ms) 
14:20:47   ├─ /client/laerdal/projects/laugment/data-augmenter-specification/shared-services/sharedtooltipshandler/index.html (+1ms) 
14:20:47   ├─ /client/laerdal/projects/laugment/data-augmenter-specification/shared-services/teamsupportedmodelsservice/index.html (+1ms) 
14:20:47   ├─ /client/laerdal/projects/organizational-data-flows/03-design-work/index.html (+164ms) 
14:20:47   ├─ /client/app-window/projects/index.html (+2ms) 
14:20:47   ├─ /client/data-wrangling-for-tonguc/projects/index.html (+2ms) 
14:20:47   ├─ /client/deck-sections-for-tonguc/projects/index.html (+1ms) 
14:20:47   ├─ /client/full-prompt-for-monorepo-setup/projects/index.html (+8ms) 
14:20:47   ├─ /client/highlight-collector/projects/index.html (+35ms) 
14:20:47   ├─ /client/insight-manager/projects/index.html (+19ms) 
14:20:47   ├─ /client/laugment-monorepo-vision/projects/index.html (+8ms) 
14:20:47   ├─ /client/list-column--prompts/projects/index.html (+2ms) 
14:20:47   ├─ /client/list-column--records/projects/index.html (+1ms) 
14:20:47   ├─ /client/list-item--prompt/projects/index.html (+1ms) 
14:20:47   ├─ /client/list-row-item--record/projects/index.html (+1ms) 
14:20:47   ├─ /client/main-container-ui/projects/index.html (+24ms) 
14:20:47   ├─ /client/progress-navigator/projects/index.html (+2ms) 
14:20:47   ├─ /client/prompt-manager/projects/index.html (+12ms) 
14:20:47   ├─ /client/prompt-reviewer/projects/index.html (+30ms) 
14:20:47   ├─ /client/prompt-section-analysis/projects/index.html (+24ms) 
14:20:47   ├─ /client/prompt-template-manager/projects/index.html (+28ms) 
14:20:47   ├─ /client/record-collector/projects/index.html (+76ms) 
14:20:47   ├─ /client/response-reviewer/projects/index.html (+37ms) 
14:20:47   ├─ /client/saved-workflows/projects/index.html (+1ms) 
14:20:47   ├─ /client/shared-filter-container/projects/index.html (+1ms) 
14:20:47   ├─ /client/shared-filter-dropdown/projects/index.html (+1ms) 
14:20:47   ├─ /client/shared-header/projects/index.html (+1ms) 
14:20:47   ├─ /client/shared-list-column/projects/index.html (+1ms) 
14:20:47   ├─ /client/shared-list-row/projects/index.html (+1ms) 
14:20:47   ├─ /client/shared_modal-wrapper/projects/index.html (+2ms) 
14:20:47   ├─ /client/shared-prompt-service/projects/index.html (+2ms) 
14:20:47   ├─ /client/supported-models-widget/projects/index.html (+1ms) 
14:20:47   ├─ /client/team-workspace/projects/index.html (+1ms) 
14:20:47   └─ /client/user-authorization-service/projects/index.html (+1ms) 
14:20:47 ▶ src/pages/client/[client]/read/[...slug].astro
14:20:47   ├─ /client/laerdal/read/index.html[grid_utils] Processing local image: /home/mps/code/lossless-monorepo/site/public/visuals/repVector__Prompt.svg
[grid_utils] Processing local image: /home/mps/code/lossless-monorepo/site/public/visuals/repVector__Reminder.svg
[grid_utils] Processing local image: /home/mps/code/lossless-monorepo/site/public/visuals/repVector__Specification.svg
 (+11ms) 
14:20:47   ├─ /client/laerdal/read/essays/ai-for-creative-professions/index.html (+25ms) 
14:20:47   ├─ /client/laerdal/read/essays/are-code-generators-really-the-death-of-saas/index.html (+6ms) 
14:20:47   ├─ /client/laerdal/read/essays/a-new-standard-for-chaining-ai-operations-called-model-context-protocol/index.html[grid_utils] Processing local image: /home/mps/code/lossless-monorepo/site/public/visuals/repVector__Prompt.svg
[grid_utils] Processing local image: /home/mps/code/lossless-monorepo/site/public/visuals/repVector__Reminder.svg
[grid_utils] Processing local image: /home/mps/code/lossless-monorepo/site/public/visuals/repVector__Specification.svg
 (+4ms) 
14:20:47   ├─ /client/laerdal/read/essays/ai-is-first-a-trojan-horse/index.html (+17ms) 
14:20:47   └─ /client/laerdal/read/essays/a-theory-of-lossless-innovation/index.html (+50ms) 
14:20:48 ▶ src/pages/client/[client]/recommendations/[...slug].astro
14:20:48   ├─ /client/laerdal/recommendations/on-ai-use/index.html (+8ms) 
14:20:48   ├─ /client/laerdal/recommendations/on-better-data/index.html (+2ms) 
14:20:48   ├─ /client/laerdal/recommendations/on-cloud-infrastructure/index.html (+51ms) 
14:20:48   ├─ /client/laerdal/recommendations/healthtech-ai-examples/index.html (+2ms) 
14:20:48   ├─ /client/laerdal/recommendations/for-engineering/index.html (+741ms) 
14:20:48   ├─ /client/laerdal/recommendations/for-executive-management/index.html (+472ms) 
14:20:49   ├─ /client/laerdal/recommendations/sms-as-design-research/index.html (+8ms) 
14:20:49   └─ /client/recommendations-for-param/recommendations/recommendations-for-param/index.html (+2ms) 
14:20:49 ▶ src/pages/client/[client]/thread/[magazine].astro
14:20:49   ├─ /client/laerdal/thread/recommendations/index.html (+5ms) 
14:20:49   ├─ /client/recommendations-for-param/thread/recommendations/index.html (+1ms) 
14:20:49   ├─ /client/data-wrangling-for-tonguc/thread/recommendations/index.html (+1ms) 
14:20:49   ├─ /client/full-prompt-for-monorepo-setup/thread/recommendations/index.html (+1ms) 
14:20:49   ├─ /client/laugment-monorepo-vision/thread/recommendations/index.html (+1ms) 
14:20:49   ├─ /client/deck-sections-for-tonguc/thread/recommendations/index.html (+1ms) 
14:20:49   ├─ /client/insight-manager/thread/recommendations/index.html (+1ms) 
14:20:49   ├─ /client/highlight-collector/thread/recommendations/index.html (+1ms) 
14:20:49   ├─ /client/prompt-section-analysis/thread/recommendations/index.html (+1ms) 
14:20:49   ├─ /client/prompt-template-manager/thread/recommendations/index.html (+1ms) 
14:20:49   ├─ /client/prompt-manager/thread/recommendations/index.html (+1ms) 
14:20:49   ├─ /client/response-reviewer/thread/recommendations/index.html (+1ms) 
14:20:49   ├─ /client/prompt-reviewer/thread/recommendations/index.html (+1ms) 
14:20:49   ├─ /client/record-collector/thread/recommendations/index.html (+1ms) 
14:20:49   ├─ /client/list-column--prompts/thread/recommendations/index.html (+1ms) 
14:20:49   ├─ /client/team-workspace/thread/recommendations/index.html (+1ms) 
14:20:49   ├─ /client/list-item--prompt/thread/recommendations/index.html (+1ms) 
14:20:49   ├─ /client/list-column--records/thread/recommendations/index.html (+1ms) 
14:20:49   ├─ /client/list-row-item--record/thread/recommendations/index.html (+1ms) 
14:20:49   ├─ /client/main-container-ui/thread/recommendations/index.html (+1ms) 
14:20:49   ├─ /client/app-window/thread/recommendations/index.html (+1ms) 
14:20:49   ├─ /client/shared-filter-container/thread/recommendations/index.html (+1ms) 
14:20:49   ├─ /client/shared-filter-dropdown/thread/recommendations/index.html (+1ms) 
14:20:49   ├─ /client/shared-header/thread/recommendations/index.html (+1ms) 
14:20:49   ├─ /client/shared-list-column/thread/recommendations/index.html (+1ms) 
14:20:49   ├─ /client/shared-list-row/thread/recommendations/index.html (+1ms) 
14:20:49   ├─ /client/shared_modal-wrapper/thread/recommendations/index.html (+1ms) 
14:20:49   ├─ /client/supported-models-widget/thread/recommendations/index.html (+1ms) 
14:20:49   ├─ /client/shared-prompt-service/thread/recommendations/index.html (+1ms) 
14:20:49   ├─ /client/user-authorization-service/thread/recommendations/index.html (+1ms) 
14:20:49   ├─ /client/progress-navigator/thread/recommendations/index.html (+1ms) 
14:20:49   ├─ /client/saved-workflows/thread/recommendations/index.html (+1ms) 
14:20:49   ├─ /client/laerdal/thread/projects/index.html (+3ms) 
14:20:49   ├─ /client/recommendations-for-param/thread/projects/index.html (+1ms) 
14:20:49   ├─ /client/data-wrangling-for-tonguc/thread/projects/index.html (+1ms) 
14:20:49   ├─ /client/full-prompt-for-monorepo-setup/thread/projects/index.html (+1ms) 
14:20:49   ├─ /client/laugment-monorepo-vision/thread/projects/index.html (+1ms) 
14:20:49   ├─ /client/deck-sections-for-tonguc/thread/projects/index.html (+1ms) 
14:20:49   ├─ /client/insight-manager/thread/projects/index.html (+1ms) 
14:20:49   ├─ /client/highlight-collector/thread/projects/index.html (+1ms) 
14:20:49   ├─ /client/prompt-section-analysis/thread/projects/index.html (+1ms) 
14:20:49   ├─ /client/prompt-template-manager/thread/projects/index.html (+1ms) 
14:20:49   ├─ /client/prompt-manager/thread/projects/index.html (+1ms) 
14:20:49   ├─ /client/response-reviewer/thread/projects/index.html (+1ms) 
14:20:49   ├─ /client/prompt-reviewer/thread/projects/index.html (+1ms) 
14:20:49   ├─ /client/record-collector/thread/projects/index.html (+1ms) 
14:20:49   ├─ /client/list-column--prompts/thread/projects/index.html (+1ms) 
14:20:49   ├─ /client/team-workspace/thread/projects/index.html (+1ms) 
14:20:49   ├─ /client/list-item--prompt/thread/projects/index.html (+1ms) 
14:20:49   ├─ /client/list-column--records/thread/projects/index.html (+1ms) 
14:20:49   ├─ /client/list-row-item--record/thread/projects/index.html (+1ms) 
14:20:49   ├─ /client/main-container-ui/thread/projects/index.html (+1ms) 
14:20:49   ├─ /client/app-window/thread/projects/index.html (+1ms) 
14:20:49   ├─ /client/shared-filter-container/thread/projects/index.html (+1ms) 
14:20:49   ├─ /client/shared-filter-dropdown/thread/projects/index.html (+1ms) 
14:20:49   ├─ /client/shared-header/thread/projects/index.html (+3ms) 
14:20:49   ├─ /client/shared-list-column/thread/projects/index.html (+1ms) 
14:20:49   ├─ /client/shared-list-row/thread/projects/index.html (+1ms) 
14:20:49   ├─ /client/shared_modal-wrapper/thread/projects/index.html (+1ms) 
14:20:49   ├─ /client/supported-models-widget/thread/projects/index.html (+1ms) 
14:20:49   ├─ /client/shared-prompt-service/thread/projects/index.html (+1ms) 
14:20:49   ├─ /client/user-authorization-service/thread/projects/index.html (+1ms) 
14:20:49   ├─ /client/progress-navigator/thread/projects/index.html (+1ms) 
14:20:49   └─ /client/saved-workflows/thread/projects/index.html (+1ms) 
14:20:49 ▶ src/pages/client/[client].astro
14:20:49   ├─ /client/Colearn/index.htmlContent base path from envUtils: /home/mps/code/lossless-monorepo/site/src/generated-content
No Open Graph data found for client: Colearn
No tool-gallery.yaml for Colearn
contentBasePath from envUtils: /home/mps/code/lossless-monorepo/site/src/generated-content
process.cwd(): /home/mps/code/lossless-monorepo/site
client: Colearn
Trying to load reference terms from: /home/mps/code/lossless-monorepo/site/src/generated-content/client-content/Colearn/reference-terms.json
Error reading exact path: Error: ENOENT: no such file or directory, access '/home/mps/code/lossless-monorepo/site/src/generated-content/client-content/Colearn/reference-terms.json'
    at async Object.access (node:internal/fs/promises:607:10)
    at async file:///home/mps/code/lossless-monorepo/site/dist/server/chunks/ClientPortalLayout_CBwPS4Hs.mjs:30:7 {
  errno: -2,
  code: 'ENOENT',
  syscall: 'access',
  path: '/home/mps/code/lossless-monorepo/site/src/generated-content/client-content/Colearn/reference-terms.json'
}
First attempt failed, trying with proper case...
Trying to load reference terms from: /home/mps/code/lossless-monorepo/site/src/generated-content/client-content/Colearn/reference-terms.json
Error reading proper case path: Error: ENOENT: no such file or directory, access '/home/mps/code/lossless-monorepo/site/src/generated-content/client-content/Colearn/reference-terms.json'
    at async Object.access (node:internal/fs/promises:607:10)
    at async file:///home/mps/code/lossless-monorepo/site/dist/server/chunks/ClientPortalLayout_CBwPS4Hs.mjs:46:9 {
  errno: -2,
  code: 'ENOENT',
  syscall: 'access',
  path: '/home/mps/code/lossless-monorepo/site/src/generated-content/client-content/Colearn/reference-terms.json'
}
No reference terms found for client: Colearn (tried both exact and proper case)
Error details: Error: ENOENT: no such file or directory, access '/home/mps/code/lossless-monorepo/site/src/generated-content/client-content/Colearn/reference-terms.json'
    at async Object.access (node:internal/fs/promises:607:10)
    at async file:///home/mps/code/lossless-monorepo/site/dist/server/chunks/ClientPortalLayout_CBwPS4Hs.mjs:46:9 {
  errno: -2,
  code: 'ENOENT',
  syscall: 'access',
  path: '/home/mps/code/lossless-monorepo/site/src/generated-content/client-content/Colearn/reference-terms.json'
}
Loaded 3 cards from messages/clientPortalCards.json
IconHeaderMessageCard props: {
  title: 'Reader',
  description: 'Browse and read curated content and essays',
  badge: 'Content',
  verified: true,
  to_path: '/client/laerdal/read',
  'data-astro-cid-f2vtatkt': true
}
IconHeaderMessageCard props: {
  title: 'Recommendations',
  description: 'Strategic recommendations and insights',
  badge: 'ASAP',
  verified: true,
  to_path: '/client/laerdal/thread/recommendations',
  'data-astro-cid-f2vtatkt': true
}
IconHeaderMessageCard props: {
  title: 'Projects',
  description: 'Active projects and case studies',
  badge: 'Projects',
  verified: true,
  to_path: '/client/laerdal/thread/projects',
  'data-astro-cid-f2vtatkt': true
}
 (+4ms) 
14:20:49   ├─ /client/Flourish/index.htmlContent base path from envUtils: /home/mps/code/lossless-monorepo/site/src/generated-content
No Open Graph data found for client: Flourish
No tool-gallery.yaml for Flourish
contentBasePath from envUtils: /home/mps/code/lossless-monorepo/site/src/generated-content
process.cwd(): /home/mps/code/lossless-monorepo/site
client: Flourish
Trying to load reference terms from: /home/mps/code/lossless-monorepo/site/src/generated-content/client-content/Flourish/reference-terms.json
Error reading exact path: Error: ENOENT: no such file or directory, access '/home/mps/code/lossless-monorepo/site/src/generated-content/client-content/Flourish/reference-terms.json'
    at async Object.access (node:internal/fs/promises:607:10)
    at async file:///home/mps/code/lossless-monorepo/site/dist/server/chunks/ClientPortalLayout_CBwPS4Hs.mjs:30:7 {
  errno: -2,
  code: 'ENOENT',
  syscall: 'access',
  path: '/home/mps/code/lossless-monorepo/site/src/generated-content/client-content/Flourish/reference-terms.json'
}
First attempt failed, trying with proper case...
Trying to load reference terms from: /home/mps/code/lossless-monorepo/site/src/generated-content/client-content/Flourish/reference-terms.json
Error reading proper case path: Error: ENOENT: no such file or directory, access '/home/mps/code/lossless-monorepo/site/src/generated-content/client-content/Flourish/reference-terms.json'
    at async Object.access (node:internal/fs/promises:607:10)
    at async file:///home/mps/code/lossless-monorepo/site/dist/server/chunks/ClientPortalLayout_CBwPS4Hs.mjs:46:9 {
  errno: -2,
  code: 'ENOENT',
  syscall: 'access',
  path: '/home/mps/code/lossless-monorepo/site/src/generated-content/client-content/Flourish/reference-terms.json'
}
No reference terms found for client: Flourish (tried both exact and proper case)
Error details: Error: ENOENT: no such file or directory, access '/home/mps/code/lossless-monorepo/site/src/generated-content/client-content/Flourish/reference-terms.json'
    at async Object.access (node:internal/fs/promises:607:10)
    at async file:///home/mps/code/lossless-monorepo/site/dist/server/chunks/ClientPortalLayout_CBwPS4Hs.mjs:46:9 {
  errno: -2,
  code: 'ENOENT',
  syscall: 'access',
  path: '/home/mps/code/lossless-monorepo/site/src/generated-content/client-content/Flourish/reference-terms.json'
}
Loaded 3 cards from messages/clientPortalCards.json
IconHeaderMessageCard props: {
  title: 'Reader',
  description: 'Browse and read curated content and essays',
  badge: 'Content',
  verified: true,
  to_path: '/client/laerdal/read',
  'data-astro-cid-f2vtatkt': true
}
IconHeaderMessageCard props: {
  title: 'Recommendations',
  description: 'Strategic recommendations and insights',
  badge: 'ASAP',
  verified: true,
  to_path: '/client/laerdal/thread/recommendations',
  'data-astro-cid-f2vtatkt': true
}
IconHeaderMessageCard props: {
  title: 'Projects',
  description: 'Active projects and case studies',
  badge: 'Projects',
  verified: true,
  to_path: '/client/laerdal/thread/projects',
  'data-astro-cid-f2vtatkt': true
}
 (+4ms) 
14:20:49   ├─ /client/Hypernova/index.htmlContent base path from envUtils: /home/mps/code/lossless-monorepo/site/src/generated-content
No Open Graph data found for client: Hypernova
No tool-gallery.yaml for Hypernova
contentBasePath from envUtils: /home/mps/code/lossless-monorepo/site/src/generated-content
process.cwd(): /home/mps/code/lossless-monorepo/site
client: Hypernova
Trying to load reference terms from: /home/mps/code/lossless-monorepo/site/src/generated-content/client-content/Hypernova/reference-terms.json
Error reading exact path: Error: ENOENT: no such file or directory, access '/home/mps/code/lossless-monorepo/site/src/generated-content/client-content/Hypernova/reference-terms.json'
    at async Object.access (node:internal/fs/promises:607:10)
    at async file:///home/mps/code/lossless-monorepo/site/dist/server/chunks/ClientPortalLayout_CBwPS4Hs.mjs:30:7 {
  errno: -2,
  code: 'ENOENT',
  syscall: 'access',
  path: '/home/mps/code/lossless-monorepo/site/src/generated-content/client-content/Hypernova/reference-terms.json'
}
First attempt failed, trying with proper case...
Trying to load reference terms from: /home/mps/code/lossless-monorepo/site/src/generated-content/client-content/Hypernova/reference-terms.json
Error reading proper case path: Error: ENOENT: no such file or directory, access '/home/mps/code/lossless-monorepo/site/src/generated-content/client-content/Hypernova/reference-terms.json'
    at async Object.access (node:internal/fs/promises:607:10)
    at async file:///home/mps/code/lossless-monorepo/site/dist/server/chunks/ClientPortalLayout_CBwPS4Hs.mjs:46:9 {
  errno: -2,
  code: 'ENOENT',
  syscall: 'access',
  path: '/home/mps/code/lossless-monorepo/site/src/generated-content/client-content/Hypernova/reference-terms.json'
}
No reference terms found for client: Hypernova (tried both exact and proper case)
Error details: Error: ENOENT: no such file or directory, access '/home/mps/code/lossless-monorepo/site/src/generated-content/client-content/Hypernova/reference-terms.json'
    at async Object.access (node:internal/fs/promises:607:10)
    at async file:///home/mps/code/lossless-monorepo/site/dist/server/chunks/ClientPortalLayout_CBwPS4Hs.mjs:46:9 {
  errno: -2,
  code: 'ENOENT',
  syscall: 'access',
  path: '/home/mps/code/lossless-monorepo/site/src/generated-content/client-content/Hypernova/reference-terms.json'
}
Loaded 3 cards from messages/clientPortalCards.json
IconHeaderMessageCard props: {
  title: 'Reader',
  description: 'Browse and read curated content and essays',
  badge: 'Content',
  verified: true,
  to_path: '/client/laerdal/read',
  'data-astro-cid-f2vtatkt': true
}
IconHeaderMessageCard props: {
  title: 'Recommendations',
  description: 'Strategic recommendations and insights',
  badge: 'ASAP',
  verified: true,
  to_path: '/client/laerdal/thread/recommendations',
  'data-astro-cid-f2vtatkt': true
}
IconHeaderMessageCard props: {
  title: 'Projects',
  description: 'Active projects and case studies',
  badge: 'Projects',
  verified: true,
  to_path: '/client/laerdal/thread/projects',
  'data-astro-cid-f2vtatkt': true
}
 (+4ms) 
14:20:49   ├─ /client/Laerdal/index.htmlContent base path from envUtils: /home/mps/code/lossless-monorepo/site/src/generated-content
contentBasePath from envUtils: /home/mps/code/lossless-monorepo/site/src/generated-content
process.cwd(): /home/mps/code/lossless-monorepo/site
client: Laerdal
Trying to load reference terms from: /home/mps/code/lossless-monorepo/site/src/generated-content/client-content/Laerdal/reference-terms.json
File exists, attempting to read...
Successfully loaded reference terms from exact path
Loaded 3 cards from messages/clientPortalCards.json
IconHeaderMessageCard props: {
  title: 'Reader',
  description: 'Browse and read curated content and essays',
  badge: 'Content',
  verified: true,
  to_path: '/client/laerdal/read',
  'data-astro-cid-f2vtatkt': true
}
IconHeaderMessageCard props: {
  title: 'Recommendations',
  description: 'Strategic recommendations and insights',
  badge: 'ASAP',
  verified: true,
  to_path: '/client/laerdal/thread/recommendations',
  'data-astro-cid-f2vtatkt': true
}
IconHeaderMessageCard props: {
  title: 'Projects',
  description: 'Active projects and case studies',
  badge: 'Projects',
  verified: true,
  to_path: '/client/laerdal/thread/projects',
  'data-astro-cid-f2vtatkt': true
}
 (+13ms) 
14:20:49   ├─ /client/Obsidian-Plugin-Community/index.htmlContent base path from envUtils: /home/mps/code/lossless-monorepo/site/src/generated-content
No Open Graph data found for client: Obsidian-Plugin-Community
No tool-gallery.yaml for Obsidian-Plugin-Community
contentBasePath from envUtils: /home/mps/code/lossless-monorepo/site/src/generated-content
process.cwd(): /home/mps/code/lossless-monorepo/site
client: Obsidian-Plugin-Community
Trying to load reference terms from: /home/mps/code/lossless-monorepo/site/src/generated-content/client-content/Obsidian-Plugin-Community/reference-terms.json
Error reading exact path: Error: ENOENT: no such file or directory, access '/home/mps/code/lossless-monorepo/site/src/generated-content/client-content/Obsidian-Plugin-Community/reference-terms.json'
    at async Object.access (node:internal/fs/promises:607:10)
    at async file:///home/mps/code/lossless-monorepo/site/dist/server/chunks/ClientPortalLayout_CBwPS4Hs.mjs:30:7 {
  errno: -2,
  code: 'ENOENT',
  syscall: 'access',
  path: '/home/mps/code/lossless-monorepo/site/src/generated-content/client-content/Obsidian-Plugin-Community/reference-terms.json'
}
First attempt failed, trying with proper case...
Trying to load reference terms from: /home/mps/code/lossless-monorepo/site/src/generated-content/client-content/Obsidian Plugin Community/reference-terms.json
Error reading proper case path: Error: ENOENT: no such file or directory, access '/home/mps/code/lossless-monorepo/site/src/generated-content/client-content/Obsidian Plugin Community/reference-terms.json'
    at async Object.access (node:internal/fs/promises:607:10)
    at async file:///home/mps/code/lossless-monorepo/site/dist/server/chunks/ClientPortalLayout_CBwPS4Hs.mjs:46:9 {
  errno: -2,
  code: 'ENOENT',
  syscall: 'access',
  path: '/home/mps/code/lossless-monorepo/site/src/generated-content/client-content/Obsidian Plugin Community/reference-terms.json'
}
No reference terms found for client: Obsidian-Plugin-Community (tried both exact and proper case)
Error details: Error: ENOENT: no such file or directory, access '/home/mps/code/lossless-monorepo/site/src/generated-content/client-content/Obsidian Plugin Community/reference-terms.json'
    at async Object.access (node:internal/fs/promises:607:10)
    at async file:///home/mps/code/lossless-monorepo/site/dist/server/chunks/ClientPortalLayout_CBwPS4Hs.mjs:46:9 {
  errno: -2,
  code: 'ENOENT',
  syscall: 'access',
  path: '/home/mps/code/lossless-monorepo/site/src/generated-content/client-content/Obsidian Plugin Community/reference-terms.json'
}
Loaded 3 cards from messages/clientPortalCards.json
IconHeaderMessageCard props: {
  title: 'Reader',
  description: 'Browse and read curated content and essays',
  badge: 'Content',
  verified: true,
  to_path: '/client/laerdal/read',
  'data-astro-cid-f2vtatkt': true
}
IconHeaderMessageCard props: {
  title: 'Recommendations',
  description: 'Strategic recommendations and insights',
  badge: 'ASAP',
  verified: true,
  to_path: '/client/laerdal/thread/recommendations',
  'data-astro-cid-f2vtatkt': true
}
IconHeaderMessageCard props: {
  title: 'Projects',
  description: 'Active projects and case studies',
  badge: 'Projects',
  verified: true,
  to_path: '/client/laerdal/thread/projects',
  'data-astro-cid-f2vtatkt': true
}
 (+5ms) 
14:20:49   ├─ /client/Param/index.htmlContent base path from envUtils: /home/mps/code/lossless-monorepo/site/src/generated-content
contentBasePath from envUtils: /home/mps/code/lossless-monorepo/site/src/generated-content
process.cwd(): /home/mps/code/lossless-monorepo/site
client: Param
Trying to load reference terms from: /home/mps/code/lossless-monorepo/site/src/generated-content/client-content/Param/reference-terms.json
File exists, attempting to read...
Successfully loaded reference terms from exact path
Loaded 3 cards from messages/clientPortalCards.json
IconHeaderMessageCard props: {
  title: 'Reader',
  description: 'Browse and read curated content and essays',
  badge: 'Content',
  verified: true,
  to_path: '/client/laerdal/read',
  'data-astro-cid-f2vtatkt': true
}
IconHeaderMessageCard props: {
  title: 'Recommendations',
  description: 'Strategic recommendations and insights',
  badge: 'ASAP',
  verified: true,
  to_path: '/client/laerdal/thread/recommendations',
  'data-astro-cid-f2vtatkt': true
}
IconHeaderMessageCard props: {
  title: 'Projects',
  description: 'Active projects and case studies',
  badge: 'Projects',
  verified: true,
  to_path: '/client/laerdal/thread/projects',
  'data-astro-cid-f2vtatkt': true
}
 (+12ms) 
14:20:49   └─ /client/Tonguc/index.htmlContent base path from envUtils: /home/mps/code/lossless-monorepo/site/src/generated-content
contentBasePath from envUtils: /home/mps/code/lossless-monorepo/site/src/generated-content
process.cwd(): /home/mps/code/lossless-monorepo/site
client: Tonguc
Trying to load reference terms from: /home/mps/code/lossless-monorepo/site/src/generated-content/client-content/Tonguc/reference-terms.json
File exists, attempting to read...
Successfully loaded reference terms from exact path
Loaded 3 cards from messages/clientPortalCards.json
IconHeaderMessageCard props: {
  title: 'Reader',
  description: 'Browse and read curated content and essays',
  badge: 'Content',
  verified: true,
  to_path: '/client/laerdal/read',
  'data-astro-cid-f2vtatkt': true
}
IconHeaderMessageCard props: {
  title: 'Recommendations',
  description: 'Strategic recommendations and insights',
  badge: 'ASAP',
  verified: true,
  to_path: '/client/laerdal/thread/recommendations',
  'data-astro-cid-f2vtatkt': true
}
IconHeaderMessageCard props: {
  title: 'Projects',
  description: 'Active projects and case studies',
  badge: 'Projects',
  verified: true,
  to_path: '/client/laerdal/thread/projects',
  'data-astro-cid-f2vtatkt': true
}
 (+14ms) 
14:20:49 ▶ src/pages/examples/alternating-side-image.astro
14:20:49   └─ /examples/alternating-side-image/index.htmlSuccessfully loaded 3 features from messages/featureSideImage.json
 (+3ms) 
14:20:49 ▶ src/pages/examples/feature-side-image.astro
14:20:49   └─ /examples/feature-side-image/index.html (+1ms) 
14:20:49 ▶ src/pages/examples/subtle-hero.astro
14:20:49   └─ /examples/subtle-hero/index.html (+2ms) 
14:20:49 ▶ src/pages/learn-with/issue-resolution/index.astro
14:20:49   └─ /learn-with/issue-resolution/index.html (+5ms) 
14:20:49 ▶ src/pages/learn-with/up-and-running/index.astro
14:20:49   └─ /learn-with/up-and-running/index.html (+2ms) 
14:20:49 ▶ src/pages/learn-with/us.astro
14:20:49   └─ /learn-with/us/index.html (+3ms) 
14:20:49 ▶ src/pages/learn-with/zero-to/index.astro
14:20:49   └─ /learn-with/zero-to/index.html (+1ms) 
14:20:49 ▶ src/pages/learn-with/[collection]/[...slug].astro
14:20:49   ├─ /learn-with/issue-resolution/cleaner-magazine-layouts/index.html (+2ms) 
14:20:49   ├─ /learn-with/issue-resolution/cursor-and-claude-37-go-overkill-with-regex-validation/index.html (+2ms) 
14:20:49   ├─ /learn-with/issue-resolution/extending-astro-markdown-with-remark-and-rehype-plugins/index.html (+2ms) 
14:20:49   ├─ /learn-with/issue-resolution/broken-yaml-key-replacement-workflow/index.html (+59ms) 
14:20:49   ├─ /learn-with/issue-resolution/computing-entry-object-values-in-astro/index.html (+17ms) 
14:20:49   ├─ /learn-with/issue-resolution/conditional-console-logging-as-a-standard-practice/index.html (+42ms) 
14:20:49   ├─ /learn-with/issue-resolution/fixing-markdown-frontmatter-default-values/index.html (+29ms) 
14:20:49   ├─ /learn-with/issue-resolution/fixing-404-errors-in-dynamic-routes-with-proper-slug-generation/index.html (+21ms) 
14:20:49   ├─ /learn-with/issue-resolution/fix-author-metadata-not-rendering-on-custom-collection-pages/index.html[Shiki] 30 instances have been created. Shiki is supposed to be used as a singleton, consider refactoring your code to cache your highlighter instance; Or call `highlighter.dispose()` to release unused instances.
 (+79ms) 
14:20:49   ├─ /learn-with/issue-resolution/dynamic-image-masking-control-in-featuresideimage-component/index.html (+116ms) 
14:20:49   ├─ /learn-with/issue-resolution/full-width-separator-issue-resolution/index.html (+69ms) 
14:20:49   ├─ /learn-with/issue-resolution/getting-astro-collections-to-work-on-messy-frontmatter/index.html (+7ms) 
14:20:49   ├─ /learn-with/issue-resolution/frontmatter-date-formatting-fix/index.html (+14ms) 
14:20:49   ├─ /learn-with/issue-resolution/grid-layout-centering-with-responsive-breakpoints/index.html (+49ms) 
14:20:49   ├─ /learn-with/issue-resolution/handling-unexpected-api-responses/index.html (+10ms) 
14:20:49   ├─ /learn-with/issue-resolution/how-micromark-handles-markdown-and-the-ast/index.html (+29ms) 
14:20:50   ├─ /learn-with/issue-resolution/how-remark-gfm-renders-tables/index.html (+15ms) 
14:20:50   ├─ /learn-with/issue-resolution/managing-complex-integrations-through-git/index.html (+18ms) 
14:20:50   ├─ /learn-with/issue-resolution/astromarkdown-mermaid-rendering-issue-resolution/index.html (+127ms) 
14:20:50   ├─ /learn-with/issue-resolution/getting-through-cors/index.html (+164ms) 
14:20:50   ├─ /learn-with/issue-resolution/obsidian-stuck-in-regex-memory-hang/index.html (+21ms) 
14:20:50   ├─ /learn-with/issue-resolution/optimizing-share-functionality-across-content/index.html (+47ms) 
14:20:50   ├─ /learn-with/issue-resolution/persistent-file-processing-state-in-observer/index.html (+47ms) 
14:20:50   ├─ /learn-with/issue-resolution/preventing-infinite-loops-in-observers/index.html (+10ms) 
14:20:50   ├─ /learn-with/issue-resolution/prompt-rendering-pipeline-issue-resolution/index.html (+23ms) 
14:20:50   ├─ /learn-with/issue-resolution/preventing-infinite-loops-in-reminderswatcher/index.html (+47ms) 
14:20:50   ├─ /learn-with/issue-resolution/referencegrid-layout-issue-resolution-css-vs-tailwind/index.html (+24ms) 
14:20:50   ├─ /learn-with/issue-resolution/rendering-ast-through-a-thoughtful-transformation-pipeline/index.html (+112ms) 
14:20:50   ├─ /learn-with/issue-resolution/running-the-latest-and-greatest-llm-locally/index.html (+39ms) 
14:20:50   ├─ /learn-with/issue-resolution/setting-up-rehype-to-better-parse-markdown/index.html (+16ms) 
14:20:50   ├─ /learn-with/issue-resolution/showing-hidden-directories-in-tree-output/index.html (+3ms) 
14:20:50   ├─ /learn-with/issue-resolution/tame-generative-ai-with-rule-sets/index.html (+19ms) 
14:20:50   ├─ /learn-with/issue-resolution/troubleshooting-rendering-citations/index.html (+12ms) 
14:20:50   ├─ /learn-with/issue-resolution/yaml-consistency-for-content-collections-script-actions/index.html (+10ms) 
14:20:50   ├─ /learn-with/issue-resolution/write-git-commit-messages-with-your-favorite-editor/index.html (+9ms) 
14:20:50   ├─ /learn-with/our-talks/become-a-better-founder/index.html (+2ms) 
14:20:50   ├─ /learn-with/our-talks/education-employment-and-growth/index.html (+2ms) 
14:20:50   ├─ /learn-with/our-talks/innovation-in-education/index.html (+1ms) 
14:20:50   └─ /learn-with/our-talks/how-investors-evaluate-startups-during-the-gold-rush-of-ai/index.html[toolingGallery] Missing tools for IDs: [
  '[[Tooling/Portfolio/Aalo Atomics|Aalo Atomics]]',
  '[[Tooling/Portfolio/Ontra|Ontra]]'
]
 (+51ms) 
14:20:50 ▶ src/pages/log/[slug].astro
14:20:50   ├─ /log/content-2025-04-17-01/index.html (+8ms) 
14:20:50   ├─ /log/content-2025-04-14-01/index.html (+5ms) 
14:20:50   ├─ /log/content-2025-04-18-01/index.html (+8ms) 
14:20:50   ├─ /log/content-2025-04-10-01/index.html (+5ms) 
14:20:50   ├─ /log/content-2025-04-12-02/index.html (+6ms) 
14:20:50   ├─ /log/content-2025-07-20-01/index.html (+12ms) 
14:20:50   ├─ /log/content-2025-05-14-01/index.html (+6ms) 
14:20:50   ├─ /log/content-2025-04-16-01/index.html (+4ms) 
14:20:50   ├─ /log/content-2025-04-12-03/index.html (+3ms) 
14:20:50   ├─ /log/content-2025-04-07-01/index.html (+6ms) 
14:20:50   ├─ /log/content-2025-04-16-02/index.html (+5ms) 
14:20:50   ├─ /log/content-2025-03-19-03/index.html (+8ms) 
14:20:50   ├─ /log/content-2025-03-26-01/index.html (+3ms) 
14:20:50   ├─ /log/content-2025-04-24-01/index.html (+5ms) 
14:20:50   ├─ /log/content-2025-04-23-02/index.html (+7ms) 
14:20:50   ├─ /log/content-2025-03-26-02/index.html (+3ms) 
14:20:50   ├─ /log/content-2025-03-24-01/index.html (+43ms) 
14:20:50   ├─ /log/content-2025-04-23-01/index.html (+3ms) 
14:20:50   ├─ /log/content-2025-07-18-01/index.html (+8ms) 
14:20:50   ├─ /log/content-2025-03-21-01/index.html (+4ms) 
14:20:50   ├─ /log/content-2025-04-12-01/index.html (+7ms) 
14:20:50   ├─ /log/content-2025-03-25-00/index.html (+5ms) 
14:20:50   ├─ /log/content-2025-04-06-01/index.html (+4ms) 
14:20:50   ├─ /log/content-2025-07-09-01/index.html (+2ms) 
14:20:50   ├─ /log/content-2025-03-18-02/index.html (+4ms) 
14:20:51   ├─ /log/code-2025-04-24-01/index.html (+4ms) 
14:20:51   ├─ /log/code-2025-04-25-01/index.html (+8ms) 
14:20:51   ├─ /log/code-2025-03-29-01/index.html (+4ms) 
14:20:51   ├─ /log/code-2025-03-29-02/index.html (+3ms) 
14:20:51   ├─ /log/code-2025-04-14-03/index.html (+5ms) 
14:20:51   ├─ /log/code-2025-04-22-01/index.html (+5ms) 
14:20:51   ├─ /log/code-2025-03-14-01/index.html (+16ms) 
14:20:51   ├─ /log/code-2025-03-13-04/index.html (+15ms) 
14:20:51   ├─ /log/code-2025-04-06-02/index.html (+16ms) 
14:20:51   ├─ /log/code-2025-04-21-01/index.html (+6ms) 
14:20:51   ├─ /log/code-2025-03-26-01/index.html (+4ms) 
14:20:51   ├─ /log/code-2025-06-21-01/index.html (+36ms) 
14:20:51   ├─ /log/code-2025-07-25-01/index.html (+64ms) 
14:20:51   ├─ /log/code-2025-03-26-02/index.html (+4ms) 
14:20:51   ├─ /log/code-2025-07-27-01/index.html (+3ms) 
14:20:51   ├─ /log/code-2025-04-18-02/index.html (+5ms) 
14:20:51   ├─ /log/code-2025-04-19-02/index.html (+3ms) 
14:20:51   ├─ /log/code-2025-04-11-02/index.html (+10ms) 
14:20:51   ├─ /log/code-2025-06-25-02/index.html (+32ms) 
14:20:51   ├─ /log/code-2025-04-06-03/index.html (+10ms) 
14:20:51   ├─ /log/code-2025-04-12-01/index.html (+22ms) 
14:20:51   ├─ /log/code-2025-07-26-02/index.html (+7ms) 
14:20:51   ├─ /log/code-2025-04-24-05/index.html (+6ms) 
14:20:51   ├─ /log/code-2025-03-24-01/index.html (+4ms) 
14:20:51   ├─ /log/code-2025-04-07-02/index.html (+13ms) 
14:20:51   ├─ /log/code-2025-07-26-01/index.html (+7ms) 
14:20:51   ├─ /log/code-2025-07-21-01/index.html (+9ms) 
14:20:51   ├─ /log/code-2025-04-15-02/index.html (+18ms) 
14:20:51   ├─ /log/code-2025-03-18-01/index.html (+12ms) 
14:20:51   ├─ /log/code-2025-06-25-01/index.html (+19ms) 
14:20:51   ├─ /log/code-2025-06-30-01/index.html (+66ms) 
14:20:51   ├─ /log/code-2025-05-17-01/index.html (+2ms) 
14:20:51   ├─ /log/code-2025-05-25-01/index.html (+4ms) 
14:20:51   ├─ /log/code-2025-04-17-02/index.html (+4ms) 
14:20:51   ├─ /log/code-2025-04-27-01/index.html (+2ms) 
14:20:51   ├─ /log/code-2025-04-23-01/index.html (+18ms) 
14:20:51   ├─ /log/code-2025-04-24-03/index.html (+4ms) 
14:20:51   ├─ /log/code-2025-04-24-04/index.html (+35ms) 
14:20:51   ├─ /log/code-2025-04-24-02/index.html (+3ms) 
14:20:51   ├─ /log/code-2025-04-18-01/index.html (+11ms) 
14:20:51   ├─ /log/code-2025-07-28-01/index.html (+24ms) 
14:20:51   ├─ /log/code-2025-07-30-01/index.html (+10ms) 
14:20:51   ├─ /log/code-2025-03-18-03/index.html (+3ms) 
14:20:51   ├─ /log/code-2025-05-03-01/index.html (+52ms) 
14:20:51   ├─ /log/code-2025-03-30-01/index.html[Shiki] The language "litegal" doesn't exist, falling back to "plaintext".
[Shiki] The language "litegal" doesn't exist, falling back to "plaintext".
 (+6ms) 
14:20:51   ├─ /log/code-2025-05-12-01/index.html (+16ms) 
14:20:51   ├─ /log/code-2025-04-12-02/index.html (+20ms) 
14:20:51   ├─ /log/code-2025-05-05-01/index.html (+14ms) 
14:20:51   ├─ /log/code-2025-05-04-02/index.html (+4ms) 
14:20:51   ├─ /log/code-2025-04-06-01/index.html (+10ms) 
14:20:51   ├─ /log/code-2025-04-07-01/index.html (+12ms) 
14:20:51   ├─ /log/code-2025-05-10-01/index.html (+43ms) 
14:20:51   ├─ /log/code-2025-04-12-03/index.html (+35ms) 
14:20:51   ├─ /log/code-2025-05-07-01/index.html (+5ms) 
14:20:51   ├─ /log/code-2025-05-04-01/index.html (+3ms) 
14:20:51   ├─ /log/code-2025-05-08-02/index.html (+14ms) 
14:20:51   ├─ /log/code-2025-04-14-02/index.html (+29ms) 
14:20:51   ├─ /log/code-2025-04-17-01/index.html (+4ms) 
14:20:51   ├─ /log/code-2025-04-05-01/index.html (+10ms) 
14:20:51   ├─ /log/code-2025-03-28-01/index.html (+4ms) 
14:20:51   ├─ /log/code-2025-03-31-01/index.html (+4ms) 
14:20:51   ├─ /log/code-2025-07-20-01/index.html (+33ms) 
14:20:51   ├─ /log/code-2025-07-18-01/index.html (+14ms) 
14:20:51   ├─ /log/code-2025-03-30-02/index.html (+7ms) 
14:20:51   ├─ /log/code-2025-06-13-01/index.html (+2ms) 
14:20:51   ├─ /log/code-2025-03-13-02/index.html (+10ms) 
14:20:51   ├─ /log/code-2025-04-20-01/index.html (+4ms) 
14:20:51   ├─ /log/code-2025-04-15-01/index.html (+23ms) 
14:20:51   ├─ /log/code-2025-04-22-02/index.html (+5ms) 
14:20:51   ├─ /log/code-2025-06-19-01/index.html (+12ms) 
14:20:51   ├─ /log/code-2025-06-19-03/index.html (+5ms) 
14:20:51   ├─ /log/code-2025-04-14-01/index.html (+5ms) 
14:20:51   ├─ /log/code-2025-04-11-01/index.html (+29ms) 
14:20:51   ├─ /log/code-2025-06-19-02/index.html (+7ms) 
14:20:51   ├─ /log/code-2025-05-08-01/index.html (+28ms) 
14:20:52   ├─ /log/code-2025-04-13-01/index.html (+38ms) 
14:20:52   ├─ /log/code-2025-04-12-04/index.html (+29ms) 
14:20:52   ├─ /log/code-2025-03-18-02/index.html (+7ms) 
14:20:52   ├─ /log/code-2025-03-17-01/index.html (+3ms) 
14:20:52   ├─ /log/code-2025-03-21-01/index.html (+8ms) 
14:20:52   ├─ /log/code-2025-06-13-02/index.html[toolingGallery] Missing tools for IDs: [ '[[Tool Name]]' ]
[toolingGallery] Missing tools for IDs: [ '[[Affinity]]', '[[Discord]]' ]
 (+176ms) 
14:20:52   ├─ /log/code-2025-04-19-01/index.html (+5ms) 
14:20:52   ├─ /log/code-2025-03-27-01/index.html (+5ms) 
14:20:52   ├─ /log/code-2025-03-16-01/index.html (+20ms) 
14:20:52   ├─ /log/code-2025-03-13-03/index.html (+13ms) 
14:20:52   ├─ /log/code-2025-03-13-01/index.html (+7ms) 
14:20:52   ├─ /log/laerdal-2025-02-02-01/index.html (+34ms) 
14:20:52   ├─ /log/laerdal-2025-07-24-01/index.html (+21ms) 
14:20:52   ├─ /log/laerdal-2025-07-23-01/index.html (+15ms) 
14:20:52   ├─ /log/laerdal-2025-07-23-02/index.html (+5ms) 
14:20:52   └─ /log/laerdal-2025-07-23-03/index.html (+11ms) 
14:20:52 ▶ src/pages/market-map/for/[...slug].astro
14:20:52   ├─ /market-map/for/ai-for-creative-professions/index.html (+38ms) 
14:20:52   ├─ /market-map/for/ai-in-fintech/index.html (+45ms) 
14:20:52   ├─ /market-map/for/quantum-computing-is-confusing/index.html (+3ms) 
14:20:52   ├─ /market-map/for/the-quest-for-better-batteries/index.html (+9ms) 
14:20:52   └─ /market-map/for/agentic-ai-in-medicine/index.html (+29ms) 
14:20:52 ▶ src/pages/market-map/it.astro
14:20:52   └─ /market-map/it/index.html (+2ms) 
14:20:52 ▶ src/pages/more-about/concepts.astro
14:20:52   └─ /more-about/concepts/index.html (+4ms) 
14:20:52 ▶ src/pages/more-about/vocabulary.astro
14:20:52   └─ /more-about/vocabulary/index.html (+6ms) 
14:20:52 ▶ src/pages/more-about/index.astro
14:20:52   └─ /more-about/index.html (+7ms) 
14:20:52 ▶ src/pages/more-about/[...slug].astro
14:20:52   ├─ /more-about/3d-graphics/index.html (+1ms) 
14:20:52   ├─ /more-about/acceptance-testing/index.html (+23ms) 
14:20:52   ├─ /more-about/acid-transactions/index.html (+15ms) 
14:20:52   ├─ /more-about/acquisitions/index.html (+20ms) 
14:20:52   ├─ /more-about/advanced-spreadsheets/index.html (+28ms) 
14:20:52   ├─ /more-about/affinity-network/index.html (+12ms) 
14:20:52   ├─ /more-about/agentic-ai/index.html[toolingGallery] Missing tools for IDs: [ 'tag: Agentic-AI' ]
 (+72ms) 
14:20:52   ├─ /more-about/agentic-rag/index.html (+30ms) 
14:20:52   ├─ /more-about/agile/index.html (+31ms) 
14:20:52   ├─ /more-about/ai-hallucinations/index.html (+2ms) 
14:20:52   ├─ /more-about/ai-models/index.html (+164ms) 
14:20:52   ├─ /more-about/ai-native-applications/index.html (+20ms) 
14:20:53   ├─ /more-about/ai-powered-transcription/index.html (+11ms) 
14:20:53   ├─ /more-about/ai-ready-data/index.html (+6ms) 
14:20:53   ├─ /more-about/all-in-one-platforms/index.html (+1ms) 
14:20:53   ├─ /more-about/alphafold/index.html (+11ms) 
14:20:53   ├─ /more-about/ambient-awareness/index.html (+10ms) 
14:20:53   ├─ /more-about/animations/index.html (+1ms) 
14:20:53   ├─ /more-about/api-authentication/index.html (+1ms) 
14:20:53   ├─ /more-about/app-builders/index.html (+28ms) 
14:20:53   ├─ /more-about/app-stores/index.html (+2ms) 
14:20:53   ├─ /more-about/application-programming-interface/index.html (+45ms) 
14:20:53   ├─ /more-about/asynchronous-communication/index.html (+21ms) 
14:20:53   ├─ /more-about/atomic-design/index.html (+46ms) 
14:20:53   ├─ /more-about/augmented-reality/index.html (+1ms) 
14:20:53   ├─ /more-about/automated-negotiations/index.html (+33ms) 
14:20:53   ├─ /more-about/automated-transcription/index.html (+22ms) 
14:20:53   ├─ /more-about/back-end-engineering/index.html (+2ms) 
14:20:53   ├─ /more-about/behavioral-economics/index.html (+1ms) 
14:20:53   ├─ /more-about/bem/index.html (+7ms) 
14:20:53   ├─ /more-about/benchmarks/index.html (+11ms) 
14:20:53   ├─ /more-about/best-in-class/index.html (+17ms) 
14:20:53   ├─ /more-about/betavoltaic-batteries/index.html (+2ms) 
14:20:53   ├─ /more-about/big-data/index.html (+7ms) 
14:20:53   ├─ /more-about/bipartite-graphs/index.html (+1ms) 
14:20:53   ├─ /more-about/block-cipher/index.html (+1ms) 
14:20:53   ├─ /more-about/boilerplate-code/index.html (+1ms) 
14:20:53   ├─ /more-about/bots/index.html (+1ms) 
14:20:53   ├─ /more-about/brute-force-attacks/index.html (+1ms) 
14:20:53   ├─ /more-about/btrfs/index.html (+2ms) 
14:20:53   ├─ /more-about/bug-reporting/index.html (+1ms) 
14:20:53   ├─ /more-about/build-systems/index.html (+52ms) 
14:20:53   ├─ /more-about/business-intelligence/index.html (+10ms) 
14:20:53   ├─ /more-about/cache-augmented-generation/index.html (+1ms) 
14:20:53   ├─ /more-about/caching/index.html (+1ms) 
14:20:53   ├─ /more-about/chain-of-thought/index.html (+1ms) 
14:20:53   ├─ /more-about/chatbots/index.html (+5ms) 
14:20:53   ├─ /more-about/chip-producer/index.html (+6ms) 
14:20:53   ├─ /more-about/citations/index.html (+2ms) 
14:20:53   ├─ /more-about/clean-code/index.html (+1ms) 
14:20:53   ├─ /more-about/client-side-rendered/index.html (+11ms) 
14:20:53   ├─ /more-about/cloud-infrastructure/index.html (+26ms) 
14:20:53   ├─ /more-about/cloud-storage/index.html (+6ms) 
14:20:53   ├─ /more-about/code-review/index.html (+7ms) 
14:20:53   ├─ /more-about/cognitive-diversity/index.html (+11ms) 
14:20:53   ├─ /more-about/collaboration-cost/index.html (+2ms) 
14:20:53   ├─ /more-about/collaborative-whiteboard/index.html (+7ms) 
14:20:53   ├─ /more-about/color-management/index.html (+32ms) 
14:20:53   ├─ /more-about/color-theory/index.html (+3ms) 
14:20:53   ├─ /more-about/columnar-database/index.html (+16ms) 
14:20:53   ├─ /more-about/come-one-come-all/index.html (+7ms) 
14:20:53   ├─ /more-about/command-line-interface/index.html (+12ms) 
14:20:53   ├─ /more-about/command-line-interfaces/index.html (+12ms) 
14:20:53   ├─ /more-about/community-moderation/index.html (+2ms) 
14:20:53   ├─ /more-about/compilers/index.html (+1ms) 
14:20:53   ├─ /more-about/complexity-cost/index.html (+9ms) 
14:20:53   ├─ /more-about/component-based-software-architecture/index.html (+8ms) 
14:20:53   ├─ /more-about/compositional-generalization/index.html (+15ms) 
14:20:53   ├─ /more-about/computational-chemistry/index.html (+3ms) 
14:20:53   ├─ /more-about/computer-vision/index.html (+2ms) 
14:20:53   ├─ /more-about/computer-generated-imagery/index.html (+13ms) 
14:20:53   ├─ /more-about/container-orchestration/index.html (+2ms) 
14:20:53   ├─ /more-about/containers/index.html (+14ms) 
14:20:53   ├─ /more-about/content-delivery-networks/index.html (+20ms) 
14:20:53   ├─ /more-about/continuous-refactoring/index.html (+2ms) 
14:20:53   ├─ /more-about/conventions/index.html (+2ms) 
14:20:53   ├─ /more-about/conversational-data-analysis/index.html (+8ms) 
14:20:53   ├─ /more-about/copypasta/index.html (+13ms) 
14:20:53   ├─ /more-about/creators/index.html (+37ms) 
14:20:53   ├─ /more-about/critical-mass/index.html (+2ms) 
14:20:53   ├─ /more-about/crm/index.html (+35ms) 
14:20:53   ├─ /more-about/cross-platform-applications/index.html (+18ms) 
14:20:53   ├─ /more-about/cross-platform-frameworks/index.html (+2ms) 
14:20:53   ├─ /more-about/crud/index.html (+1ms) 
14:20:53   ├─ /more-about/csv/index.html (+1ms) 
14:20:53   ├─ /more-about/custom-keyboards/index.html (+1ms) 
14:20:53   ├─ /more-about/data-analysis/index.html (+28ms) 
14:20:53   ├─ /more-about/data-catalog/index.html (+11ms) 
14:20:53   ├─ /more-about/data-governance/index.html (+14ms) 
14:20:53   ├─ /more-about/data-labeling/index.html (+1ms) 
14:20:53   ├─ /more-about/data-model/index.html (+21ms) 
14:20:53   ├─ /more-about/data-pipelines/index.html (+55ms) 
14:20:53   ├─ /more-about/data-standard/index.html (+19ms) 
14:20:53   ├─ /more-about/data-transformations/index.html (+9ms) 
14:20:53   ├─ /more-about/database-interfaces/index.html (+1ms) 
14:20:53   ├─ /more-about/debugging/index.html (+1ms) 
14:20:53   ├─ /more-about/deep-fakes/index.html (+1ms) 
14:20:53   ├─ /more-about/design-systems/index.html (+16ms) 
14:20:53   ├─ /more-about/desktop-application/index.html (+1ms) 
14:20:53   ├─ /more-about/dev-ops/index.html (+15ms) 
14:20:53   ├─ /more-about/developer-community/index.html (+1ms) 
14:20:53   ├─ /more-about/developer-tools/index.html (+16ms) 
14:20:53   ├─ /more-about/digital-asset-libraries/index.html (+16ms) 
14:20:53   ├─ /more-about/digital-experience/index.html (+6ms) 
14:20:53   ├─ /more-about/disruptive-innovation/index.html (+1ms) 
14:20:53   ├─ /more-about/distributed-systems/index.html (+37ms) 
14:20:54   ├─ /more-about/divas/index.html (+1ms) 
14:20:54   ├─ /more-about/document-processing/index.html (+1ms) 
14:20:54   ├─ /more-about/documentation/index.html (+6ms) 
14:20:54   ├─ /more-about/documentation-engines/index.html (+7ms) 
14:20:54   ├─ /more-about/documentation-first-development/index.html (+24ms) 
14:20:54   ├─ /more-about/domain-experts/index.html (+7ms) 
14:20:54   ├─ /more-about/domain-driven-design/index.html (+1ms) 
14:20:54   ├─ /more-about/edge-computing/index.html (+1ms) 
14:20:54   ├─ /more-about/edge-devices/index.html (+1ms) 
14:20:54   ├─ /more-about/edge-functions/index.html (+17ms) 
14:20:54   ├─ /more-about/embedded-systems/index.html (+14ms) 
14:20:54   ├─ /more-about/emergency-dispatch/index.html (+1ms) 
14:20:54   ├─ /more-about/enabling-technology/index.html (+14ms) 
14:20:54   ├─ /more-about/engineering-management/index.html (+16ms) 
14:20:54   ├─ /more-about/eniac/index.html (+1ms) 
14:20:54   ├─ /more-about/enterprise-saas/index.html (+14ms) 
14:20:54   ├─ /more-about/ephemeral-environments/index.html (+44ms) 
14:20:54   ├─ /more-about/ergonomics/index.html (+6ms) 
14:20:54   ├─ /more-about/error-handling/index.html (+6ms) 
14:20:54   ├─ /more-about/examplemd/index.html (+1ms) 
14:20:54   ├─ /more-about/exponential-organizations/index.html (+1ms) 
14:20:54   ├─ /more-about/extension-libraries/index.html (+1ms) 
14:20:54   ├─ /more-about/file-system/index.html (+1ms) 
14:20:54   ├─ /more-about/forked-repositories/index.html (+8ms) 
14:20:54   ├─ /more-about/freemium/index.html (+7ms) 
14:20:54   ├─ /more-about/friction/index.html (+1ms) 
14:20:54   ├─ /more-about/frictionless-commerce/index.html (+1ms) 
14:20:54   ├─ /more-about/front-end/index.html (+23ms) 
14:20:54   ├─ /more-about/funtion-as-a-service/index.html (+6ms) 
14:20:54   ├─ /more-about/fusion-power/index.html (+2ms) 
14:20:54   ├─ /more-about/gen-5-ssd-drives/index.html (+1ms) 
14:20:54   ├─ /more-about/generative-ai/index.html (+6ms) 
14:20:54   ├─ /more-about/glyphs/index.html (+1ms) 
14:20:54   ├─ /more-about/grapheme/index.html (+2ms) 
14:20:54   ├─ /more-about/graphene/index.html (+1ms) 
14:20:54   ├─ /more-about/graphics-processing-units/index.html (+15ms) 
14:20:54   ├─ /more-about/grassroots-adoption/index.html (+1ms) 
14:20:54   ├─ /more-about/growth-hacking/index.html (+10ms) 
14:20:54   ├─ /more-about/hackathons/index.html (+2ms) 
14:20:54   ├─ /more-about/hamiltonian-learning-algorithm/index.html (+1ms) 
14:20:54   ├─ /more-about/haptic-technology/index.html (+6ms) 
14:20:54   ├─ /more-about/hardware/index.html (+1ms) 
14:20:54   ├─ /more-about/holacracy/index.html (+8ms) 
14:20:54   ├─ /more-about/home-server/index.html (+3ms) 
14:20:54   ├─ /more-about/images/index.html (+10ms) 
14:20:54   ├─ /more-about/in-context-learning/index.html (+1ms) 
14:20:54   ├─ /more-about/inbound-marketing/index.html (+1ms) 
14:20:54   ├─ /more-about/indy-hackers/index.html (+1ms) 
14:20:54   ├─ /more-about/influencer/index.html (+5ms) 
14:20:54   ├─ /more-about/inline-styles/index.html (+1ms) 
14:20:54   ├─ /more-about/instruction-set-architecture/index.html (+5ms) 
14:20:54   ├─ /more-about/integration-library/index.html (+1ms) 
14:20:54   ├─ /more-about/intelligent-knowledge-discovery/index.html (+1ms) 
14:20:54   ├─ /more-about/interactive-notebooks/index.html (+15ms) 
14:20:54   ├─ /more-about/interactive-video/index.html (+16ms) 
14:20:54   ├─ /more-about/international-code-of-zoological-nomenclature/index.html (+1ms) 
14:20:54   ├─ /more-about/internet-of-things/index.html (+1ms) 
14:20:54   ├─ /more-about/ipaas/index.html (+20ms) 
14:20:54   ├─ /more-about/islands-architecture/index.html (+12ms) 
14:20:54   ├─ /more-about/jam-stack/index.html (+14ms) 
14:20:54   ├─ /more-about/kernel-based-virtual-machines/index.html (+1ms) 
14:20:54   ├─ /more-about/knowledge-augmented-generation/index.html (+7ms) 
14:20:54   ├─ /more-about/knowledge-base/index.html (+1ms) 
14:20:54   ├─ /more-about/knowledge-base-ai/index.html (+15ms) 
14:20:54   ├─ /more-about/laptops/index.html (+1ms) 
14:20:54   ├─ /more-about/large-language-models/index.html (+19ms) 
14:20:54   ├─ /more-about/latency/index.html (+1ms) 
14:20:54   ├─ /more-about/layout/index.html (+1ms) 
14:20:54   ├─ /more-about/light-hash-rate/index.html (+1ms) 
14:20:54   ├─ /more-about/light-based-computing/index.html (+20ms) 
14:20:54   ├─ /more-about/local-area-network/index.html (+1ms) 
14:20:54   ├─ /more-about/local-llm/index.html (+6ms) 
14:20:54   ├─ /more-about/local-first-applications/index.html (+41ms) 
14:20:54   ├─ /more-about/lock-in/index.html (+1ms) 
14:20:54   ├─ /more-about/locus-of-control/index.html (+15ms) 
14:20:54   ├─ /more-about/loosely-coupled-monolith/index.html (+8ms) 
14:20:54   ├─ /more-about/loss-aversion/index.html (+1ms) 
14:20:54   ├─ /more-about/low-code/index.html (+6ms) 
14:20:54   ├─ /more-about/machine-learning/index.html (+6ms) 
14:20:54   ├─ /more-about/markdown-editor/index.html (+33ms) 
14:20:54   ├─ /more-about/markdown-presentations/index.html (+2ms) 
14:20:54   ├─ /more-about/market-leaders/index.html (+14ms) 
14:20:54   ├─ /more-about/market-research/index.html (+8ms) 
14:20:54   ├─ /more-about/market-standard/index.html (+10ms) 
14:20:54   ├─ /more-about/marketing-automation/index.html (+7ms) 
14:20:54   ├─ /more-about/markup/index.html (+1ms) 
14:20:54   ├─ /more-about/meta-prompting/index.html (+34ms) 
14:20:54   ├─ /more-about/micro-agent/index.html (+16ms) 
14:20:54   ├─ /more-about/microfrontend-architecture/index.html (+9ms) 
14:20:54   ├─ /more-about/microservices/index.html (+39ms) 
14:20:54   ├─ /more-about/mimetic-theory/index.html (+1ms) 
14:20:54   ├─ /more-about/mini-desktops/index.html (+2ms) 
14:20:54   ├─ /more-about/model-routing/index.html (+14ms) 
14:20:54   ├─ /more-about/model-wrappers/index.html (+1ms) 
14:20:54   ├─ /more-about/module-federation/index.html (+20ms) 
14:20:54   ├─ /more-about/monolith/index.html (+1ms) 
14:20:54   ├─ /more-about/monorepo/index.html (+3ms) 
14:20:54   ├─ /more-about/motion-graphics/index.html (+1ms) 
14:20:54   ├─ /more-about/multi-agent-automation/index.html (+14ms) 
14:20:54   ├─ /more-about/multi-modal-databases/index.html[toolingGallery] Missing tools for IDs: [ 'tag: Multi-Modal-Databases' ]
 (+28ms) 
14:20:54   ├─ /more-about/mythical-man-month/index.html (+37ms) 
14:20:54   ├─ /more-about/natural-language-processing/index.html (+9ms) 
14:20:54   ├─ /more-about/negative-space-programming/index.html (+1ms) 
14:20:54   ├─ /more-about/network-attached-storage-servers/index.html (+21ms) 
14:20:54   ├─ /more-about/network-effects/index.html (+1ms) 
14:20:54   ├─ /more-about/networked-notes/index.html (+11ms) 
14:20:54   ├─ /more-about/neural-networks/index.html (+10ms) 
14:20:54   ├─ /more-about/next-word-prediction/index.html (+10ms) 
14:20:54   ├─ /more-about/object-storage/index.html (+23ms) 
14:20:54   ├─ /more-about/object-relational-mapper/index.html (+13ms) 
14:20:54   ├─ /more-about/ocr/index.html (+1ms) 
14:20:54   ├─ /more-about/onboarding-walkthrough/index.html (+1ms) 
14:20:54   ├─ /more-about/one-click-deployments/index.html (+28ms) 
14:20:54   ├─ /more-about/one-click-integrations/index.html (+20ms) 
14:20:55   ├─ /more-about/open-source/index.html (+11ms) 
14:20:55   ├─ /more-about/open-source-alternatives/index.html (+1ms) 
14:20:55   ├─ /more-about/opinionated/index.html (+10ms) 
14:20:55   ├─ /more-about/organizational-friction/index.html (+12ms) 
14:20:55   ├─ /more-about/packages-and-libraries/index.html (+15ms) 
14:20:55   ├─ /more-about/pair-programming/index.html (+2ms) 
14:20:55   ├─ /more-about/parallel-computing/index.html (+2ms) 
14:20:55   ├─ /more-about/pareto-curves/index.html (+2ms) 
14:20:55   ├─ /more-about/parkinsons-law/index.html (+7ms) 
14:20:55   ├─ /more-about/performance-monitors/index.html (+2ms) 
14:20:55   ├─ /more-about/persuasive-technology/index.html (+24ms) 
14:20:55   ├─ /more-about/plex-media-server/index.html (+5ms) 
14:20:55   ├─ /more-about/plug-ins-add-ons-extensions/index.html (+2ms) 
14:20:55   ├─ /more-about/port-clashes/index.html (+1ms) 
14:20:55   ├─ /more-about/presentation-maker/index.html (+1ms) 
14:20:55   ├─ /more-about/printed-circuit-board/index.html (+1ms) 
14:20:55   ├─ /more-about/product-analytics/index.html (+1ms) 
14:20:55   ├─ /more-about/product-roadmaps/index.html (+1ms) 
14:20:55   ├─ /more-about/proxy-chains/index.html (+19ms) 
14:20:55   ├─ /more-about/public-brand-kits/index.html (+1ms) 
14:20:55   ├─ /more-about/public-roadmap/index.html (+1ms) 
14:20:55   ├─ /more-about/realtime-collaboration/index.html (+1ms) 
14:20:55   ├─ /more-about/rebundling/index.html (+11ms) 
14:20:55   ├─ /more-about/reference-management-system/index.html (+23ms) 
14:20:55   ├─ /more-about/relational-database/index.html (+32ms) 
14:20:55   ├─ /more-about/release-notes/index.html (+2ms) 
14:20:55   ├─ /more-about/remote-procedure-call/index.html (+25ms) 
14:20:55   ├─ /more-about/reputation-systems/index.html (+21ms) 
14:20:55   ├─ /more-about/responsive-design/index.html (+26ms) 
14:20:55   ├─ /more-about/rest-api/index.html (+60ms) 
14:20:55   ├─ /more-about/retrieval-augmented-generation/index.html (+3ms) 
14:20:55   ├─ /more-about/reverse-engineering/index.html (+1ms) 
14:20:55   ├─ /more-about/reverse-shells/index.html (+1ms) 
14:20:55   ├─ /more-about/robotics/index.html (+1ms) 
14:20:55   ├─ /more-about/robust-security-network/index.html (+1ms) 
14:20:55   ├─ /more-about/s-curves/index.html (+8ms) 
14:20:55   ├─ /more-about/solid/index.html (+7ms) 
14:20:55   ├─ /more-about/saas/index.html (+6ms) 
14:20:55   ├─ /more-about/scarp/index.html (+36ms) 
14:20:55   ├─ /more-about/scenario-cloud/index.html (+11ms) 
14:20:55   ├─ /more-about/schema-validation/index.html (+1ms) 
14:20:55   ├─ /more-about/screencasts/index.html (+1ms) 
14:20:55   ├─ /more-about/scripting/index.html (+1ms) 
14:20:55   ├─ /more-about/sdk/index.html (+1ms) 
14:20:55   ├─ /more-about/search-engine-optimization/index.html (+8ms) 
14:20:55   ├─ /more-about/search-engines/index.html (+17ms) 
14:20:55   ├─ /more-about/self-hosting/index.html[toolingGallery] Missing tools for IDs: [ 'tag: Self-Hosting-Cloud' ]
 (+46ms) 
14:20:55   ├─ /more-about/semantic-caching/index.html (+36ms) 
14:20:55   ├─ /more-about/semantic-html/index.html (+1ms) 
14:20:55   ├─ /more-about/semantic-versioning/index.html (+8ms) 
14:20:55   ├─ /more-about/sequential-agents/index.html (+38ms) 
14:20:55   ├─ /more-about/server-side-rendering/index.html (+11ms) 
14:20:55   ├─ /more-about/serverless/index.html (+6ms) 
14:20:55   ├─ /more-about/servers/index.html (+1ms) 
14:20:55   ├─ /more-about/service-mesh/index.html (+25ms) 
14:20:55   ├─ /more-about/service-oriented-architecture/index.html (+1ms) 
14:20:55   ├─ /more-about/single-board-computers/index.html (+1ms) 
14:20:55   ├─ /more-about/single-sign-on/index.html (+1ms) 
14:20:55   ├─ /more-about/small-language-models/index.html (+1ms) 
14:20:55   ├─ /more-about/small-scale-nuclear/index.html (+2ms) 
14:20:55   ├─ /more-about/smart-glasses/index.html (+1ms) 
14:20:55   ├─ /more-about/software-architecture/index.html (+1ms) 
14:20:55   ├─ /more-about/software-development/index.html (+1ms) 
14:20:55   ├─ /more-about/solid-state-drives/index.html (+1ms) 
14:20:55   ├─ /more-about/spaghetti-code/index.html (+10ms) 
14:20:55   ├─ /more-about/spear-phishing/index.html (+11ms) 
14:20:55   ├─ /more-about/spigot-pricing/index.html (+27ms) 
14:20:55   ├─ /more-about/stack-collisions/index.html (+2ms) 
14:20:55   ├─ /more-about/stages-of-automation/index.html (+1ms) 
14:20:55   ├─ /more-about/standards-organizations/index.html (+5ms) 
14:20:55   ├─ /more-about/state-management/index.html (+77ms) 
14:20:55   ├─ /more-about/static-site-generators/index.html (+2ms) 
14:20:55   ├─ /more-about/streaming-data/index.html (+1ms) 
14:20:55   ├─ /more-about/structured-data/index.html (+1ms) 
14:20:55   ├─ /more-about/suno/index.html (+1ms) 
14:20:55   ├─ /more-about/system-experts/index.html (+6ms) 
14:20:55   ├─ /more-about/systems-biology-markup-language/index.html (+1ms) 
14:20:55   ├─ /more-about/table-of-contents/index.html (+2ms) 
14:20:55   ├─ /more-about/testing-frameworks/index.html (+6ms) 
14:20:55   ├─ /more-about/text-parsing/index.html (+2ms) 
14:20:55   ├─ /more-about/text-user-interfaces/index.html (+5ms) 
14:20:55   ├─ /more-about/the-founder-effect/index.html (+10ms) 
14:20:55   ├─ /more-about/the-singularity/index.html (+2ms) 
14:20:55   ├─ /more-about/thunderbolt/index.html (+1ms) 
14:20:55   ├─ /more-about/ticket-managers/index.html (+6ms) 
14:20:55   ├─ /more-about/tidyverse/index.html (+10ms) 
14:20:55   ├─ /more-about/time-series-data/index.html (+2ms) 
14:20:55   ├─ /more-about/tor-network/index.html (+2ms) 
14:20:55   ├─ /more-about/trunk-based-development/index.html (+2ms) 
14:20:55   ├─ /more-about/trusted-platform-module/index.html (+2ms) 
14:20:55   ├─ /more-about/ui-builders/index.html (+20ms) 
14:20:55   ├─ /more-about/ui-testing/index.html (+11ms) 
14:20:55   ├─ /more-about/ui-kit/index.html (+7ms) 
14:20:55   ├─ /more-about/unbundling/index.html (+1ms) 
14:20:55   ├─ /more-about/unicode-characters/index.html (+1ms) 
14:20:55   ├─ /more-about/unified-events/index.html (+6ms) 
14:20:55   ├─ /more-about/upskilling/index.html (+1ms) 
14:20:55   ├─ /more-about/user-authentication/index.html (+1ms) 
14:20:55   ├─ /more-about/user-experience/index.html (+7ms) 
14:20:55   ├─ /more-about/user-flow/index.html (+11ms) 
14:20:55   ├─ /more-about/user-interface/index.html (+24ms) 
14:20:55   ├─ /more-about/user-research/index.html (+13ms) 
14:20:55   ├─ /more-about/variable-fonts/index.html (+1ms) 
14:20:55   ├─ /more-about/vector-databases/index.html (+2ms) 
14:20:55   ├─ /more-about/vector-search/index.html (+1ms) 
14:20:55   ├─ /more-about/vfx/index.html (+1ms) 
14:20:55   ├─ /more-about/vibe-coding/index.html (+12ms) 
14:20:55   ├─ /more-about/video-capture/index.html (+10ms) 
14:20:55   ├─ /more-about/video-editing/index.html (+1ms) 
14:20:55   ├─ /more-about/video-generator/index.html (+16ms) 
14:20:55   ├─ /more-about/virtual-doctors/index.html (+1ms) 
14:20:55   ├─ /more-about/virtual-environments/index.html (+1ms) 
14:20:55   ├─ /more-about/virtual-humans/index.html (+10ms) 
14:20:55   ├─ /more-about/virtual-machines/index.html (+9ms) 
14:20:55   ├─ /more-about/virtual-phone-systems/index.html (+1ms) 
14:20:55   ├─ /more-about/virtual-private-server/index.html (+1ms) 
14:20:55   ├─ /more-about/voice-user-interface/index.html (+8ms) 
14:20:55   ├─ /more-about/weak-pointers/index.html (+92ms) 
14:20:56   ├─ /more-about/web-accessibility/index.html (+2ms) 
14:20:56   ├─ /more-about/web-browser/index.html (+38ms) 
14:20:56   ├─ /more-about/web-cams/index.html (+2ms) 
14:20:56   ├─ /more-about/web-development/index.html (+1ms) 
14:20:56   ├─ /more-about/web-meetings/index.html (+14ms) 
14:20:56   ├─ /more-about/web-scraping/index.html (+22ms) 
14:20:56   ├─ /more-about/web-security/index.html (+1ms) 
14:20:56   ├─ /more-about/web-server-gateway-interface/index.html (+1ms) 
14:20:56   ├─ /more-about/web-standards/index.html (+36ms) 
14:20:56   ├─ /more-about/web3/index.html (+1ms) 
14:20:56   ├─ /more-about/webassembly/index.html[Shiki] 40 instances have been created. Shiki is supposed to be used as a singleton, consider refactoring your code to cache your highlighter instance; Or call `highlighter.dispose()` to release unused instances.
 (+40ms) 
14:20:56   ├─ /more-about/workflow-automations/index.html (+25ms) 
14:20:56   ├─ /more-about/workflow-management/index.html (+25ms) 
14:20:56   ├─ /more-about/works-out-of-the-box/index.html (+20ms) 
14:20:56   ├─ /more-about/wrangling/index.html (+26ms) 
14:20:56   ├─ /more-about/wysiwyg/index.html (+1ms) 
14:20:56   ├─ /more-about/xr/index.html (+6ms) 
14:20:56   ├─ /more-about/yak-shaving/index.html (+1ms) 
14:20:56   ├─ /more-about/zero-day-markets/index.html (+9ms) 
14:20:56   ├─ /more-about/zero-day-threats/index.html (+1ms) 
14:20:56   ├─ /more-about/zero-marginal-cost/index.html (+6ms) 
14:20:56   ├─ /more-about/zero-trust-architecture/index.html (+1ms) 
14:20:56   ├─ /more-about/zettabyte-file-system/index.html (+10ms) 
14:20:56   ├─ /more-about/zettelkasten/index.html (+6ms) 
14:20:56   ├─ /more-about/abstract-syntax-trees/index.html (+1ms) 
14:20:56   ├─ /more-about/abstract-to-simplicity/index.html (+6ms) 
14:20:56   ├─ /more-about/explainers-for-tooling/advanced-documents/index.html (+71ms) 
14:20:56   ├─ /more-about/explainers-for-ai/agent-builders/index.html (+3ms) 
14:20:56   ├─ /more-about/agentic-workspaces/index.html[toolingGallery] Missing tools for IDs: [ 'tag: Agentic Workspaces' ]
 (+19ms) 
14:20:56   ├─ /more-about/explainers-for-ai/ai-avatars/index.html (+110ms) 
14:20:56   ├─ /more-about/explainers-for-ai/ai-cloud-infrastructure/index.html (+14ms) 
14:20:56   ├─ /more-about/ai-companions/index.html (+13ms) 
14:20:56   ├─ /more-about/explainers-for-ai/ai-copilots/index.html (+11ms) 
14:20:56   ├─ /more-about/explainers-for-ai/ai-generated-documentation/index.html (+1ms) 
14:20:56   ├─ /more-about/explainers-for-ai/ai-hallucinations/index.html (+1ms) 
14:20:56   ├─ /more-about/explainers-for-ai/ai-interfaces/index.html (+5ms) 
14:20:56   ├─ /more-about/explainers-for-ai/ai-orchestration/index.html (+1ms) 
14:20:56   ├─ /more-about/explainers-for-ai/ai-powered-data-capture/index.html[toolingGallery] Missing tools for IDs: [
  '[[Hexomatic]]',
  '[[Spider]]',
  '[[Jina.ai]]',
  '[[Firecrawl]]',
  '[[Crawl4 AI]]',
  '[[Ahrefs AI]]',
  '[[Exa.ai]]',
  '[[Browserbase]]',
  '[[Puppeteer]]'
]
 (+133ms) 
14:20:56   ├─ /more-about/explainers-for-ai/ai-powered-personal-assistant/index.html (+6ms) 
14:20:56   ├─ /more-about/explainers-for-ai/ai-programming-frameworks/index.html (+9ms) 
14:20:56   ├─ /more-about/explainers-for-ai/ai-reasoning/index.html (+13ms) 
14:20:56   ├─ /more-about/explainers-for-ai/ai-studios/index.html (+6ms) 
14:20:56   ├─ /more-about/explainers-for-ai/ai-terminal-assistant/index.html (+1ms) 
14:20:56   ├─ /more-about/explainers-for-ai/ai-video-editing/index.html (+1ms) 
14:20:56   ├─ /more-about/ai-web-crawlers/index.html (+6ms) 
14:20:56   ├─ /more-about/ai-web-research/index.html[toolingGallery] Missing tools for IDs: [ '[[organizations/Perplexity AI|Perplexity AI]]' ]
 (+12ms) 
14:20:56   ├─ /more-about/explainers-for-ai/ai-workspaces/index.html (+6ms) 
14:20:56   ├─ /more-about/explainers-for-ai/ai-wrappers/index.html (+1ms) 
14:20:56   ├─ /more-about/explainers-for-ai/ai-generated-customer-insights/index.html (+8ms) 
14:20:56   ├─ /more-about/ai-ml-pipelines/index.html (+1ms) 
14:20:56   ├─ /more-about/explainers-for-ai/ai-powered-language-translation/index.html (+6ms) 
14:20:56   ├─ /more-about/ai-powered-search/index.html (+1ms) 
14:20:56   ├─ /more-about/ambition-shelters/index.html (+1ms) 
14:20:56   ├─ /more-about/api-first/index.html (+1ms) 
14:20:56   ├─ /more-about/api-first-development/index.html (+1ms) 
14:20:56   ├─ /more-about/explainers-for-tooling/api-managers/index.html (+28ms) 
14:20:56   ├─ /more-about/explainers-for-ai/artificial-general-intelligence/index.html (+10ms) 
14:20:56   ├─ /more-about/explainers-for-ai/artificial-intelligence/index.html (+95ms) 
14:20:56   ├─ /more-about/asymmetric-competition/index.html (+1ms) 
14:20:56   ├─ /more-about/explainers-for-ai/auto-regression/index.html (+1ms) 
14:20:56   ├─ /more-about/explainers-for-tooling/backend-as-a-service/index.html (+6ms) 
14:20:56   ├─ /more-about/blank-slates/index.html (+6ms) 
14:20:57   ├─ /more-about/brown-mm-test/index.html (+8ms) 
14:20:57   ├─ /more-about/explainers-for-ai/browser-agents/index.html (+1ms) 
14:20:57   ├─ /more-about/calm-design/index.html (+3ms) 
14:20:57   ├─ /more-about/carbs/index.html (+1ms) 
14:20:57   ├─ /more-about/explainers-for-ai/chain-of-draft/index.html (+8ms) 
14:20:57   ├─ /more-about/explainers-for-ai/code-generators/index.html[Shiki] The language "litegal" doesn't exist, falling back to "plaintext".
[Shiki] The language "litegal" doesn't exist, falling back to "plaintext".
 (+287ms) 
14:20:57   ├─ /more-about/cognitive-collaborative-tooling/index.html (+32ms) 
14:20:57   ├─ /more-about/coherence/index.html (+54ms) 
14:20:57   ├─ /more-about/community-engagement/index.html (+1ms) 
14:20:57   ├─ /more-about/compliance-ai/index.html (+1ms) 
14:20:57   ├─ /more-about/compostable-architecture/index.html (+5ms) 
14:20:57   ├─ /more-about/explainers-for-ai/computer-using-agents/index.html (+1ms) 
14:20:57   ├─ /more-about/concept-model/index.html (+14ms) 
14:20:57   ├─ /more-about/conceptual-integrity/index.html (+17ms) 
14:20:57   ├─ /more-about/explainers-for-ai/conlt/index.html (+1ms) 
14:20:57   ├─ /more-about/explainers-for-ai/content-agents/index.html (+1ms) 
14:20:57   ├─ /more-about/content-generation/index.html (+1ms) 
14:20:57   ├─ /more-about/explainers-for-tooling/content-management-system/index.html (+11ms) 
14:20:57   ├─ /more-about/content-model/index.html (+1ms) 
14:20:57   ├─ /more-about/context-engineering/index.html (+1ms) 
14:20:57   ├─ /more-about/continuous-integration-and-continuous-deployment/index.html (+8ms) 
14:20:57   ├─ /more-about/contract-automation/index.html (+5ms) 
14:20:57   ├─ /more-about/contrarian-talent/index.html (+6ms) 
14:20:57   ├─ /more-about/explainers-for-ai/d-rag/index.html (+1ms) 
14:20:57   ├─ /more-about/data-augmentation-workflow/index.html[toolingGallery] Missing tools for IDs: [ 'tags:', 'Data Augmenters' ]
 (+28ms) 
14:20:57   ├─ /more-about/data-centers/index.html (+24ms) 
14:20:57   ├─ /more-about/data-fluidics/index.html (+15ms) 
14:20:57   ├─ /more-about/data-integrity-rituals/index.html (+1ms) 
14:20:57   ├─ /more-about/explainers-for-tooling/data-as-a-service/index.html (+1ms) 
14:20:57   ├─ /more-about/explainers-for-tooling/database-apps/index.html (+10ms) 
14:20:57   ├─ /more-about/explainers-for-tooling/databases/index.html (+148ms) 
14:20:57   ├─ /more-about/carbs/decision-trees/index.html (+14ms) 
14:20:57   ├─ /more-about/explainers-for-ai/deep-graph-library/index.html (+1ms) 
14:20:57   ├─ /more-about/explainers-for-ai/deep-learning/index.html (+1ms) 
14:20:57   ├─ /more-about/demand-generation/index.html (+20ms) 
14:20:57   ├─ /more-about/explainers-for-ai/design-generators/index.html (+1ms) 
14:20:57   ├─ /more-about/design-research/index.html (+6ms) 
14:20:57   ├─ /more-about/developer-experience/index.html (+4ms) 
14:20:57   ├─ /more-about/divergence-and-convergence/index.html (+12ms) 
14:20:57   ├─ /more-about/double-differentiation/index.html (+1ms) 
14:20:57   ├─ /more-about/drag/index.html (+26ms) 
14:20:57   ├─ /more-about/explainers-for-ai/effect-systems/index.html (+6ms) 
14:20:57   ├─ /more-about/efficiency-before-scale/index.html (+24ms) 
14:20:57   ├─ /more-about/emergent-innovation/index.html (+1ms) 
14:20:57   ├─ /more-about/explainers-for-ai/enhanced-graphs/index.html (+1ms) 
14:20:57   ├─ /more-about/explainers-for-tooling/enterprise-resource-planning/index.html (+20ms) 
14:20:57   ├─ /more-about/fine-tuning/index.html[toolingGallery] Missing tools for IDs: [ 'tag: Fine-Tuners' ]
 (+31ms) 
14:20:57   ├─ /more-about/flavored-syntax/index.html (+2ms) 
14:20:57   ├─ /more-about/flexible-organizations/index.html (+22ms) 
14:20:57   ├─ /more-about/carbs/flow-charts/index.html (+6ms) 
14:20:57   ├─ /more-about/getting-started/index.html (+1ms) 
14:20:57   ├─ /more-about/explainers-for-tooling/github-forks/index.html (+7ms) 
14:20:57   ├─ /more-about/explainers-for-ai/graph-convolution-network/index.html (+1ms) 
14:20:57   ├─ /more-about/explainers-for-ai/graph-neural-networks/index.html (+1ms) 
14:20:57   ├─ /more-about/explainers-for-ai/group-relative-policy-optimization/index.html (+1ms) 
14:20:57   ├─ /more-about/explainers-for-tooling/headless-cms/index.html (+14ms) 
14:20:57   ├─ /more-about/explainers-for-ai/healthtech-ai-examples/index.html (+1ms) 
14:20:57   ├─ /more-about/explainers-for-ai/home-labs/index.html[Shiki] The language "requestjson--perplexica" doesn't exist, falling back to "plaintext".
 (+5ms) 
14:20:57   ├─ /more-about/explainers-for-ai/homelab-networks/index.html (+1ms) 
14:20:57   ├─ /more-about/hypothesis-driven-development/index.html (+1ms) 
14:20:57   ├─ /more-about/explainers-for-ai/image-generator/index.html (+1ms) 
14:20:57   ├─ /more-about/impute-marketing/index.html (+5ms) 
14:20:57   ├─ /more-about/information-flows/index.html (+6ms) 
14:20:57   ├─ /more-about/innovation-pipelines/index.html (+1ms) 
14:20:57   ├─ /more-about/input-markets/index.html (+6ms) 
14:20:57   ├─ /more-about/internal-standard-developer-stack/index.html (+11ms) 
14:20:57   ├─ /more-about/explainers-for-tooling/internal-tool-builders/index.html (+13ms) 
14:20:57   ├─ /more-about/jobs-to-be-done/index.html (+20ms) 
14:20:57   ├─ /more-about/just-good-enough/index.html (+2ms) 
14:20:57   ├─ /more-about/kano-model/index.html (+25ms) 
14:20:58   ├─ /more-about/explainers-for-ai/knowledge-graph/index.html (+1ms) 
14:20:58   ├─ /more-about/explainers-for-tooling/knowledge-management/index.html (+1ms) 
14:20:58   ├─ /more-about/language-server-protocol/index.html (+1ms) 
14:20:58   ├─ /more-about/leapfrogging/index.html (+1ms) 
14:20:58   ├─ /more-about/lego-kit-engineering/index.html (+5ms) 
14:20:58   ├─ /more-about/explainers-for-ai/llm-parameters/llm-streaming/index.html (+1ms) 
14:20:58   ├─ /more-about/lossless/index.html (+1ms) 
14:20:58   ├─ /more-about/lossless-innovation/index.html (+1ms) 
14:20:58   ├─ /more-about/explainers-for-tooling/lottie-files/index.html (+13ms) 
14:20:58   ├─ /more-about/explainers-for-ai/lpu/index.html (+1ms) 
14:20:58   ├─ /more-about/explainers-for-ai/memory-layer/index.html (+1ms) 
14:20:58   ├─ /more-about/explainers-for-ai/mixture-of-block-attention/index.html (+1ms) 
14:20:58   ├─ /more-about/explainers-for-ai/mixture-of-experts/index.html (+3ms) 
14:20:58   ├─ /more-about/model-api/index.html (+1ms) 
14:20:58   ├─ /more-about/explainers-for-ai/model-context-protocol/index.html (+21ms) 
14:20:58   ├─ /more-about/model-vendors/index.html (+2ms) 
14:20:58   ├─ /more-about/motivated-tinkering/index.html (+2ms) 
14:20:58   ├─ /more-about/explainers-for-ai/multimodal-ai-agents/index.html (+1ms) 
14:20:58   ├─ /more-about/explainers-for-ai/music-generators/index.html (+1ms) 
14:20:58   ├─ /more-about/naming-conventions/index.html (+6ms) 
14:20:58   ├─ /more-about/new-models/index.html (+5ms) 
14:20:58   ├─ /more-about/on-demand-talent/index.html (+2ms) 
14:20:58   ├─ /more-about/onboarding-toolkit/index.html (+1ms) 
14:20:58   ├─ /more-about/explainers-for-ai/ontology-driven-agents/index.html (+1ms) 
14:20:58   ├─ /more-about/explainers-for-ai/open-source-ai/index.html (+1ms) 
14:20:58   ├─ /more-about/open-source-alternatives/index.html (+1ms) 
14:20:58   ├─ /more-about/open-source-diy-variant/index.html (+5ms) 
14:20:58   ├─ /more-about/open-specifications/index.html (+5ms) 
14:20:58   ├─ /more-about/open-standards/index.html (+1ms) 
14:20:58   ├─ /more-about/explainers-for-tooling/opinionated-analytics/index.html (+14ms) 
14:20:58   ├─ /more-about/opsless-deployment-providers/index.html (+29ms) 
14:20:58   ├─ /more-about/carbs/orgcharts/index.html (+1ms) 
14:20:58   ├─ /more-about/explainers-for-ai/pathrag/index.html (+1ms) 
14:20:58   ├─ /more-about/platform-mechanisms/index.html (+111ms) 
14:20:58   ├─ /more-about/precision-products/index.html (+1ms) 
14:20:58   ├─ /more-about/premature-abstraction/index.html (+1ms) 
14:20:58   ├─ /more-about/premature-scaling/index.html (+3ms) 
14:20:58   ├─ /more-about/pricing-strategy/index.html (+9ms) 
14:20:58   ├─ /more-about/explainers-for-ai/proactive-support-agents/index.html (+2ms) 
14:20:58   ├─ /more-about/process-mapping/index.html (+2ms) 
14:20:58   ├─ /more-about/product-development-workflow/index.html (+12ms) 
14:20:58   ├─ /more-about/explainers-for-tooling/programming-languages/index.html (+14ms) 
14:20:58   ├─ /more-about/explainers-for-ai/prompt-engineering/index.html (+3ms) 
14:20:58   ├─ /more-about/explainers-for-ai/prompt-wizard/index.html (+6ms) 
14:20:58   ├─ /more-about/protected-play/index.html (+16ms) 
14:20:58   ├─ /more-about/public-repository/index.html (+1ms) 
14:20:58   ├─ /more-about/explainers-for-ai/quantization/index.html (+1ms) 
14:20:58   ├─ /more-about/explainers-for-ai/rag-agent/index.html (+1ms) 
14:20:58   ├─ /more-about/rapid-prototyping-infrastructure/index.html (+6ms) 
14:20:58   ├─ /more-about/explainers-for-ai/reason-on-agentic-reasoning/index.html (+1ms) 
14:20:58   ├─ /more-about/explainers-for-tooling/recruiting-platforms/index.html (+4ms) 
14:20:58   ├─ /more-about/explainers-for-ai/reinforcement-learning/index.html (+1ms) 
14:20:58   ├─ /more-about/relationship-intelligence/index.html (+11ms) 
14:20:58   ├─ /more-about/release-notes/index.html (+2ms) 
14:20:58   ├─ /more-about/reproducible-builds/index.html (+6ms) 
14:20:58   ├─ /more-about/revenue-orchestration/index.html (+1ms) 
14:20:58   ├─ /more-about/explainers-for-ai/simulated-human/index.html (+1ms) 
14:20:58   ├─ /more-about/single-point-of-contact/index.html (+1ms) 
14:20:58   ├─ /more-about/explainers-for-tooling/site-builders/index.html (+1ms) 
14:20:58   ├─ /more-about/skeumorphism/index.html (+8ms) 
14:20:58   ├─ /more-about/explainers-for-ai/sparse-mixture-of-experts/index.html (+1ms) 
14:20:58   ├─ /more-about/spillover-value-creation/index.html (+1ms) 
14:20:58   ├─ /more-about/stack-compatibility/index.html (+87ms) 
14:20:58   ├─ /more-about/stack-engineering/index.html (+10ms) 
14:20:58   ├─ /more-about/carbs/stack-maps/index.html (+2ms) 
14:20:58   ├─ /more-about/standardized-workspaces/index.html (+1ms) 
14:20:58   ├─ /more-about/state-of-the-art/index.html (+1ms) 
14:20:58   ├─ /more-about/carbs/styleguides/index.html (+1ms) 
14:20:58   ├─ /more-about/explainers-for-ai/subagents/index.html (+1ms) 
14:20:58   ├─ /more-about/sustainability-reporting/index.html (+1ms) 
14:20:58   ├─ /more-about/explainers-for-ai/swarm/index.html (+1ms) 
14:20:58   ├─ /more-about/symbolic-links/index.html (+1ms) 
14:20:58   ├─ /more-about/explainers-for-ai/synthetic-customers/index.html (+14ms) 
14:20:58   ├─ /more-about/explainers-for-ai/synthetic-data/index.html (+1ms) 
14:20:58   ├─ /more-about/team-of-one/index.html (+5ms) 
14:20:58   ├─ /more-about/explainers-for-tooling/terminal-emulators/index.html (+1ms) 
14:20:58   ├─ /more-about/test-driven-development/index.html (+29ms) 
14:20:58   ├─ /more-about/explainers-for-tooling/text-editors-or-ides/index.html (+14ms) 
14:20:58   ├─ /more-about/explainers-for-ai/text-to-speech/index.html (+1ms) 
14:20:58   ├─ /more-about/explainers-for-ai/text-to-sql/index.html (+1ms) 
14:20:58   ├─ /more-about/the-attention-economy/index.html (+1ms) 
14:20:58   ├─ /more-about/theory-of-constraints/index.html (+7ms) 
14:20:58   ├─ /more-about/think-again/index.html (+11ms) 
14:20:58   ├─ /more-about/explainers-for-ai/tokens/index.html (+1ms) 
14:20:58   ├─ /more-about/explainers-for-ai/topological-graph-contrastive-learning/index.html (+1ms) 
14:20:58   ├─ /more-about/unified-api/index.html (+19ms) 
14:20:58   ├─ /more-about/explainers-for-tooling/unified-data-layer/index.html (+1ms) 
14:20:58   ├─ /more-about/unified-design-system/index.html (+5ms) 
14:20:58   ├─ /more-about/user-forums/index.html (+1ms) 
14:20:58   ├─ /more-about/explainers-for-tooling/user-research-repositories/index.html (+5ms) 
14:20:58   ├─ /more-about/vector-embeddings/index.html (+1ms) 
14:20:58   ├─ /more-about/venture-design/index.html (+10ms) 
14:20:58   ├─ /more-about/version-control/index.html (+46ms) 
14:20:58   ├─ /more-about/vertical-agents/index.html (+1ms) 
14:20:58   ├─ /more-about/explainers-for-tooling/vertical-wrappers/index.html (+8ms) 
14:20:58   ├─ /more-about/explainers-for-ai/vibe-planning/index.html (+1ms) 
14:20:58   ├─ /more-about/visual-communication/index.html (+1ms) 
14:20:58   ├─ /more-about/visual-leadership/index.html (+1ms) 
14:20:58   ├─ /more-about/visual-software-development/index.html (+86ms) 
14:20:58   ├─ /more-about/explainers-for-ai/voice-assistant/index.html (+1ms) 
14:20:58   ├─ /more-about/explainers-for-ai/voice-cloners/index.html (+1ms) 
14:20:58   ├─ /more-about/explainers-for-ai/voice-generator/index.html (+1ms) 
14:20:58   ├─ /more-about/explainers-for-ai/voice-to-text/index.html (+1ms) 
14:20:58   ├─ /more-about/explainers-for-tooling/web-frameworks/index.html (+55ms) 
14:20:58   ├─ /more-about/explainers-for-ai/website-cloning/index.html (+1ms) 
14:20:58   ├─ /more-about/whole-solution/index.html (+1ms) 
14:20:58   └─ /more-about/explainers-for-ai/world-foundation-models/index.html (+1ms) 
14:20:58 ▶ src/pages/read/essays/[...slug].astro
14:20:58   ├─ /read/essays/are-code-generators-really-the-death-of-saas/index.html (+4ms) 
14:20:58   ├─ /read/essays/back-to-the-future/index.html (+4ms) 
14:20:58   ├─ /read/essays/can-organizations-know-what-their-people-have-known/index.html (+10ms) 
14:20:58   ├─ /read/essays/build-your-own-pc/index.html (+16ms) 
14:20:58   ├─ /read/essays/consistent-go-to-market/index.html (+15ms) 
14:20:58   ├─ /read/essays/embrace-pirates-or-see-mutiny/index.html (+6ms) 
14:20:58   ├─ /read/essays/from-rags-to-riches/index.html (+53ms) 
14:20:58   ├─ /read/essays/a-new-standard-for-chaining-ai-operations-called-model-context-protocol/index.html[grid_utils] Processing local image: /home/mps/code/lossless-monorepo/site/public/visuals/repVector__Prompt.svg
[grid_utils] Processing local image: /home/mps/code/lossless-monorepo/site/public/visuals/repVector__Reminder.svg
[grid_utils] Processing local image: /home/mps/code/lossless-monorepo/site/public/visuals/repVector__Specification.svg
 (+10ms) 
14:20:58   ├─ /read/essays/ai-is-first-a-trojan-horse/index.html (+13ms) 
14:20:58   ├─ /read/essays/a-theory-of-lossless-innovation/index.html (+41ms) 
14:20:59   ├─ /read/essays/from-engineering-to-managing-large-codebases/index.html (+2ms) 
14:20:59   ├─ /read/essays/give-them-a-tool/index.html (+22ms) 
14:20:59   ├─ /read/essays/how-docker-changed-everything/index.html (+19ms) 
14:20:59   ├─ /read/essays/holacracy-inspired-reorganization/index.html (+7ms) 
14:20:59   ├─ /read/essays/how-github-changed-everything/index.html (+76ms) 
14:20:59   ├─ /read/essays/how-kubernetes-changed-everything/index.html (+1ms) 
14:20:59   ├─ /read/essays/how-markdown-changed-everything/index.html (+3ms) 
14:20:59   ├─ /read/essays/how-rest-apis-changed-everything/index.html (+6ms) 
14:20:59   ├─ /read/essays/load-up-on-carbs/index.html (+6ms) 
14:20:59   ├─ /read/essays/non-engineers-become-prototypers/index.html (+1ms) 
14:20:59   ├─ /read/essays/on-data-gathering/index.html (+37ms) 
14:20:59   ├─ /read/essays/software-development-with-code-generators/index.html (+36ms) 
14:20:59   ├─ /read/essays/partnering-with-startups-at-scale-up/index.html (+2ms) 
14:20:59   ├─ /read/essays/someones-gotta-keep-up-with-it/index.html[Shiki] The language "requestjson--perplexica" doesn't exist, falling back to "plaintext".
 (+24ms) 
14:20:59   ├─ /read/essays/technology-wants-to-be-emergent/index.html (+24ms) 
14:20:59   ├─ /read/essays/opinionated-engineering/index.html (+1ms) 
14:20:59   ├─ /read/essays/open-source-is-now-a-zero-to-one-booster/index.html (+8ms) 
14:20:59   ├─ /read/essays/tectonic-shifts-and-business-configuration/index.html (+15ms) 
14:20:59   ├─ /read/essays/the-ai-model-wars/index.html (+1ms) 
14:20:59   ├─ /read/essays/the-geography-of-innovation/index.html (+1ms) 
14:20:59   ├─ /read/essays/the-irony-of-ui-stability/index.html (+6ms) 
14:20:59   ├─ /read/essays/the-multiverse-theory-of-spatial-value-capture-dynamics-in-innovation-markets/index.html (+1ms) 
14:20:59   ├─ /read/essays/the-new-new-founder-stack/index.html (+5ms) 
14:20:59   ├─ /read/essays/the-power-of-challenges/index.html (+2ms) 
14:20:59   ├─ /read/essays/the-resurgence-of-the-terminal/index.html (+1ms) 
14:20:59   ├─ /read/essays/timeline-of-milestones-in-technology/index.html (+47ms) 
14:20:59   ├─ /read/essays/tiny-teams-with-tiny-ideas/index.html (+1ms) 
14:20:59   ├─ /read/essays/web-security-is-about-preventing-naivety/index.html (+32ms) 
14:20:59   ├─ /read/essays/why-everyone-needs-to-become-a-linux-user/index.html (+11ms) 
14:20:59   ├─ /read/essays/why-text-manipulation-is-now-mission-critical/index.html (+1ms) 
14:20:59   ├─ /read/essays/why-vertical-wrappers-have-better-odds-for-investors/index.html (+1ms) 
14:20:59   ├─ /read/essays/win-the-market-on-getting-started/index.html (+1ms) 
14:20:59   └─ /read/essays/why-user-research-repositories/index.html (+1ms) 
14:20:59 ▶ src/pages/read/through/[collection]/[...slug].astro
14:20:59   ├─ /read/through/essays/are-code-generators-really-the-death-of-saas/index.html (+7ms) 
14:20:59   ├─ /read/through/essays/back-to-the-future/index.html (+7ms) 
14:20:59   ├─ /read/through/essays/can-organizations-know-what-their-people-have-known/index.html (+14ms) 
14:20:59   ├─ /read/through/essays/build-your-own-pc/index.html (+21ms) 
14:20:59   ├─ /read/through/essays/consistent-go-to-market/index.html (+19ms) 
14:20:59   ├─ /read/through/essays/embrace-pirates-or-see-mutiny/index.html (+9ms) 
14:20:59   ├─ /read/through/essays/from-rags-to-riches/index.html (+55ms) 
14:20:59   ├─ /read/through/essays/a-new-standard-for-chaining-ai-operations-called-model-context-protocol/index.html[grid_utils] Processing local image: /home/mps/code/lossless-monorepo/site/public/visuals/repVector__Prompt.svg
[grid_utils] Processing local image: /home/mps/code/lossless-monorepo/site/public/visuals/repVector__Reminder.svg
[grid_utils] Processing local image: /home/mps/code/lossless-monorepo/site/public/visuals/repVector__Specification.svg
 (+11ms) 
14:20:59   ├─ /read/through/essays/ai-is-first-a-trojan-horse/index.html (+17ms) 
14:20:59   ├─ /read/through/essays/a-theory-of-lossless-innovation/index.html (+44ms) 
14:20:59   ├─ /read/through/essays/from-engineering-to-managing-large-codebases/index.html (+4ms) 
14:20:59   ├─ /read/through/essays/give-them-a-tool/index.html (+27ms) 
14:20:59   ├─ /read/through/essays/how-docker-changed-everything/index.html (+20ms) 
14:20:59   ├─ /read/through/essays/holacracy-inspired-reorganization/index.html (+9ms) 
14:20:59   ├─ /read/through/essays/how-github-changed-everything/index.html (+80ms) 
14:20:59   ├─ /read/through/essays/how-kubernetes-changed-everything/index.html (+4ms) 
14:20:59   ├─ /read/through/essays/how-markdown-changed-everything/index.html (+6ms) 
14:20:59   ├─ /read/through/essays/how-rest-apis-changed-everything/index.html (+7ms) 
14:20:59   ├─ /read/through/essays/load-up-on-carbs/index.html (+9ms) 
14:20:59   ├─ /read/through/essays/non-engineers-become-prototypers/index.html (+4ms) 
14:20:59   ├─ /read/through/essays/on-data-gathering/index.html (+40ms) 
14:20:59   ├─ /read/through/essays/software-development-with-code-generators/index.html (+37ms) 
14:20:59   ├─ /read/through/essays/partnering-with-startups-at-scale-up/index.html (+5ms) 
14:20:59   ├─ /read/through/essays/someones-gotta-keep-up-with-it/index.html[Shiki] The language "requestjson--perplexica" doesn't exist, falling back to "plaintext".
 (+26ms) 
14:20:59   ├─ /read/through/essays/technology-wants-to-be-emergent/index.html (+29ms) 
14:20:59   ├─ /read/through/essays/opinionated-engineering/index.html (+5ms) 
14:20:59   ├─ /read/through/essays/open-source-is-now-a-zero-to-one-booster/index.html (+15ms) 
14:20:59   ├─ /read/through/essays/tectonic-shifts-and-business-configuration/index.html (+22ms) 
14:20:59   ├─ /read/through/essays/the-ai-model-wars/index.html (+5ms) 
14:20:59   ├─ /read/through/essays/the-new-new-founder-stack/index.html (+12ms) 
14:20:59   ├─ /read/through/essays/the-power-of-challenges/index.html (+7ms) 
14:20:59   ├─ /read/through/essays/the-resurgence-of-the-terminal/index.html (+5ms) 
14:20:59   ├─ /read/through/essays/timeline-of-milestones-in-technology/index.html (+70ms) 
14:21:00   ├─ /read/through/essays/tiny-teams-with-tiny-ideas/index.html (+4ms) 
14:21:00   ├─ /read/through/essays/web-security-is-about-preventing-naivety/index.html (+33ms) 
14:21:00   ├─ /read/through/essays/why-everyone-needs-to-become-a-linux-user/index.html (+17ms) 
14:21:00   ├─ /read/through/essays/why-text-manipulation-is-now-mission-critical/index.html (+4ms) 
14:21:00   ├─ /read/through/essays/why-vertical-wrappers-have-better-odds-for-investors/index.html (+3ms) 
14:21:00   ├─ /read/through/essays/win-the-market-on-getting-started/index.html (+4ms) 
14:21:00   └─ /read/through/essays/why-user-research-repositories/index.html (+3ms) 
14:21:00 ▶ src/pages/read/through/index.astro
14:21:00   └─ /read/through/index.html (+7ms) 
14:21:00 ▶ src/pages/read/index.astro
14:21:00   └─ /read/index.html (+3ms) 
14:21:00 ▶ src/pages/slides/astro-basics.astro
14:21:00   └─ /slides/astro-basics/index.html (+1ms) 
14:21:00 ▶ src/pages/slides/markdown/index.astro
14:21:00   └─ /slides/markdown/index.html (+1ms) 
14:21:00 ▶ src/pages/slides/markdown-demo.astro
14:21:00   └─ /slides/markdown-demo/index.html (+1ms) 
14:21:00 ▶ src/pages/slides/modern-css.astro
14:21:00   └─ /slides/modern-css/index.html (+1ms) 
14:21:00 ▶ src/pages/slides/pdf.astro
14:21:00   └─ /slides/pdf/index.html (+1ms) 
14:21:00 ▶ src/pages/slides/reveal-intro.astro
14:21:00   └─ /slides/reveal-intro/index.html (+1ms) 
14:21:00 ▶ src/pages/slides/web-performance.astro
14:21:00   └─ /slides/web-performance/index.html (+1ms) 
14:21:00 ▶ src/pages/slides/index.astro
14:21:00   └─ /slides/index.html (+1ms) 
14:21:00 ▶ src/pages/thread/[magazine].astro
14:21:00   ├─ /thread/prompts/index.html (+26ms) 
14:21:00   ├─ /thread/specs/index.html (+5ms) 
14:21:00   └─ /thread/reminders/index.html (+7ms) 
14:21:00 ▶ src/pages/toolkit.astro
14:21:00   └─ /toolkit/index.html (+103ms) 
14:21:00 ▶ src/pages/toolkit/[...slug].astro
Found 1219 entries in the tooling collection
14:21:00   ├─ /toolkit/creative/adobe-lightroom/index.html (+3ms) 
14:21:00   ├─ /toolkit/adcreative-ai/index.html (+1ms) 
14:21:00   ├─ /toolkit/creative/after-effects/index.html (+19ms) 
14:21:00   ├─ /toolkit/creative/affinity/index.html (+22ms) 
14:21:00   ├─ /toolkit/creative/blender/index.html (+14ms) 
14:21:00   ├─ /toolkit/canva/index.html (+1ms) 
14:21:00   ├─ /toolkit/creative/canvid/index.html (+1ms) 
14:21:00   ├─ /toolkit/creative/carona/index.html (+1ms) 
14:21:00   ├─ /toolkit/creative/coolers/index.html (+1ms) 
14:21:00   ├─ /toolkit/creative/davinci-resolve/index.html (+1ms) 
14:21:00   ├─ /toolkit/creative/defold/index.html (+1ms) 
14:21:00   ├─ /toolkit/creative/designrr/index.html (+1ms) 
14:21:00   ├─ /toolkit/creative/ezgf/index.html (+1ms) 
14:21:00   ├─ /toolkit/creative/figma/index.html (+29ms) 
14:21:00   ├─ /toolkit/futo/index.html (+1ms) 
14:21:00   ├─ /toolkit/creative/gimp/index.html (+1ms) 
14:21:00   ├─ /toolkit/creative/flux-pcb-ai/index.html (+1ms) 
14:21:00   ├─ /toolkit/gamebyte-ai/index.html (+1ms) 
14:21:00   ├─ /toolkit/creative/godot-engine/index.html (+1ms) 
14:21:00   ├─ /toolkit/creative/graphite-design/index.html (+5ms) 
14:21:00   ├─ /toolkit/creative/iconscout/index.html (+5ms) 
14:21:00   ├─ /toolkit/creative/kdenlive/index.html (+5ms) 
14:21:00   ├─ /toolkit/creative/lensa-ai/index.html (+1ms) 
14:21:00   ├─ /toolkit/lexilexi-ai/index.html (+1ms) 
14:21:00   ├─ /toolkit/creative/litur/index.html (+14ms) 
14:21:00   ├─ /toolkit/creative/manim/index.html (+18ms) 
14:21:00   ├─ /toolkit/creative/ludenso/index.html (+1ms) 
14:21:00   ├─ /toolkit/creative/linearity/index.html (+26ms) 
14:21:00   ├─ /toolkit/creative/material-design/index.html (+1ms) 
14:21:00   ├─ /toolkit/creative/movavi/index.html (+1ms) 
14:21:00   ├─ /toolkit/creative/noesis-studio/index.html (+1ms) 
14:21:00   ├─ /toolkit/creative/noesis/index.html (+1ms) 
14:21:00   ├─ /toolkit/creative/o3g-engine/index.html (+16ms) 
14:21:00   ├─ /toolkit/creative/onshape/index.html (+5ms) 
14:21:00   ├─ /toolkit/creative/photoshop/index.html (+1ms) 
14:21:00   ├─ /toolkit/plasticity/index.html (+1ms) 
14:21:00   ├─ /toolkit/creative/riverside-fm/index.html (+1ms) 
14:21:00   ├─ /toolkit/creative/prisma-ai/index.html (+1ms) 
14:21:00   ├─ /toolkit/creative/sip-macos-app/index.html (+1ms) 
14:21:00   ├─ /toolkit/creative/screenstudio/index.html (+5ms) 
14:21:00   ├─ /toolkit/snappa/index.html (+1ms) 
14:21:00   ├─ /toolkit/creative/supernova/index.html (+1ms) 
14:21:00   ├─ /toolkit/creative/ultimate-vocal-remover/index.html (+1ms) 
14:21:00   ├─ /toolkit/creative/unity/index.html (+1ms) 
14:21:00   ├─ /toolkit/creative/streamline/index.html (+1ms) 
14:21:00   ├─ /toolkit/creative/venngage/index.html (+1ms) 
14:21:00   ├─ /toolkit/creative/unreal-engine/index.html (+1ms) 
14:21:00   ├─ /toolkit/data-utilities/astronomer/index.html (+1ms) 
14:21:00   ├─ /toolkit/creative/verse/index.html (+5ms) 
14:21:00   ├─ /toolkit/creative/wootag/index.html (+5ms) 
14:21:00   ├─ /toolkit/data-utilities/brightdata/index.html (+1ms) 
14:21:00   ├─ /toolkit/data-utilities/bruin/index.html (+1ms) 
14:21:00   ├─ /toolkit/data-utilities/atlan/index.html (+13ms) 
14:21:00   ├─ /toolkit/data-utilities/dagster/index.html (+1ms) 
14:21:00   ├─ /toolkit/data-utilities/encord/index.html (+1ms) 
14:21:00   ├─ /toolkit/data-utilities/fivetran/index.html (+6ms) 
14:21:00   ├─ /toolkit/data-utilities/bigquery/index.html (+6ms) 
14:21:00   ├─ /toolkit/data-utilities/datadog/index.html (+6ms) 
14:21:00   ├─ /toolkit/data-utilities/gnews/index.html (+1ms) 
14:21:00   ├─ /toolkit/data-utilities/databricks/index.html (+14ms) 
14:21:00   ├─ /toolkit/data-utilities/heap/index.html (+5ms) 
14:21:00   ├─ /toolkit/data-utilities/hevo-data/index.html (+19ms) 
14:21:00   ├─ /toolkit/data-utilities/hex/index.html (+1ms) 
14:21:00   ├─ /toolkit/data-utilities/hotjar/index.html (+1ms) 
14:21:00   ├─ /toolkit/data-utilities/kafka/index.html (+1ms) 
14:21:00   ├─ /toolkit/data-utilities/jupyter-notebooks/index.html (+10ms) 
14:21:00   ├─ /toolkit/data-utilities/kanochart/index.html (+5ms) 
14:21:00   ├─ /toolkit/labelbox/index.html (+1ms) 
14:21:00   ├─ /toolkit/data-utilities/linkurious/index.html (+1ms) 
14:21:00   ├─ /toolkit/data-utilities/mamoto/index.html (+1ms) 
14:21:00   ├─ /toolkit/data-utilities/marimo/index.html (+9ms) 
14:21:00   ├─ /toolkit/data-utilities/news-api/index.html (+1ms) 
14:21:00   ├─ /toolkit/data-utilities/nivo-charts/index.html (+1ms) 
14:21:00   ├─ /toolkit/data-utilities/mode/index.html (+5ms) 
14:21:00   ├─ /toolkit/data-utilities/node-red/index.html (+1ms) 
14:21:00   ├─ /toolkit/data-utilities/nushell/index.html (+5ms) 
14:21:00   ├─ /toolkit/data-utilities/observablehq/index.html (+1ms) 
14:21:00   ├─ /toolkit/data-utilities/pandas-ai/index.html (+13ms) 
14:21:00   ├─ /toolkit/data-utilities/pipekit/index.html (+1ms) 
14:21:00   ├─ /toolkit/data-utilities/plakar/index.html (+1ms) 
14:21:00   ├─ /toolkit/data-utilities/polars/index.html (+1ms) 
14:21:00   ├─ /toolkit/data-utilities/powerbi/index.html (+1ms) 
14:21:00   ├─ /toolkit/data-utilities/prisma/index.html (+9ms) 
14:21:00   ├─ /toolkit/data-utilities/redpanda/index.html (+1ms) 
14:21:00   ├─ /toolkit/data-utilities/serpapi/index.html (+1ms) 
14:21:00   ├─ /toolkit/data-utilities/streamlit/index.html (+5ms) 
14:21:00   ├─ /toolkit/data-utilities/tableau/index.html (+1ms) 
14:21:00   ├─ /toolkit/data-utilities/totem/index.html (+5ms) 
14:21:00   ├─ /toolkit/data-utilities/trino/index.html (+1ms) 
14:21:00   ├─ /toolkit/data-utilities/upstash/index.html (+5ms) 
14:21:00   ├─ /toolkit/wayfare-ai/index.html (+1ms) 
14:21:00   ├─ /toolkit/data-utilities/browserless/index.html (+6ms) 
14:21:00   ├─ /toolkit/ai-toolkit/aiml-api/index.html (+1ms) 
14:21:00   ├─ /toolkit/ai-toolkit/agenticai/index.html (+1ms) 
14:21:00   ├─ /toolkit/ai-toolkit/archon-labs/index.html (+1ms) 
14:21:00   ├─ /toolkit/ai-toolkit/breezyai/index.html (+1ms) 
14:21:00   ├─ /toolkit/ai-toolkit/browser-use/index.html (+10ms) 
14:21:00   ├─ /toolkit/ai-toolkit/cntxtjs/index.html (+1ms) 
14:21:00   ├─ /toolkit/consio/index.html (+1ms) 
14:21:00   ├─ /toolkit/creatopy/index.html (+1ms) 
14:21:00   ├─ /toolkit/ai-toolkit/denser-ai/index.html (+1ms) 
14:21:00   ├─ /toolkit/ai-toolkit/exo/index.html (+9ms) 
14:21:00   ├─ /toolkit/ai-toolkit/hugging-face/index.html (+21ms) 
14:21:00   ├─ /toolkit/ai-toolkit/mcpso/index.html (+1ms) 
14:21:00   ├─ /toolkit/ai-toolkit/magentic-one/index.html (+14ms) 
14:21:00   ├─ /toolkit/ai-toolkit/mindhunters-ai/index.html (+1ms) 
14:21:00   ├─ /toolkit/ai-toolkit/numbers-station/index.html (+9ms) 
14:21:00   ├─ /toolkit/ai-toolkit/phenoml/index.html (+1ms) 
14:21:00   ├─ /toolkit/ai-toolkit/piktochart/index.html (+1ms) 
14:21:00   ├─ /toolkit/ai-toolkit/promptly/index.html (+1ms) 
14:21:00   ├─ /toolkit/ai-toolkit/replika/index.html (+1ms) 
14:21:00   ├─ /toolkit/ai-toolkit/searxng/index.html (+1ms) 
14:21:00   ├─ /toolkit/ai-toolkit/spotter-studio/index.html (+1ms) 
14:21:00   ├─ /toolkit/ai-toolkit/theres-an-ai-for-that/index.html (+1ms) 
14:21:00   ├─ /toolkit/ai-toolkit/threado-ai/index.html (+1ms) 
14:21:00   ├─ /toolkit/ai-toolkit/tribe-ai/index.html (+1ms) 
14:21:00   ├─ /toolkit/ai-toolkit/unsloth/index.html (+1ms) 
14:21:00   ├─ /toolkit/ai-toolkit/upstage-ai/index.html (+6ms) 
14:21:00   ├─ /toolkit/ai-toolkit/vertex-ai/index.html (+1ms) 
14:21:00   ├─ /toolkit/ai-toolkit/vibe-ai/index.html (+5ms) 
14:21:00   ├─ /toolkit/ai-toolkit/automate/index.html (+1ms) 
14:21:00   ├─ /toolkit/voiso/index.html (+1ms) 
14:21:00   ├─ /toolkit/ai-toolkit/f5-tss/index.html (+1ms) 
14:21:00   ├─ /toolkit/ai-toolkit/mdedit-ai/index.html (+1ms) 
14:21:00   ├─ /toolkit/ai-toolkit/makehuman/index.html (+1ms) 
14:21:00   ├─ /toolkit/ai-toolkit/superwhisper/index.html (+5ms) 
14:21:00   ├─ /toolkit/portfolio/allocate/index.html (+15ms) 
14:21:00   ├─ /toolkit/portfolio/avalanche-vc/index.html (+1ms) 
14:21:00   ├─ /toolkit/blue-layer/index.html (+4ms) 
14:21:00   ├─ /toolkit/portfolio/carbon/index.html (+1ms) 
14:21:00   ├─ /toolkit/portfolio/learn-capital/index.html (+1ms) 
14:21:00   ├─ /toolkit/portfolio/neol/index.html (+1ms) 
14:21:00   ├─ /toolkit/portfolio/chime/index.html (+1ms) 
14:21:00   ├─ /toolkit/portfolio/photomath/index.html (+1ms) 
14:21:00   ├─ /toolkit/portfolio/sana-labs/index.html (+1ms) 
14:21:00   ├─ /toolkit/portfolio/seabound/index.html (+1ms) 
14:21:00   ├─ /toolkit/portfolio/vana/index.html (+1ms) 
14:21:00   ├─ /toolkit/hardware/apple-silicon/index.html (+1ms) 
14:21:00   ├─ /toolkit/hardware/aqara-camera-g5-hub/index.html (+1ms) 
14:21:00   ├─ /toolkit/hardware/arc-series/index.html (+1ms) 
14:21:00   ├─ /toolkit/hardware/aria/index.html (+10ms) 
14:21:00   ├─ /toolkit/hardware/armsom/index.html (+1ms) 
14:21:00   ├─ /toolkit/hardware/away/index.html (+1ms) 
14:21:00   ├─ /toolkit/hardware/bambu-lab/index.html (+1ms) 
14:21:00   ├─ /toolkit/hardware/bigscreenvr/index.html (+1ms) 
14:21:00   ├─ /toolkit/hardware/cm5/index.html (+1ms) 
14:21:00   ├─ /toolkit/chromebooks/index.html (+1ms) 
14:21:00   ├─ /toolkit/hardware/compute-module-series/index.html (+1ms) 
14:21:00   ├─ /toolkit/hardware/coral-edge-tpu/index.html (+1ms) 
14:21:00   ├─ /toolkit/hardware/dgx-systems/index.html (+1ms) 
14:21:00   ├─ /toolkit/hardware/deskpi/index.html (+6ms) 
14:21:00   ├─ /toolkit/hardware/dreamquest-pro/index.html (+1ms) 
14:21:00   ├─ /toolkit/hardware/epyc-series/index.html (+1ms) 
14:21:00   ├─ /toolkit/hardware/esp32/index.html (+1ms) 
14:21:00   ├─ /toolkit/hardware/even-realities/index.html (+1ms) 
14:21:00   ├─ /toolkit/hardware/flow-z13/index.html (+1ms) 
14:21:00   ├─ /toolkit/hardware/framework-desktop/index.html (+1ms) 
14:21:00   ├─ /toolkit/hardware/jetson/index.html (+16ms) 
14:21:00   ├─ /toolkit/hardware/luckfox/index.html (+6ms) 
14:21:00   ├─ /toolkit/hardware/macbook-air/index.html (+1ms) 
14:21:00   ├─ /toolkit/hardware/minisforum/index.html (+1ms) 
14:21:00   ├─ /toolkit/hardware/morefine/index.html (+1ms) 
14:21:00   ├─ /toolkit/hardware/obsbot/index.html (+1ms) 
14:21:00   ├─ /toolkit/hardware/radaxa/index.html (+1ms) 
14:21:00   ├─ /toolkit/hardware/rtx-series/index.html (+1ms) 
14:21:00   ├─ /toolkit/hardware/radeon-series/index.html (+1ms) 
14:21:00   ├─ /toolkit/hardware/raspberry-pi/index.html (+6ms) 
14:21:00   ├─ /toolkit/hardware/ryzen-series/index.html (+1ms) 
14:21:00   ├─ /toolkit/hardware/sapphire-pulse/index.html (+1ms) 
14:21:00   ├─ /toolkit/hardware/slimbook/index.html (+1ms) 
14:21:00   ├─ /toolkit/hardware/synology/index.html (+1ms) 
14:21:00   ├─ /toolkit/hardware/thinkpad/index.html (+1ms) 
14:21:00   ├─ /toolkit/hardware/thinkcentre/index.html (+1ms) 
14:21:00   ├─ /toolkit/hardware/tomahawk/index.html (+1ms) 
14:21:00   ├─ /toolkit/hardware/totem-labs/index.html (+1ms) 
14:21:00   ├─ /toolkit/hardware/zimacube/index.html (+1ms) 
14:21:00   ├─ /toolkit/enterprise-jobs-to-be-done/4degrees/index.html (+1ms) 
14:21:00   ├─ /toolkit/enterprise-jobs-to-be-done/adaptcms/index.html (+5ms) 
14:21:00   ├─ /toolkit/enterprise-jobs-to-be-done/adyen/index.html (+1ms) 
14:21:00   ├─ /toolkit/enterprise-jobs-to-be-done/ahrefs-ai/index.html (+5ms) 
14:21:00   ├─ /toolkit/enterprise-jobs-to-be-done/airship/index.html (+1ms) 
14:21:00   ├─ /toolkit/enterprise-jobs-to-be-done/apollo/index.html (+5ms) 
14:21:00   ├─ /toolkit/enterprise-jobs-to-be-done/appsheet/index.html (+1ms) 
14:21:00   ├─ /toolkit/enterprise-jobs-to-be-done/board/index.html (+9ms) 
14:21:00   ├─ /toolkit/enterprise-jobs-to-be-done/bolto/index.html (+1ms) 
14:21:00   ├─ /toolkit/enterprise-jobs-to-be-done/breezyhr/index.html (+1ms) 
14:21:00   ├─ /toolkit/enterprise-jobs-to-be-done/brevo/index.html (+1ms) 
14:21:00   ├─ /toolkit/enterprise-jobs-to-be-done/bubble/index.html (+1ms) 
14:21:00   ├─ /toolkit/enterprise-jobs-to-be-done/ardoq/index.html (+10ms) 
14:21:00   ├─ /toolkit/enterprise-jobs-to-be-done/base44/index.html (+1ms) 
14:21:00   ├─ /toolkit/classroom-io/index.html (+1ms) 
14:21:00   ├─ /toolkit/enterprise-jobs-to-be-done/cloudtalk/index.html (+1ms) 
14:21:00   ├─ /toolkit/enterprise-jobs-to-be-done/clipzapai/index.html (+1ms) 
14:21:00   ├─ /toolkit/cohora/index.html (+1ms) 
14:21:00   ├─ /toolkit/enterprise-jobs-to-be-done/content-collectionsdev/index.html (+1ms) 
14:21:00   ├─ /toolkit/enterprise-jobs-to-be-done/coda/index.html (+1ms) 
14:21:00   ├─ /toolkit/enterprise-jobs-to-be-done/contentsquare/index.html (+17ms) 
14:21:00   ├─ /toolkit/enterprise-jobs-to-be-done/context7/index.html (+1ms) 
14:21:00   ├─ /toolkit/crescendo-ai/index.html (+1ms) 
14:21:00   ├─ /toolkit/enterprise-jobs-to-be-done/crowdstrike/index.html (+1ms) 
14:21:00   ├─ /toolkit/dialpad/index.html (+1ms) 
14:21:00   ├─ /toolkit/enterprise-jobs-to-be-done/dqpursuit/index.html (+1ms) 
14:21:00   ├─ /toolkit/enterprise-jobs-to-be-done/docusign/index.html (+5ms) 
14:21:00   ├─ /toolkit/enterprise-jobs-to-be-done/elastic-email/index.html (+1ms) 
14:21:00   ├─ /toolkit/enterprise-jobs-to-be-done/excalidraw/index.html (+2ms) 
14:21:00   ├─ /toolkit/enterprise-jobs-to-be-done/feedhive/index.html (+1ms) 
14:21:00   ├─ /toolkit/enterprise-jobs-to-be-done/fabrichq/index.html (+5ms) 
14:21:00   ├─ /toolkit/enterprise-jobs-to-be-done/fetchai/index.html (+1ms) 
14:21:00   ├─ /toolkit/enterprise-jobs-to-be-done/folk/index.html (+1ms) 
14:21:00   ├─ /toolkit/enterprise-jobs-to-be-done/flutter/index.html (+1ms) 
14:21:00   ├─ /toolkit/enterprise-jobs-to-be-done/foreplay/index.html (+1ms) 
14:21:00   ├─ /toolkit/enterprise-jobs-to-be-done/freshworks/index.html (+5ms) 
14:21:01   ├─ /toolkit/enterprise-jobs-to-be-done/fuzen/index.html (+1ms) 
14:21:01   ├─ /toolkit/enterprise-jobs-to-be-done/gsap/index.html (+1ms) 
14:21:01   ├─ /toolkit/enterprise-jobs-to-be-done/gitpod/index.html (+1ms) 
14:21:01   ├─ /toolkit/enterprise-jobs-to-be-done/ghost/index.html (+1ms) 
14:21:01   ├─ /toolkit/enterprise-jobs-to-be-done/glide/index.html (+1ms) 
14:21:01   ├─ /toolkit/enterprise-jobs-to-be-done/grapesjs/index.html (+1ms) 
14:21:01   ├─ /toolkit/enterprise-jobs-to-be-done/grist/index.html (+1ms) 
14:21:01   ├─ /toolkit/enterprise-jobs-to-be-done/industrial-and-financial-systems/index.html (+5ms) 
14:21:01   ├─ /toolkit/enterprise-jobs-to-be-done/jumpshare/index.html (+9ms) 
14:21:01   ├─ /toolkit/enterprise-jobs-to-be-done/keap/index.html (+1ms) 
14:21:01   ├─ /toolkit/enterprise-jobs-to-be-done/klayvo/index.html (+1ms) 
14:21:01   ├─ /toolkit/enterprise-jobs-to-be-done/kore/index.html (+1ms) 
14:21:01   ├─ /toolkit/enterprise-jobs-to-be-done/letterhead/index.html (+1ms) 
14:21:01   ├─ /toolkit/enterprise-jobs-to-be-done/knack/index.html (+1ms) 
14:21:01   ├─ /toolkit/list-kit/index.html (+1ms) 
14:21:01   ├─ /toolkit/enterprise-jobs-to-be-done/listmonk/index.html (+1ms) 
14:21:01   ├─ /toolkit/enterprise-jobs-to-be-done/loadpass/index.html (+1ms) 
14:21:01   ├─ /toolkit/enterprise-jobs-to-be-done/localoperator/index.html (+1ms) 
14:21:01   ├─ /toolkit/enterprise-jobs-to-be-done/mailcow/index.html (+1ms) 
14:21:01   ├─ /toolkit/enterprise-jobs-to-be-done/mailjet/index.html (+1ms) 
14:21:01   ├─ /toolkit/enterprise-jobs-to-be-done/mamoto/index.html (+1ms) 
14:21:01   ├─ /toolkit/enterprise-jobs-to-be-done/markdowndb/index.html (+1ms) 
14:21:01   ├─ /toolkit/enterprise-jobs-to-be-done/matrix/index.html (+1ms) 
14:21:01   ├─ /toolkit/enterprise-jobs-to-be-done/mercor/index.html (+1ms) 
14:21:01   ├─ /toolkit/enterprise-jobs-to-be-done/mermaidchart/index.html (+1ms) 
14:21:01   ├─ /toolkit/enterprise-jobs-to-be-done/minion-ai/index.html (+1ms) 
14:21:01   ├─ /toolkit/enterprise-jobs-to-be-done/momentum/index.html (+1ms) 
14:21:01   ├─ /toolkit/enterprise-jobs-to-be-done/mongodb/index.html (+1ms) 
14:21:01   ├─ /toolkit/enterprise-jobs-to-be-done/ofx/index.html (+1ms) 
14:21:01   ├─ /toolkit/enterprise-jobs-to-be-done/offen/index.html (+2ms) 
14:21:01   ├─ /toolkit/enterprise-jobs-to-be-done/openphone/index.html (+1ms) 
14:21:01   ├─ /toolkit/enterprise-jobs-to-be-done/optimizely/index.html (+5ms) 
14:21:01   ├─ /toolkit/enterprise-jobs-to-be-done/pixlpath/index.html (+1ms) 
14:21:01   ├─ /toolkit/enterprise-jobs-to-be-done/paperless-ngx/index.html (+1ms) 
14:21:01   ├─ /toolkit/enterprise-jobs-to-be-done/plotly/index.html (+1ms) 
14:21:01   ├─ /toolkit/enterprise-jobs-to-be-done/penpot/index.html (+9ms) 
14:21:01   ├─ /toolkit/enterprise-jobs-to-be-done/plunk/index.html (+1ms) 
14:21:01   ├─ /toolkit/precisely/index.html (+1ms) 
14:21:01   ├─ /toolkit/enterprise-jobs-to-be-done/protegee-ai/index.html (+1ms) 
14:21:01   ├─ /toolkit/enterprise-jobs-to-be-done/ragic/index.html (+1ms) 
14:21:01   ├─ /toolkit/enterprise-jobs-to-be-done/qad/index.html (+11ms) 
14:21:01   ├─ /toolkit/enterprise-jobs-to-be-done/refinedev/index.html (+1ms) 
14:21:01   ├─ /toolkit/enterprise-jobs-to-be-done/ravel/index.html (+1ms) 
14:21:01   ├─ /toolkit/enterprise-jobs-to-be-done/rhythmsai/index.html (+1ms) 
14:21:01   ├─ /toolkit/enterprise-jobs-to-be-done/rillion/index.html (+1ms) 
14:21:01   ├─ /toolkit/enterprise-jobs-to-be-done/rocketadmin/index.html (+1ms) 
14:21:01   ├─ /toolkit/enterprise-jobs-to-be-done/rust-desk/index.html (+1ms) 
14:21:01   ├─ /toolkit/enterprise-jobs-to-be-done/segment/index.html (+1ms) 
14:21:01   ├─ /toolkit/enterprise-jobs-to-be-done/skilltide/index.html (+1ms) 
14:21:01   ├─ /toolkit/enterprise-jobs-to-be-done/stornaway/index.html (+5ms) 
14:21:01   ├─ /toolkit/enterprise-jobs-to-be-done/storyblocks/index.html (+1ms) 
14:21:01   ├─ /toolkit/enterprise-jobs-to-be-done/tldraw/index.html (+6ms) 
14:21:01   ├─ /toolkit/enterprise-jobs-to-be-done/tensorlake/index.html (+1ms) 
14:21:01   ├─ /toolkit/enterprise-jobs-to-be-done/tiled/index.html (+1ms) 
14:21:01   ├─ /toolkit/enterprise-jobs-to-be-done/trello/index.html (+1ms) 
14:21:01   ├─ /toolkit/enterprise-jobs-to-be-done/twenty/index.html (+50ms) 
14:21:01   ├─ /toolkit/enterprise-jobs-to-be-done/typst/index.html (+1ms) 
14:21:01   ├─ /toolkit/enterprise-jobs-to-be-done/userlist/index.html (+1ms) 
14:21:01   ├─ /toolkit/enterprise-jobs-to-be-done/verus/index.html (+1ms) 
14:21:01   ├─ /toolkit/enterprise-jobs-to-be-done/vic-ai/index.html (+1ms) 
14:21:01   ├─ /toolkit/enterprise-jobs-to-be-done/vizit/index.html (+1ms) 
14:21:01   ├─ /toolkit/enterprise-jobs-to-be-done/warmy/index.html (+1ms) 
14:21:01   ├─ /toolkit/enterprise-jobs-to-be-done/wati/index.html (+1ms) 
14:21:01   ├─ /toolkit/enterprise-jobs-to-be-done/wellfound/index.html (+1ms) 
14:21:01   ├─ /toolkit/enterprise-jobs-to-be-done/yoast/index.html (+5ms) 
14:21:01   ├─ /toolkit/enterprise-jobs-to-be-done/yoco/index.html (+1ms) 
14:21:01   ├─ /toolkit/enterprise-jobs-to-be-done/duckyai/index.html (+1ms) 
14:21:01   ├─ /toolkit/enterprise-jobs-to-be-done/g2i/index.html (+10ms) 
14:21:01   ├─ /toolkit/scouting/harmonic-ai/index.html (+1ms) 
14:21:01   ├─ /toolkit/products/ai-studios/index.html (+1ms) 
14:21:01   ├─ /toolkit/products/cobalt/index.html (+1ms) 
14:21:01   ├─ /toolkit/products/discord/index.html (+9ms) 
14:21:01   ├─ /toolkit/products/educative/index.html (+1ms) 
14:21:01   ├─ /toolkit/products/excel/index.html (+14ms) 
14:21:01   ├─ /toolkit/products/faceswap/index.html (+1ms) 
14:21:01   ├─ /toolkit/products/fastly/index.html (+1ms) 
14:21:01   ├─ /toolkit/products/git/index.html (+4ms) 
14:21:01   ├─ /toolkit/google-docs/index.html (+1ms) 
14:21:01   ├─ /toolkit/products/google-maps/index.html (+1ms) 
14:21:01   ├─ /toolkit/products/graphene-os/index.html (+1ms) 
14:21:01   ├─ /toolkit/products/husky/index.html (+3ms) 
14:21:01   ├─ /toolkit/products/luma/index.html (+1ms) 
14:21:01   ├─ /toolkit/products/kasm-workspaces/index.html (+1ms) 
14:21:01   ├─ /toolkit/products/microsoft-365/index.html (+1ms) 
14:21:01   ├─ /toolkit/products/microsoft-loop/index.html (+10ms) 
14:21:01   ├─ /toolkit/products/google-illuminate/index.html (+1ms) 
14:21:01   ├─ /toolkit/products/mural/index.html (+1ms) 
14:21:01   ├─ /toolkit/products/notebooklm/index.html (+1ms) 
14:21:01   ├─ /toolkit/products/rovo/index.html (+6ms) 
14:21:01   ├─ /toolkit/products/salesforce/index.html (+23ms) 
14:21:01   ├─ /toolkit/products/sharepoint/index.html (+14ms) 
14:21:01   ├─ /toolkit/ton/index.html (+1ms) 
14:21:01   ├─ /toolkit/products/treety/index.html (+1ms) 
14:21:01   ├─ /toolkit/products/ia-presenter/index.html (+1ms) 
14:21:01   ├─ /toolkit/visible/index.html (+1ms) 
14:21:01   ├─ /toolkit/products/ia/index.html (+1ms) 
14:21:01   ├─ /toolkit/productivity/affine/index.html (+9ms) 
14:21:01   ├─ /toolkit/productivity/anytype/index.html[Shiki] The language "litegal" doesn't exist, falling back to "plaintext".
 (+13ms) 
14:21:01   ├─ /toolkit/productivity/appian/index.html (+1ms) 
14:21:01   ├─ /toolkit/productivity/bubbles/index.html (+6ms) 
14:21:01   ├─ /toolkit/productivity/asana/index.html (+6ms) 
14:21:01   ├─ /toolkit/productivity/capacities/index.html (+1ms) 
14:21:01   ├─ /toolkit/productivity/clickup/index.html (+18ms) 
14:21:01   ├─ /toolkit/productivity/craftdocs/index.html (+31ms) 
14:21:01   ├─ /toolkit/productivity/bricks/index.html (+19ms) 
14:21:01   ├─ /toolkit/productivity/dart/index.html (+6ms) 
14:21:01   ├─ /toolkit/productivity/eloqua/index.html (+5ms) 
14:21:01   ├─ /toolkit/productivity/fathom-ai/index.html (+10ms) 
14:21:01   ├─ /toolkit/productivity/gamma/index.html (+1ms) 
14:21:01   ├─ /toolkit/productivity/gifski/index.html (+1ms) 
14:21:01   ├─ /toolkit/productivity/heptabase/index.html (+1ms) 
14:21:01   ├─ /toolkit/productivity/hoarder/index.html (+1ms) 
14:21:01   ├─ /toolkit/productivity/homerow/index.html (+5ms) 
14:21:01   ├─ /toolkit/productivity/ice-menu-bar/index.html (+2ms) 
14:21:01   ├─ /toolkit/productivity/jitsi/index.html (+14ms) 
14:21:01   ├─ /toolkit/productivity/keenwrite/index.html (+1ms) 
14:21:01   ├─ /toolkit/productivity/logseq/index.html (+1ms) 
14:21:01   ├─ /toolkit/productivity/loom/index.html (+21ms) 
14:21:01   ├─ /toolkit/macos-operating-system/index.html (+1ms) 
14:21:01   ├─ /toolkit/productivity/mattermost/index.html (+15ms) 
14:21:01   ├─ /toolkit/productivity/microsoft-excel/index.html (+15ms) 
14:21:01   ├─ /toolkit/productivity/microsoft-loop/index.html (+6ms) 
14:21:01   ├─ /toolkit/productivity/microsoft-teams/index.html (+5ms) 
14:21:01   ├─ /toolkit/productivity/monday/index.html (+5ms) 
14:21:01   ├─ /toolkit/productivity/notion/index.html (+1ms) 
14:21:01   ├─ /toolkit/productivity/obsidian/index.html (+46ms) 
14:21:01   ├─ /toolkit/productivity/odoo/index.html (+5ms) 
14:21:01   ├─ /toolkit/productivity/omakub/index.html (+1ms) 
14:21:01   ├─ /toolkit/productivity/papersapp/index.html (+5ms) 
14:21:01   ├─ /toolkit/productivity/parabola/index.html (+5ms) 
14:21:01   ├─ /toolkit/productivity/quip/index.html (+10ms) 
14:21:01   ├─ /toolkit/productivity/raycast/index.html (+10ms) 
14:21:01   ├─ /toolkit/productivity/removebg/index.html (+1ms) 
14:21:01   ├─ /toolkit/productivity/roam/index.html (+5ms) 
14:21:01   ├─ /toolkit/productivity/slack/index.html (+1ms) 
14:21:01   ├─ /toolkit/productivity/tabtab/index.html (+5ms) 
14:21:01   ├─ /toolkit/productivity/tana/index.html (+20ms) 
14:21:01   ├─ /toolkit/productivity/tellatv/index.html (+10ms) 
14:21:01   ├─ /toolkit/productivity/typora/index.html (+6ms) 
14:21:01   ├─ /toolkit/productivity/zoom/index.html (+5ms) 
14:21:01   ├─ /toolkit/productivity/zotero/index.html (+1ms) 
14:21:01   ├─ /toolkit/productivity/eza/index.html (+1ms) 
14:21:01   ├─ /toolkit/productivity/ia-writer/index.html (+1ms) 
14:21:01   ├─ /toolkit/productivity/mxmarkedit/index.html (+1ms) 
14:21:01   ├─ /toolkit/training/ai-workshop/index.html (+1ms) 
14:21:01   ├─ /toolkit/training/adapt-learning/index.html (+5ms) 
14:21:01   ├─ /toolkit/training/blind/index.html (+1ms) 
14:21:01   ├─ /toolkit/training/codetv/index.html (+1ms) 
14:21:01   ├─ /toolkit/training/craftquest/index.html (+5ms) 
14:21:01   ├─ /toolkit/training/datacamp/index.html (+1ms) 
14:21:01   ├─ /toolkit/training/enki/index.html (+1ms) 
14:21:01   ├─ /toolkit/training/frontend-masters/index.html (+1ms) 
14:21:01   ├─ /toolkit/training/coursera/index.html (+1ms) 
14:21:01   ├─ /toolkit/training/js-mastery/index.html (+1ms) 
14:21:01   ├─ /toolkit/training/indently/index.html (+1ms) 
14:21:01   ├─ /toolkit/training/manning-press/index.html (+1ms) 
14:21:01   ├─ /toolkit/training/mindstone/index.html (+1ms) 
14:21:01   ├─ /toolkit/training/newline/index.html (+1ms) 
14:21:01   ├─ /toolkit/training/parta-io/index.html (+1ms) 
14:21:01   ├─ /toolkit/training/patternsdev/index.html (+1ms) 
14:21:01   ├─ /toolkit/training/pluralsight/index.html (+1ms) 
14:21:01   ├─ /toolkit/training/skillshare/index.html (+1ms) 
14:21:01   ├─ /toolkit/training/outskill/index.html (+1ms) 
14:21:01   ├─ /toolkit/training/skool/index.html (+9ms) 
14:21:01   ├─ /toolkit/training/springboard/index.html (+1ms) 
14:21:01   ├─ /toolkit/training/studyraid/index.html (+1ms) 
14:21:01   ├─ /toolkit/training/teamlift/index.html (+1ms) 
14:21:01   ├─ /toolkit/training/typecraft/index.html (+1ms) 
14:21:01   ├─ /toolkit/training/udemy/index.html (+1ms) 
14:21:01   ├─ /toolkit/velora/index.html (+2ms) 
14:21:01   ├─ /toolkit/workera/index.html (+2ms) 
14:21:01   ├─ /toolkit/web-browsers/arc-browser/index.html (+14ms) 
14:21:01   ├─ /toolkit/web-browsers/brave-browser/index.html (+1ms) 
14:21:01   ├─ /toolkit/training/webdev-simplified/index.html (+1ms) 
14:21:01   ├─ /toolkit/web-browsers/chrome/index.html (+9ms) 
14:21:01   ├─ /toolkit/web-browsers/clonbrowser/index.html (+1ms) 
14:21:01   ├─ /toolkit/web-browsers/dia/index.html (+1ms) 
14:21:01   ├─ /toolkit/web-browsers/edge-browser/index.html (+1ms) 
14:21:01   ├─ /toolkit/web-browsers/firefox/index.html (+1ms) 
14:21:01   ├─ /toolkit/web-browsers/floorp/index.html (+1ms) 
14:21:01   ├─ /toolkit/web-browsers/glarity/index.html (+1ms) 
14:21:01   ├─ /toolkit/web-browsers/ladybird/index.html (+9ms) 
14:21:01   ├─ /toolkit/web-browsers/opera/index.html (+1ms) 
14:21:01   ├─ /toolkit/web-browsers/orion/index.html (+1ms) 
14:21:01   ├─ /toolkit/web-browsers/verso/index.html (+1ms) 
14:21:01   ├─ /toolkit/web-browsers/vivaldi/index.html (+1ms) 
14:21:01   ├─ /toolkit/web-browsers/zen-browser/index.html (+39ms) 
14:21:01   ├─ /toolkit/ai-toolkit/ai-interfaces/blackbox-ai/index.html (+1ms) 
14:21:01   ├─ /toolkit/ai-toolkit/ai-interfaces/fabric/index.html (+1ms) 
14:21:01   ├─ /toolkit/ai-toolkit/ai-interfaces/feloai/index.html (+1ms) 
14:21:01   ├─ /toolkit/ai-toolkit/ai-interfaces/hume-ai/index.html (+5ms) 
14:21:01   ├─ /toolkit/ai-toolkit/ai-interfaces/kobold-ai/index.html (+1ms) 
14:21:01   ├─ /toolkit/ai-toolkit/ai-interfaces/kobold-cpp/index.html (+1ms) 
14:21:01   ├─ /toolkit/ai-toolkit/ai-interfaces/midori-ai/index.html (+1ms) 
14:21:01   ├─ /toolkit/ai-toolkit/ai-interfaces/monicaai/index.html (+1ms) 
14:21:01   ├─ /toolkit/ai-toolkit/ai-interfaces/ollama/index.html (+14ms) 
14:21:01   ├─ /toolkit/ai-toolkit/ai-interfaces/oobabooga-ai/index.html (+1ms) 
14:21:01   ├─ /toolkit/ai-toolkit/ai-interfaces/protegee-ai/index.html (+1ms) 
14:21:01   ├─ /toolkit/ai-toolkit/ai-interfaces/swarmui/index.html (+1ms) 
14:21:01   ├─ /toolkit/ai-toolkit/ai-interfaces/uberduck/index.html (+1ms) 
14:21:01   ├─ /toolkit/ai-toolkit/ai-infrastructure/amazon-bedrock/index.html (+5ms) 
14:21:01   ├─ /toolkit/ai-toolkit/ai-infrastructure/axolotl-ai/index.html (+1ms) 
14:21:01   ├─ /toolkit/ai-toolkit/ai-infrastructure/baseten/index.html (+5ms) 
14:21:01   ├─ /toolkit/ai-toolkit/ai-infrastructure/cake-ai/index.html (+1ms) 
14:21:01   ├─ /toolkit/ai-toolkit/ai-infrastructure/carbon/index.html (+1ms) 
14:21:01   ├─ /toolkit/ai-toolkit/ai-infrastructure/coreweave/index.html (+6ms) 
14:21:01   ├─ /toolkit/ai-toolkit/ai-infrastructure/dashvector/index.html (+6ms) 
14:21:01   ├─ /toolkit/ai-toolkit/ai-infrastructure/fireworks-ai/index.html (+1ms) 
14:21:01   ├─ /toolkit/ai-toolkit/ai-infrastructure/haystack/index.html (+1ms) 
14:21:01   ├─ /toolkit/ai-toolkit/ai-infrastructure/groq/index.html (+9ms) 
14:21:01   ├─ /toolkit/ai-toolkit/ai-infrastructure/lambda-labs/index.html (+1ms) 
14:21:01   ├─ /toolkit/ai-toolkit/ai-infrastructure/janction/index.html (+11ms) 
14:21:01   ├─ /toolkit/ai-toolkit/ai-infrastructure/lancedb/index.html (+1ms) 
14:21:01   ├─ /toolkit/ai-toolkit/ai-infrastructure/memoripy/index.html (+5ms) 
14:21:01   ├─ /toolkit/ai-toolkit/ai-infrastructure/modular/index.html (+5ms) 
14:21:01   ├─ /toolkit/ai-toolkit/ai-infrastructure/notdiamond/index.html (+1ms) 
14:21:01   ├─ /toolkit/ai-toolkit/ai-infrastructure/novita-ai-1/index.html (+1ms) 
14:21:01   ├─ /toolkit/ai-toolkit/ai-infrastructure/novita-ai/index.html (+5ms) 
14:21:01   ├─ /toolkit/ai-toolkit/ai-infrastructure/oxen-ai/index.html (+1ms) 
14:21:01   ├─ /toolkit/ai-toolkit/ai-infrastructure/prime-intellect/index.html (+1ms) 
14:21:01   ├─ /toolkit/ai-toolkit/ai-infrastructure/rivalz-ai/index.html (+9ms) 
14:21:01   ├─ /toolkit/ai-toolkit/ai-infrastructure/scaleway/index.html (+1ms) 
14:21:01   ├─ /toolkit/ai-toolkit/ai-infrastructure/scrapybara/index.html (+1ms) 
14:21:01   ├─ /toolkit/ai-toolkit/ai-infrastructure/siliconcloud/index.html (+1ms) 
14:21:01   ├─ /toolkit/ai-toolkit/ai-infrastructure/siliconflow/index.html (+5ms) 
14:21:01   ├─ /toolkit/ai-toolkit/ai-infrastructure/together-ai/index.html (+10ms) 
14:21:01   ├─ /toolkit/ai-toolkit/ai-infrastructure/weaviate/index.html (+1ms) 
14:21:01   ├─ /toolkit/ai-toolkit/ai-infrastructure/ggmlai/index.html (+1ms) 
14:21:01   ├─ /toolkit/ai-toolkit/ai-infrastructure/gguf/index.html (+9ms) 
14:21:01   ├─ /toolkit/ai-toolkit/agentic-ai/active-pieces/index.html (+5ms) 
14:21:01   ├─ /toolkit/ai-toolkit/agentic-ai/akka/index.html (+1ms) 
14:21:01   ├─ /toolkit/ai-toolkit/agentic-ai/agentql/index.html (+1ms) 
14:21:01   ├─ /toolkit/ai-toolkit/agentic-ai/acree-ai/index.html (+9ms) 
14:21:01   ├─ /toolkit/ai-toolkit/agentic-ai/arctic-agentic-rag/index.html (+5ms) 
14:21:01   ├─ /toolkit/ai-toolkit/agentic-ai/assembly-ai/index.html (+1ms) 
14:21:01   ├─ /toolkit/ai-toolkit/agentic-ai/auto-gpt/index.html (+1ms) 
14:21:01   ├─ /toolkit/ai-toolkit/agentic-ai/autogen/index.html (+10ms) 
14:21:01   ├─ /toolkit/ai-toolkit/agentic-ai/bardeen/index.html (+10ms) 
14:21:01   ├─ /toolkit/ai-toolkit/agentic-ai/convergence-ai/index.html (+10ms) 
14:21:01   ├─ /toolkit/ai-toolkit/agentic-ai/firecrawl/index.html (+1ms) 
14:21:01   ├─ /toolkit/ai-toolkit/agentic-ai/bee-agent/index.html (+1ms) 
14:21:01   ├─ /toolkit/ai-toolkit/agentic-ai/flowise/index.html (+9ms) 
14:21:01   ├─ /toolkit/ai-toolkit/agentic-ai/godmode/index.html (+1ms) 
14:21:01   ├─ /toolkit/ai-toolkit/agentic-ai/gumloop/index.html (+17ms) 
14:21:01   ├─ /toolkit/ai-toolkit/agentic-ai/lindyai/index.html (+5ms) 
14:21:01   ├─ /toolkit/ai-toolkit/agentic-ai/mem0/index.html (+2ms) 
14:21:01   ├─ /toolkit/ai-toolkit/agentic-ai/mindpal-ai/index.html (+6ms) 
14:21:01   ├─ /toolkit/ai-toolkit/agentic-ai/octotools/index.html (+1ms) 
14:21:01   ├─ /toolkit/ai-toolkit/agentic-ai/partykit/index.html (+13ms) 
14:21:01   ├─ /toolkit/ai-toolkit/agentic-ai/promptql/index.html (+1ms) 
14:21:01   ├─ /toolkit/ai-toolkit/agentic-ai/pydantic-ai/index.html (+10ms) 
14:21:02   ├─ /toolkit/ai-toolkit/agentic-ai/rewind-ai/index.html (+6ms) 
14:21:02   ├─ /toolkit/ai-toolkit/agentic-ai/relevance-ai/index.html (+5ms) 
14:21:02   ├─ /toolkit/ai-toolkit/agentic-ai/runbear/index.html (+1ms) 
14:21:02   ├─ /toolkit/ai-toolkit/agentic-ai/spider/index.html (+1ms) 
14:21:02   ├─ /toolkit/ai-toolkit/agentic-ai/stack-ai/index.html (+6ms) 
14:21:02   ├─ /toolkit/ai-toolkit/agentic-ai/superduper-agents/index.html (+1ms) 
14:21:02   ├─ /toolkit/ai-toolkit/agentic-ai/tersaai/index.html (+1ms) 
14:21:02   ├─ /toolkit/ai-toolkit/agentic-ai/smolagents/index.html (+6ms) 
14:21:02   ├─ /toolkit/ai-toolkit/agentic-ai/zams/index.html (+1ms) 
14:21:02   ├─ /toolkit/ai-toolkit/data-augmenters/advex-ai/index.html (+6ms) 
14:21:02   ├─ /toolkit/ai-toolkit/data-augmenters/bluedothq/index.html (+1ms) 
14:21:02   ├─ /toolkit/ai-toolkit/data-augmenters/browserbase/index.html (+1ms) 
14:21:02   ├─ /toolkit/ai-toolkit/data-augmenters/browserlist/index.html (+1ms) 
14:21:02   ├─ /toolkit/ai-toolkit/data-augmenters/carry-ai/index.html (+1ms) 
14:21:02   ├─ /toolkit/ai-toolkit/data-augmenters/chalk/index.html (+1ms) 
14:21:02   ├─ /toolkit/ai-toolkit/data-augmenters/clay/index.html (+1ms) 
14:21:02   ├─ /toolkit/ai-toolkit/data-augmenters/context-ai/index.html (+1ms) 
14:21:02   ├─ /toolkit/ai-toolkit/data-augmenters/crawl4-ai/index.html (+10ms) 
14:21:02   ├─ /toolkit/docupipe/index.html (+1ms) 
14:21:02   ├─ /toolkit/ai-toolkit/data-augmenters/exaai/index.html (+1ms) 
14:21:02   ├─ /toolkit/ai-toolkit/data-augmenters/hexomatic/index.html (+1ms) 
14:21:02   ├─ /toolkit/ai-toolkit/data-augmenters/infovox/index.html (+1ms) 
14:21:02   ├─ /toolkit/ai-toolkit/data-augmenters/inkr/index.html (+1ms) 
14:21:02   ├─ /toolkit/ai-toolkit/data-augmenters/jinaai/index.html (+1ms) 
14:21:02   ├─ /toolkit/ai-toolkit/data-augmenters/limitless-ai/index.html (+9ms) 
14:21:02   ├─ /toolkit/ai-toolkit/data-augmenters/mistral-ocr/index.html (+1ms) 
14:21:02   ├─ /toolkit/ai-toolkit/data-augmenters/oxen-ai/index.html (+1ms) 
14:21:02   ├─ /toolkit/ai-toolkit/data-augmenters/skyvern/index.html (+1ms) 
14:21:02   ├─ /toolkit/ai-toolkit/data-augmenters/oxylabs/index.html (+1ms) 
14:21:02   ├─ /toolkit/ai-toolkit/data-augmenters/storytell-ai/index.html (+1ms) 
14:21:02   ├─ /toolkit/ai-toolkit/data-augmenters/ultralytics/index.html (+1ms) 
14:21:02   ├─ /toolkit/ai-toolkit/data-augmenters/unstract/index.html (+6ms) 
14:21:02   ├─ /toolkit/ai-toolkit/data-augmenters/unstructuredio/index.html (+1ms) 
14:21:02   ├─ /toolkit/ai-toolkit/data-augmenters/olmocr/index.html (+5ms) 
14:21:02   ├─ /toolkit/ai-toolkit/ai-programming-frameworks/azure-ai-foundry/index.html (+1ms) 
14:21:02   ├─ /toolkit/ai-toolkit/ai-programming-frameworks/composio/index.html (+1ms) 
14:21:02   ├─ /toolkit/ai-toolkit/ai-programming-frameworks/dspy/index.html (+1ms) 
14:21:02   ├─ /toolkit/ai-toolkit/ai-programming-frameworks/dataloop/index.html (+1ms) 
14:21:02   ├─ /toolkit/ai-toolkit/ai-programming-frameworks/dify/index.html (+1ms) 
14:21:02   ├─ /toolkit/ai-toolkit/ai-programming-frameworks/genai-script/index.html (+1ms) 
14:21:02   ├─ /toolkit/ai-toolkit/ai-programming-frameworks/gradio/index.html (+1ms) 
14:21:02   ├─ /toolkit/ai-toolkit/ai-programming-frameworks/jetpack/index.html (+5ms) 
14:21:02   ├─ /toolkit/ai-toolkit/ai-programming-frameworks/keras/index.html (+1ms) 
14:21:02   ├─ /toolkit/ai-toolkit/ai-programming-frameworks/kiro/index.html (+1ms) 
14:21:02   ├─ /toolkit/ai-toolkit/ai-programming-frameworks/langchain/index.html (+42ms) 
14:21:02   ├─ /toolkit/ai-toolkit/ai-programming-frameworks/langgraph/index.html (+1ms) 
14:21:02   ├─ /toolkit/ai-toolkit/ai-programming-frameworks/langbase/index.html (+1ms) 
14:21:02   ├─ /toolkit/ai-toolkit/ai-programming-frameworks/llumo/index.html (+1ms) 
14:21:02   ├─ /toolkit/ai-toolkit/ai-programming-frameworks/mlx/index.html (+1ms) 
14:21:02   ├─ /toolkit/ai-toolkit/ai-programming-frameworks/mastra/index.html (+1ms) 
14:21:02   ├─ /toolkit/ai-toolkit/ai-programming-frameworks/microsoft-copilot-studio/index.html (+1ms) 
14:21:02   ├─ /toolkit/ai-toolkit/ai-programming-frameworks/minions/index.html (+1ms) 
14:21:02   ├─ /toolkit/ai-toolkit/ai-programming-frameworks/portkey/index.html (+1ms) 
14:21:02   ├─ /toolkit/ai-toolkit/ai-programming-frameworks/sentence-transformers/index.html (+1ms) 
14:21:02   ├─ /toolkit/ai-toolkit/ai-programming-frameworks/tensorflow/index.html (+5ms) 
14:21:02   ├─ /toolkit/ai-toolkit/ai-programming-frameworks/vellum/index.html (+1ms) 
14:21:02   ├─ /toolkit/ai-toolkit/knowledge-ai/automl/index.html (+1ms) 
14:21:02   ├─ /toolkit/ai-toolkit/knowledge-ai/cohere/index.html (+1ms) 
14:21:02   ├─ /toolkit/ai-toolkit/knowledge-ai/ducky/index.html (+1ms) 
14:21:02   ├─ /toolkit/ai-toolkit/knowledge-ai/dashworks/index.html (+5ms) 
14:21:02   ├─ /toolkit/ai-toolkit/knowledge-ai/eden-ai/index.html (+1ms) 
14:21:02   ├─ /toolkit/ai-toolkit/knowledge-ai/embra-ai/index.html (+9ms) 
14:21:02   ├─ /toolkit/ai-toolkit/knowledge-ai/enjo-ai/index.html (+1ms) 
14:21:02   ├─ /toolkit/ai-toolkit/knowledge-ai/epsilla/index.html (+1ms) 
14:21:02   ├─ /toolkit/ai-toolkit/knowledge-ai/glean/index.html (+10ms) 
14:21:02   ├─ /toolkit/ai-toolkit/knowledge-ai/graphrag/index.html (+10ms) 
14:21:02   ├─ /toolkit/ai-toolkit/knowledge-ai/kotaemon/index.html (+9ms) 
14:21:02   ├─ /toolkit/ai-toolkit/knowledge-ai/lightrag/index.html (+5ms) 
14:21:02   ├─ /toolkit/ai-toolkit/knowledge-ai/guru/index.html (+5ms) 
14:21:02   ├─ /toolkit/ai-toolkit/knowledge-ai/luminary-ai/index.html (+5ms) 
14:21:02   ├─ /toolkit/ai-toolkit/knowledge-ai/mindsdb/index.html (+1ms) 
14:21:02   ├─ /toolkit/ai-toolkit/knowledge-ai/marvin/index.html (+1ms) 
14:21:02   ├─ /toolkit/ai-toolkit/knowledge-ai/mixedbread/index.html (+1ms) 
14:21:02   ├─ /toolkit/ai-toolkit/knowledge-ai/moveworks/index.html (+1ms) 
14:21:02   ├─ /toolkit/ai-toolkit/knowledge-ai/otterai/index.html (+1ms) 
14:21:02   ├─ /toolkit/ai-toolkit/knowledge-ai/pienso/index.html (+1ms) 
14:21:02   ├─ /toolkit/ai-toolkit/knowledge-ai/qdrant/index.html (+10ms) 
14:21:02   ├─ /toolkit/ai-toolkit/knowledge-ai/queryinside/index.html (+1ms) 
14:21:02   ├─ /toolkit/ai-toolkit/knowledge-ai/research-rabbit/index.html (+1ms) 
14:21:02   ├─ /toolkit/ai-toolkit/knowledge-ai/speakdocs/index.html (+10ms) 
14:21:02   ├─ /toolkit/ai-toolkit/knowledge-ai/terzo/index.html (+1ms) 
14:21:02   ├─ /toolkit/ai-toolkit/knowledge-ai/templafy/index.html (+1ms) 
14:21:02   ├─ /toolkit/ai-toolkit/model-producers/ai2/index.html (+31ms) 
14:21:02   ├─ /toolkit/ai-toolkit/model-producers/anthropic/index.html (+26ms) 
14:21:02   ├─ /toolkit/ai-toolkit/model-producers/apple-intelligence/index.html (+1ms) 
14:21:02   ├─ /toolkit/ai-toolkit/model-producers/black-forest-labs/index.html (+5ms) 
14:21:02   ├─ /toolkit/ai-toolkit/model-producers/cognition-ai/index.html (+9ms) 
14:21:02   ├─ /toolkit/ai-toolkit/model-producers/cognitive-computations/index.html (+5ms) 
14:21:02   ├─ /toolkit/ai-toolkit/model-producers/cerbras/index.html (+1ms) 
14:21:02   ├─ /toolkit/ai-toolkit/model-producers/deepseek/index.html (+6ms) 
14:21:02   ├─ /toolkit/ai-toolkit/model-producers/deepset/index.html (+1ms) 
14:21:02   ├─ /toolkit/ai-toolkit/model-producers/eplf-nlp-lab/index.html (+1ms) 
14:21:02   ├─ /toolkit/ai-toolkit/model-producers/elevenlabs/index.html (+11ms) 
14:21:02   ├─ /toolkit/ai-toolkit/model-producers/exo-labs/index.html (+1ms) 
14:21:02   ├─ /toolkit/ai-toolkit/model-producers/fixie-ai/index.html (+19ms) 
14:21:02   ├─ /toolkit/ai-toolkit/model-producers/groq/index.html (+10ms) 
14:21:02   ├─ /toolkit/ai-toolkit/model-producers/harmonic/index.html (+1ms) 
14:21:02   ├─ /toolkit/ai-toolkit/model-producers/inceptionlabs/index.html (+14ms) 
14:21:02   ├─ /toolkit/ai-toolkit/model-producers/manus-ai/index.html (+2ms) 
14:21:02   ├─ /toolkit/ai-toolkit/model-producers/luma-labs/index.html (+1ms) 
14:21:02   ├─ /toolkit/ai-toolkit/model-producers/meditron/index.html (+1ms) 
14:21:02   ├─ /toolkit/ai-toolkit/model-producers/microsoft-ai/index.html (+1ms) 
14:21:02   ├─ /toolkit/ai-toolkit/model-producers/microsoft-research/index.html (+5ms) 
14:21:02   ├─ /toolkit/ai-toolkit/model-producers/midjourney/index.html (+1ms) 
14:21:02   ├─ /toolkit/ai-toolkit/model-producers/mistral/index.html (+10ms) 
14:21:02   ├─ /toolkit/ai-toolkit/model-producers/moonshot-ai/index.html (+1ms) 
14:21:02   ├─ /toolkit/ai-toolkit/model-producers/openai/index.html (+38ms) 
14:21:02   ├─ /toolkit/ai-toolkit/model-producers/nextgenai/index.html (+1ms) 
14:21:02   ├─ /toolkit/ai-toolkit/model-producers/optimal-ai/index.html (+1ms) 
14:21:02   ├─ /toolkit/ai-toolkit/model-producers/reflection-ai/index.html (+6ms) 
14:21:02   ├─ /toolkit/ai-toolkit/model-producers/ruya/index.html (+1ms) 
14:21:02   ├─ /toolkit/ai-toolkit/model-producers/sakanaai/index.html (+1ms) 
14:21:02   ├─ /toolkit/ai-toolkit/model-producers/sentient-ai/index.html (+1ms) 
14:21:02   ├─ /toolkit/ai-toolkit/model-producers/stability-ai/index.html (+5ms) 
14:21:02   ├─ /toolkit/ai-toolkit/model-producers/sesame-ai/index.html (+1ms) 
14:21:02   ├─ /toolkit/ai-toolkit/model-producers/thinking-machines/index.html (+1ms) 
14:21:02   ├─ /toolkit/ai-toolkit/model-producers/topaz-labs/index.html (+1ms) 
14:21:02   ├─ /toolkit/ai-toolkit/generative-ai/ai-studios/index.html (+5ms) 
14:21:02   ├─ /toolkit/ai-toolkit/generative-ai/aceternity-ai/index.html (+17ms) 
14:21:02   ├─ /toolkit/ai-toolkit/generative-ai/appgen/index.html (+1ms) 
14:21:02   ├─ /toolkit/ai-toolkit/generative-ai/avakin-life/index.html (+1ms) 
14:21:02   ├─ /toolkit/ai-toolkit/generative-ai/adobe-express/index.html (+1ms) 
14:21:02   ├─ /toolkit/ai-toolkit/generative-ai/banani/index.html (+9ms) 
14:21:02   ├─ /toolkit/ai-toolkit/generative-ai/capcut/index.html (+6ms) 
14:21:02   ├─ /toolkit/ai-toolkit/generative-ai/character-ai/index.html (+2ms) 
14:21:02   ├─ /toolkit/ai-toolkit/generative-ai/cinemaflow/index.html (+1ms) 
14:21:02   ├─ /toolkit/ai-toolkit/generative-ai/claude-designer/index.html (+1ms) 
14:21:02   ├─ /toolkit/ai-toolkit/generative-ai/comfyui/index.html (+26ms) 
14:21:02   ├─ /toolkit/ai-toolkit/generative-ai/creatie/index.html (+1ms) 
14:21:02   ├─ /toolkit/ai-toolkit/generative-ai/davinci/index.html (+1ms) 
14:21:02   ├─ /toolkit/ai-toolkit/generative-ai/draft-alpha/index.html (+1ms) 
14:21:02   ├─ /toolkit/ai-toolkit/generative-ai/decktopus-ai/index.html (+1ms) 
14:21:02   ├─ /toolkit/ai-toolkit/generative-ai/dreammachine/index.html (+1ms) 
14:21:02   ├─ /toolkit/ai-toolkit/generative-ai/durable-co/index.html (+5ms) 
14:21:02   ├─ /toolkit/ai-toolkit/generative-ai/ela-io/index.html (+5ms) 
14:21:02   ├─ /toolkit/ai-toolkit/generative-ai/fal-ai/index.html (+1ms) 
14:21:02   ├─ /toolkit/ai-toolkit/generative-ai/flux-ai/index.html (+1ms) 
14:21:02   ├─ /toolkit/ai-toolkit/generative-ai/galileo-ai/index.html (+1ms) 
14:21:02   ├─ /toolkit/ai-toolkit/generative-ai/google-flow/index.html (+1ms) 
14:21:02   ├─ /toolkit/ai-toolkit/generative-ai/hailuo-ai/index.html (+15ms) 
14:21:02   ├─ /toolkit/ai-toolkit/generative-ai/helix-ai/index.html (+1ms) 
14:21:02   ├─ /toolkit/ai-toolkit/generative-ai/hedra/index.html (+1ms) 
14:21:02   ├─ /toolkit/ai-toolkit/generative-ai/heygen/index.html (+1ms) 
14:21:02   ├─ /toolkit/ai-toolkit/generative-ai/hyper3d/index.html (+10ms) 
14:21:02   ├─ /toolkit/ai-toolkit/generative-ai/imagefx/index.html (+1ms) 
14:21:02   ├─ /toolkit/ai-toolkit/generative-ai/immersity-ai/index.html (+1ms) 
14:21:02   ├─ /toolkit/ai-toolkit/generative-ai/inworld-ai/index.html (+1ms) 
14:21:02   ├─ /toolkit/ai-toolkit/generative-ai/jellypod/index.html (+5ms) 
14:21:02   ├─ /toolkit/ai-toolkit/generative-ai/jogg/index.html (+1ms) 
14:21:02   ├─ /toolkit/ai-toolkit/generative-ai/kaliber/index.html (+1ms) 
14:21:02   ├─ /toolkit/ai-toolkit/generative-ai/kling-ai/index.html (+1ms) 
14:21:02   ├─ /toolkit/ai-toolkit/generative-ai/kokoro-tts/index.html (+1ms) 
14:21:02   ├─ /toolkit/ai-toolkit/generative-ai/krea-ai/index.html (+1ms) 
14:21:02   ├─ /toolkit/ai-toolkit/generative-ai/leonardo-ai/index.html (+14ms) 
14:21:02   ├─ /toolkit/ai-toolkit/generative-ai/live-portait-ai/index.html (+1ms) 
14:21:02   ├─ /toolkit/ai-toolkit/generative-ai/livepeer/index.html (+1ms) 
14:21:02   ├─ /toolkit/ai-toolkit/generative-ai/magicshot/index.html (+1ms) 
14:21:02   ├─ /toolkit/ai-toolkit/generative-ai/midjourney/index.html (+1ms) 
14:21:02   ├─ /toolkit/ai-toolkit/generative-ai/meshyai/index.html (+1ms) 
14:21:02   ├─ /toolkit/ai-toolkit/generative-ai/mindstudio/index.html (+1ms) 
14:21:02   ├─ /toolkit/ai-toolkit/generative-ai/minimax-ai/index.html (+1ms) 
14:21:02   ├─ /toolkit/ai-toolkit/generative-ai/mocha/index.html (+6ms) 
14:21:02   ├─ /toolkit/ai-toolkit/generative-ai/mureka/index.html (+2ms) 
14:21:02   ├─ /toolkit/ai-toolkit/generative-ai/napkin-ai/index.html (+1ms) 
14:21:02   ├─ /toolkit/nomi/index.html (+1ms) 
14:21:02   ├─ /toolkit/ai-toolkit/generative-ai/orbit-ai/index.html (+6ms) 
14:21:02   ├─ /toolkit/ai-toolkit/generative-ai/panopto/index.html (+1ms) 
14:21:02   ├─ /toolkit/ai-toolkit/generative-ai/paxton-ai/index.html (+1ms) 
14:21:02   ├─ /toolkit/ai-toolkit/generative-ai/pickle-ai/index.html (+10ms) 
14:21:02   ├─ /toolkit/ai-toolkit/generative-ai/pika-labs/index.html (+1ms) 
14:21:02   ├─ /toolkit/ai-toolkit/generative-ai/pikszels/index.html (+1ms) 
14:21:02   ├─ /toolkit/ai-toolkit/generative-ai/pixverse-ai/index.html (+1ms) 
14:21:02   ├─ /toolkit/ai-toolkit/generative-ai/playground-ai/index.html (+5ms) 
14:21:02   ├─ /toolkit/ai-toolkit/generative-ai/plus-ai/index.html (+1ms) 
14:21:02   ├─ /toolkit/ai-toolkit/generative-ai/recraft/index.html (+8ms) 
14:21:02   ├─ /toolkit/ai-toolkit/generative-ai/relume-ai/index.html (+12ms) 
14:21:02   ├─ /toolkit/ai-toolkit/generative-ai/runway/index.html (+1ms) 
14:21:02   ├─ /toolkit/ai-toolkit/generative-ai/slidesgo/index.html (+1ms) 
14:21:02   ├─ /toolkit/ai-toolkit/generative-ai/supademo/index.html (+1ms) 
14:21:02   ├─ /toolkit/ai-toolkit/generative-ai/speechify/index.html (+1ms) 
14:21:02   ├─ /toolkit/ai-toolkit/generative-ai/synthesia/index.html (+5ms) 
14:21:02   ├─ /toolkit/ai-toolkit/generative-ai/ui-bakery/index.html (+1ms) 
14:21:02   ├─ /toolkit/ai-toolkit/generative-ai/uizard/index.html (+5ms) 
14:21:02   ├─ /toolkit/ai-toolkit/generative-ai/ux-pilot/index.html (+1ms) 
14:21:02   ├─ /toolkit/ai-toolkit/generative-ai/udio/index.html (+1ms) 
14:21:02   ├─ /toolkit/ai-toolkit/generative-ai/upscayle/index.html (+13ms) 
14:21:02   ├─ /toolkit/ai-toolkit/generative-ai/viggle-ai/index.html (+1ms) 
14:21:02   ├─ /toolkit/woebot/index.html (+1ms) 
14:21:02   ├─ /toolkit/ai-toolkit/models/ai2-scholar/index.html (+1ms) 
14:21:02   ├─ /toolkit/ai-toolkit/models/cpm-series/index.html (+1ms) 
14:21:02   ├─ /toolkit/ai-toolkit/models/codestral-series/index.html (+5ms) 
14:21:02   ├─ /toolkit/ai-toolkit/models/claude/index.html (+19ms) 
14:21:02   ├─ /toolkit/ai-toolkit/models/cosmos-world-foundation/index.html (+1ms) 
14:21:02   ├─ /toolkit/ai-toolkit/models/deep-research/index.html (+10ms) 
14:21:02   ├─ /toolkit/ai-toolkit/models/devin/index.html (+9ms) 
14:21:02   ├─ /toolkit/ai-toolkit/models/diffusion-language-models/index.html (+8ms) 
14:21:02   ├─ /toolkit/ai-toolkit/models/flux/index.html (+10ms) 
14:21:02   ├─ /toolkit/ai-toolkit/models/dolphin/index.html (+1ms) 
14:21:02   ├─ /toolkit/ai-toolkit/models/gpt-series-models/index.html (+8ms) 
14:21:02   ├─ /toolkit/ai-toolkit/models/gemini/index.html (+2ms) 
14:21:02   ├─ /toolkit/ai-toolkit/models/gemma/index.html (+5ms) 
14:21:02   ├─ /toolkit/ai-toolkit/models/gorilla/index.html (+10ms) 
14:21:02   ├─ /toolkit/ai-toolkit/models/granite/index.html (+5ms) 
14:21:02   ├─ /toolkit/ai-toolkit/models/grok/index.html (+10ms) 
14:21:02   ├─ /toolkit/ai-toolkit/models/hunyuan-3d/index.html (+1ms) 
14:21:02   ├─ /toolkit/ai-toolkit/models/hunyuan-t1/index.html (+10ms) 
14:21:02   ├─ /toolkit/kimi/index.html (+1ms) 
14:21:02   ├─ /toolkit/ai-toolkit/models/llada/index.html (+1ms) 
14:21:02   ├─ /toolkit/ai-toolkit/models/llama/index.html (+1ms) 
14:21:02   ├─ /toolkit/ai-toolkit/models/llava/index.html (+1ms) 
14:21:02   ├─ /toolkit/ai-toolkit/models/localaiio/index.html (+6ms) 
14:21:02   ├─ /toolkit/ai-toolkit/models/magma/index.html (+1ms) 
14:21:02   ├─ /toolkit/ai-toolkit/models/mini-cpm/index.html (+1ms) 
14:21:02   ├─ /toolkit/ai-toolkit/models/mixture-of-experts/index.html (+3ms) 
14:21:02   ├─ /toolkit/ai-toolkit/models/o-series-models/index.html (+22ms) 
14:21:02   ├─ /toolkit/ai-toolkit/models/open-manus/index.html (+1ms) 
14:21:02   ├─ /toolkit/ai-toolkit/models/openbmb/index.html (+13ms) 
14:21:02   ├─ /toolkit/ai-toolkit/models/perplexica/index.html (+7ms) 
14:21:02   ├─ /toolkit/ai-toolkit/models/phi-series-models/index.html (+10ms) 
14:21:02   ├─ /toolkit/ai-toolkit/models/project-starlight/index.html (+1ms) 
14:21:02   ├─ /toolkit/ai-toolkit/models/qwen/index.html (+5ms) 
14:21:02   ├─ /toolkit/ai-toolkit/models/reasonflux/index.html (+1ms) 
14:21:02   ├─ /toolkit/ai-toolkit/models/scribe/index.html (+1ms) 
14:21:02   ├─ /toolkit/ai-toolkit/models/storm/index.html (+5ms) 
14:21:02   ├─ /toolkit/ai-toolkit/models/small/index.html (+19ms) 
14:21:02   ├─ /toolkit/ai-toolkit/models/sora-series-models/index.html (+1ms) 
14:21:02   ├─ /toolkit/ai-toolkit/models/ultravox/index.html (+18ms) 
14:21:02   ├─ /toolkit/ai-toolkit/models/stable-diffusion/index.html (+16ms) 
14:21:02   ├─ /toolkit/ai-toolkit/models/veo/index.html (+1ms) 
14:21:02   ├─ /toolkit/ai-toolkit/models/wan/index.html (+9ms) 
14:21:02   ├─ /toolkit/ai-toolkit/models/watson/index.html (+34ms) 
14:21:02   ├─ /toolkit/ai-toolkit/models/whispercpp/index.html (+1ms) 
14:21:02   ├─ /toolkit/ai-toolkit/models/r1/index.html (+2ms) 
14:21:02   ├─ /toolkit/enterprise-jobs-to-be-done/content-management-systems/craft-cms/index.html (+1ms) 
14:21:03   ├─ /toolkit/heretto/index.html (+1ms) 
14:21:03   ├─ /toolkit/enterprise-jobs-to-be-done/content-management-systems/hygraph/index.html (+1ms) 
14:21:03   ├─ /toolkit/enterprise-jobs-to-be-done/content-management-systems/payload/index.html (+1ms) 
14:21:03   ├─ /toolkit/enterprise-jobs-to-be-done/content-management-systems/sanity/index.html (+1ms) 
14:21:03   ├─ /toolkit/enterprise-jobs-to-be-done/content-management-systems/strapi/index.html (+1ms) 
14:21:03   ├─ /toolkit/enterprise-jobs-to-be-done/content-management-systems/yext/index.html (+1ms) 
14:21:03   ├─ /toolkit/enterprise-jobs-to-be-done/integration-platforms/boomi/index.html (+10ms) 
14:21:03   ├─ /toolkit/enterprise-jobs-to-be-done/integration-platforms/make/index.html (+31ms) 
14:21:03   ├─ /toolkit/enterprise-jobs-to-be-done/integration-platforms/pipedream/index.html (+1ms) 
14:21:03   ├─ /toolkit/enterprise-jobs-to-be-done/learning-experience-platforms/xapi/index.html (+1ms) 
14:21:03   ├─ /toolkit/productivity/personal-cloud/casaos/index.html (+1ms) 
14:21:03   ├─ /toolkit/productivity/personal-cloud/hex-os/index.html (+1ms) 
14:21:03   ├─ /toolkit/jace-email/index.html (+1ms) 
14:21:03   ├─ /toolkit/productivity/personal-cloud/jellyfin/index.html (+1ms) 
14:21:03   ├─ /toolkit/secure-shellfish/index.html (+2ms) 
14:21:03   ├─ /toolkit/productivity/personal-cloud/smallweb/index.html (+1ms) 
14:21:03   ├─ /toolkit/productivity/personal-cloud/standardnote/index.html (+1ms) 
14:21:03   ├─ /toolkit/productivity/personal-cloud/tails/index.html (+1ms) 
14:21:03   ├─ /toolkit/productivity/personal-cloud/utm/index.html (+1ms) 
14:21:03   ├─ /toolkit/productivity/personal-cloud/tiinyhost/index.html (+1ms) 
14:21:03   ├─ /toolkit/productivity/personal-cloud/idrive/index.html (+1ms) 
14:21:03   ├─ /toolkit/productivity/personal-cloud/immich/index.html (+1ms) 
14:21:03   ├─ /toolkit/software-development/cloud-infrastructure/amazon-web-services/index.html (+1ms) 
14:21:03   ├─ /toolkit/software-development/cloud-infrastructure/azure/index.html (+5ms) 
14:21:03   ├─ /toolkit/software-development/cloud-infrastructure/boltdiy/index.html (+5ms) 
14:21:03   ├─ /toolkit/software-development/cloud-infrastructure/cloudzero/index.html (+1ms) 
14:21:03   ├─ /toolkit/software-development/cloud-infrastructure/cloudflare/index.html (+19ms) 
14:21:03   ├─ /toolkit/software-development/cloud-infrastructure/cloudian/index.html (+1ms) 
14:21:03   ├─ /toolkit/software-development/cloud-infrastructure/contabo/index.html (+1ms) 
14:21:03   ├─ /toolkit/software-development/cloud-infrastructure/coolify/index.html (+9ms) 
14:21:03   ├─ /toolkit/software-development/cloud-infrastructure/digital-ocean/index.html (+5ms) 
14:21:03   ├─ /toolkit/software-development/cloud-infrastructure/dollardeploy/index.html (+36ms) 
14:21:03   ├─ /toolkit/software-development/cloud-infrastructure/elestio/index.html (+1ms) 
14:21:03   ├─ /toolkit/software-development/cloud-infrastructure/dokku/index.html (+1ms) 
14:21:03   ├─ /toolkit/software-development/cloud-infrastructure/flyio/index.html (+1ms) 
14:21:03   ├─ /toolkit/software-development/cloud-infrastructure/google-cloud/index.html (+5ms) 
14:21:03   ├─ /toolkit/software-development/cloud-infrastructure/hostinger/index.html (+10ms) 
14:21:03   ├─ /toolkit/software-development/cloud-infrastructure/lambda/index.html (+10ms) 
14:21:03   ├─ /toolkit/software-development/cloud-infrastructure/nats/index.html (+14ms) 
14:21:03   ├─ /toolkit/software-development/cloud-infrastructure/netdata/index.html (+11ms) 
14:21:03   ├─ /toolkit/software-development/cloud-infrastructure/netlify/index.html (+1ms) 
14:21:03   ├─ /toolkit/software-development/cloud-infrastructure/nextcloud/index.html (+5ms) 
14:21:03   ├─ /toolkit/software-development/cloud-infrastructure/nitro/index.html (+1ms) 
14:21:03   ├─ /toolkit/software-development/cloud-infrastructure/opnsense/index.html (+5ms) 
14:21:03   ├─ /toolkit/software-development/cloud-infrastructure/oasis/index.html (+2ms) 
14:21:03   ├─ /toolkit/software-development/cloud-infrastructure/pingcap/index.html (+1ms) 
14:21:03   ├─ /toolkit/software-development/cloud-infrastructure/podman/index.html (+9ms) 
14:21:03   ├─ /toolkit/software-development/cloud-infrastructure/quad9/index.html (+1ms) 
14:21:03   ├─ /toolkit/software-development/cloud-infrastructure/railway/index.html (+17ms) 
14:21:03   ├─ /toolkit/software-development/cloud-infrastructure/render/index.html (+1ms) 
14:21:03   ├─ /toolkit/software-development/cloud-infrastructure/replit/index.html (+10ms) 
14:21:03   ├─ /toolkit/software-development/cloud-infrastructure/repocloud/index.html (+10ms) 
14:21:03   ├─ /toolkit/software-development/cloud-infrastructure/sealos/index.html (+1ms) 
14:21:03   ├─ /toolkit/software-development/cloud-infrastructure/sevalla/index.html (+1ms) 
14:21:03   ├─ /toolkit/software-development/cloud-infrastructure/snowflake/index.html (+6ms) 
14:21:03   ├─ /toolkit/software-development/cloud-infrastructure/stackblitz/index.html (+1ms) 
14:21:03   ├─ /toolkit/software-development/cloud-infrastructure/storj/index.html (+1ms) 
14:21:03   ├─ /toolkit/software-development/cloud-infrastructure/sync/index.html (+1ms) 
14:21:03   ├─ /toolkit/software-development/cloud-infrastructure/the-guild/index.html (+1ms) 
14:21:03   ├─ /toolkit/software-development/cloud-infrastructure/tigris/index.html (+10ms) 
14:21:03   ├─ /toolkit/software-development/cloud-infrastructure/truenas/index.html (+5ms) 
14:21:03   ├─ /toolkit/software-development/cloud-infrastructure/tux-care/index.html (+1ms) 
14:21:03   ├─ /toolkit/software-development/cloud-infrastructure/unraid/index.html (+1ms) 
14:21:03   ├─ /toolkit/software-development/cloud-infrastructure/upcloud/index.html (+1ms) 
14:21:03   ├─ /toolkit/software-development/cloud-infrastructure/veamm/index.html (+1ms) 
14:21:03   ├─ /toolkit/software-development/cloud-infrastructure/vercel/index.html (+1ms) 
14:21:03   ├─ /toolkit/software-development/cloud-infrastructure/vultr/index.html (+1ms) 
14:21:03   ├─ /toolkit/software-development/cloud-infrastructure/victoriametrics/index.html (+1ms) 
14:21:03   ├─ /toolkit/software-development/cloud-infrastructure/wasabi/index.html (+1ms) 
14:21:03   ├─ /toolkit/software-development/cloud-infrastructure/cpanel/index.html (+1ms) 
14:21:03   ├─ /toolkit/software-development/cloud-infrastructure/k8gptai/index.html (+5ms) 
14:21:03   ├─ /toolkit/software-development/databases/aerospike/index.html (+1ms) 
14:21:03   ├─ /toolkit/software-development/databases/arangodb/index.html (+1ms) 
14:21:03   ├─ /toolkit/software-development/databases/beacondb/index.html (+1ms) 
14:21:03   ├─ /toolkit/software-development/databases/cassandra/index.html (+6ms) 
14:21:03   ├─ /toolkit/software-development/databases/chromadb/index.html (+10ms) 
14:21:03   ├─ /toolkit/software-development/databases/clickhouse/index.html (+1ms) 
14:21:03   ├─ /toolkit/software-development/databases/cockroachdb/index.html (+5ms) 
14:21:03   ├─ /toolkit/software-development/databases/couchbase/index.html (+1ms) 
14:21:03   ├─ /toolkit/software-development/databases/cratedb/index.html (+1ms) 
14:21:03   ├─ /toolkit/software-development/databases/datastax/index.html (+1ms) 
14:21:03   ├─ /toolkit/software-development/databases/datomic/index.html (+1ms) 
14:21:03   ├─ /toolkit/software-development/databases/dgraph/index.html (+1ms) 
14:21:03   ├─ /toolkit/software-development/databases/dragonflydb/index.html (+5ms) 
14:21:03   ├─ /toolkit/software-development/databases/fauna/index.html (+1ms) 
14:21:03   ├─ /toolkit/software-development/databases/duckdb/index.html (+1ms) 
14:21:03   ├─ /toolkit/software-development/databases/edgedb/index.html (+1ms) 
14:21:03   ├─ /toolkit/software-development/databases/graphwise/index.html (+1ms) 
14:21:03   ├─ /toolkit/software-development/databases/hbase/index.html (+1ms) 
14:21:03   ├─ /toolkit/software-development/databases/indexeddb/index.html (+6ms) 
14:21:03   ├─ /toolkit/software-development/databases/influxdb/index.html (+1ms) 
14:21:03   ├─ /toolkit/software-development/databases/instantdb/index.html (+1ms) 
14:21:03   ├─ /toolkit/software-development/databases/janusgraph/index.html (+1ms) 
14:21:03   ├─ /toolkit/software-development/databases/mariadb/index.html (+1ms) 
14:21:03   ├─ /toolkit/software-development/databases/milvus/index.html (+5ms) 
14:21:03   ├─ /toolkit/software-development/databases/orientdb/index.html (+1ms) 
14:21:03   ├─ /toolkit/software-development/databases/neo4j/index.html (+1ms) 
14:21:03   ├─ /toolkit/software-development/databases/peerdb/index.html (+1ms) 
14:21:03   ├─ /toolkit/software-development/databases/postgres/index.html (+8ms) 
14:21:03   ├─ /toolkit/software-development/databases/qdrant/index.html (+2ms) 
14:21:03   ├─ /toolkit/software-development/databases/redis/index.html (+1ms) 
14:21:03   ├─ /toolkit/software-development/databases/rethinkdb/index.html (+1ms) 
14:21:03   ├─ /toolkit/software-development/databases/sqlite/index.html (+1ms) 
14:21:03   ├─ /toolkit/software-development/databases/singlestore/index.html (+1ms) 
14:21:03   ├─ /toolkit/software-development/databases/scylladb/index.html (+1ms) 
14:21:03   ├─ /toolkit/software-development/databases/spacetimedb/index.html (+1ms) 
14:21:03   ├─ /toolkit/software-development/databases/supabase/index.html (+31ms) 
14:21:03   ├─ /toolkit/software-development/databases/superduperdb/index.html (+1ms) 
14:21:03   ├─ /toolkit/software-development/databases/surrealdb/index.html (+1ms) 
14:21:03   ├─ /toolkit/software-development/databases/tidb/index.html (+1ms) 
14:21:03   ├─ /toolkit/software-development/databases/terminusdb/index.html (+1ms) 
14:21:03   ├─ /toolkit/software-development/databases/typedb/index.html (+1ms) 
14:21:03   ├─ /toolkit/software-development/databases/vitess/index.html (+10ms) 
14:21:03   ├─ /toolkit/software-development/databases/xata/index.html (+1ms) 
14:21:03   ├─ /toolkit/software-development/databases/zilliz/index.html (+1ms) 
14:21:03   ├─ /toolkit/software-development/developer-experience/astralsh/index.html (+17ms) 
14:21:03   ├─ /toolkit/software-development/developer-experience/atuin/index.html (+1ms) 
14:21:03   ├─ /toolkit/software-development/developer-experience/bitbucket/index.html (+1ms) 
14:21:03   ├─ /toolkit/software-development/developer-experience/bun/index.html (+1ms) 
14:21:03   ├─ /toolkit/software-development/developer-experience/claude-coder/index.html (+1ms) 
14:21:03   ├─ /toolkit/software-development/developer-experience/codeant-ai/index.html (+12ms) 
14:21:03   ├─ /toolkit/software-development/developer-experience/console-ninja/index.html (+1ms) 
14:21:03   ├─ /toolkit/software-development/developer-experience/deno/index.html (+1ms) 
14:21:03   ├─ /toolkit/software-development/developer-experience/forgejo/index.html (+1ms) 
14:21:03   ├─ /toolkit/software-development/developer-experience/garuda-linux/index.html (+1ms) 
14:21:03   ├─ /toolkit/software-development/developer-experience/fish-shell/index.html (+1ms) 
14:21:03   ├─ /toolkit/software-development/developer-experience/ghostty/index.html (+5ms) 
14:21:03   ├─ /toolkit/software-development/developer-experience/github/index.html (+64ms) 
14:21:03   ├─ /toolkit/software-development/developer-experience/greptile/index.html (+1ms) 
14:21:03   ├─ /toolkit/software-development/developer-experience/helix/index.html (+1ms) 
14:21:03   ├─ /toolkit/software-development/developer-experience/homebrew/index.html (+5ms) 
14:21:03   ├─ /toolkit/software-development/developer-experience/jetbrains/index.html (+5ms) 
14:21:03   ├─ /toolkit/software-development/developer-experience/linear/index.html (+5ms) 
14:21:03   ├─ /toolkit/software-development/developer-experience/jira/index.html (+5ms) 
14:21:03   ├─ /toolkit/software-development/developer-experience/kakoune/index.html (+1ms) 
14:21:03   ├─ /toolkit/software-development/developer-experience/kaleidoscope/index.html (+5ms) 
14:21:03   ├─ /toolkit/software-development/developer-experience/local-stack/index.html (+1ms) 
14:21:03   ├─ /toolkit/software-development/developer-experience/logfire/index.html (+1ms) 
14:21:03   ├─ /toolkit/software-development/developer-experience/luny-ai/index.html (+1ms) 
14:21:03   ├─ /toolkit/software-development/developer-experience/neovim/index.html (+1ms) 
14:21:03   ├─ /toolkit/software-development/developer-experience/nix-package-manager/index.html (+1ms) 
14:21:03   ├─ /toolkit/software-development/developer-experience/nova/index.html (+5ms) 
14:21:03   ├─ /toolkit/software-development/developer-experience/oh-my-zsh/index.html (+1ms) 
14:21:03   ├─ /toolkit/software-development/developer-experience/orbstack/index.html (+13ms) 
14:21:03   ├─ /toolkit/software-development/developer-experience/speakeasy/index.html (+1ms) 
14:21:03   ├─ /toolkit/software-development/developer-experience/oh-my-posh/index.html (+2ms) 
14:21:03   ├─ /toolkit/software-development/developer-experience/thunderbit/index.html (+1ms) 
14:21:03   ├─ /toolkit/software-development/developer-experience/starship/index.html (+1ms) 
14:21:03   ├─ /toolkit/software-development/developer-experience/yarn/index.html (+1ms) 
14:21:03   ├─ /toolkit/software-development/developer-experience/zoxide/index.html (+1ms) 
14:21:03   ├─ /toolkit/software-development/developer-experience/pnpm/index.html (+1ms) 
14:21:03   ├─ /toolkit/software-development/developer-experience/uv/index.html (+5ms) 
14:21:03   ├─ /toolkit/software-development/developer-experience/yazi/index.html (+1ms) 
14:21:03   ├─ /toolkit/software-development/developer-experience/zellij/index.html (+1ms) 
14:21:03   ├─ /toolkit/software-development/frameworks/bastardkb/index.html (+1ms) 
14:21:03   ├─ /toolkit/software-development/frameworks/d3js/index.html (+1ms) 
14:21:03   ├─ /toolkit/software-development/frameworks/embassy/index.html (+1ms) 
14:21:03   ├─ /toolkit/software-development/frameworks/expo/index.html (+9ms) 
14:21:03   ├─ /toolkit/software-development/frameworks/gum/index.html (+1ms) 
14:21:03   ├─ /toolkit/software-development/frameworks/loco/index.html (+1ms) 
14:21:03   ├─ /toolkit/software-development/frameworks/lynx/index.html (+1ms) 
14:21:03   ├─ /toolkit/software-development/frameworks/mac-studio/index.html (+1ms) 
14:21:03   ├─ /toolkit/software-development/frameworks/react-native/index.html (+1ms) 
14:21:03   ├─ /toolkit/software-development/frameworks/replicache/index.html (+9ms) 
14:21:03   ├─ /toolkit/software-development/frameworks/skip/index.html (+7ms) 
14:21:03   ├─ /toolkit/software-development/frameworks/vitest/index.html (+19ms) 
14:21:03   ├─ /toolkit/software-development/frameworks/espressif-idf/index.html (+5ms) 
14:21:03   ├─ /toolkit/software-development/lego-kit-engineering-tools/apidog/index.html (+1ms) 
14:21:03   ├─ /toolkit/software-development/lego-kit-engineering-tools/auth0/index.html (+9ms) 
14:21:03   ├─ /toolkit/software-development/lego-kit-engineering-tools/better-auth/index.html (+5ms) 
14:21:03   ├─ /toolkit/software-development/lego-kit-engineering-tools/codehooks/index.html (+1ms) 
14:21:03   ├─ /toolkit/software-development/lego-kit-engineering-tools/contentlayer/index.html (+1ms) 
14:21:03   ├─ /toolkit/software-development/lego-kit-engineering-tools/decap/index.html (+1ms) 
14:21:03   ├─ /toolkit/software-development/lego-kit-engineering-tools/crowdin/index.html (+1ms) 
14:21:03   ├─ /toolkit/software-development/lego-kit-engineering-tools/devshuffle/index.html (+1ms) 
14:21:03   ├─ /toolkit/software-development/lego-kit-engineering-tools/effect/index.html (+1ms) 
14:21:03   ├─ /toolkit/software-development/lego-kit-engineering-tools/fileformat/index.html (+18ms) 
14:21:03   ├─ /toolkit/software-development/lego-kit-engineering-tools/floppydata/index.html (+1ms) 
14:21:03   ├─ /toolkit/software-development/lego-kit-engineering-tools/frontmattercms/index.html (+1ms) 
14:21:03   ├─ /toolkit/ghostscript/index.html (+1ms) 
14:21:03   ├─ /toolkit/software-development/lego-kit-engineering-tools/handsontable/index.html (+1ms) 
14:21:03   ├─ /toolkit/software-development/lego-kit-engineering-tools/image-delivery/index.html (+1ms) 
14:21:03   ├─ /toolkit/software-development/lego-kit-engineering-tools/imagekit/index.html (+5ms) 
14:21:03   ├─ /toolkit/software-development/lego-kit-engineering-tools/keystatic-cms/index.html (+1ms) 
14:21:03   ├─ /toolkit/lexical/index.html (+1ms) 
14:21:03   ├─ /toolkit/software-development/lego-kit-engineering-tools/mailgun/index.html (+1ms) 
14:21:03   ├─ /toolkit/software-development/lego-kit-engineering-tools/mailjet/index.html (+1ms) 
14:21:03   ├─ /toolkit/software-development/lego-kit-engineering-tools/metriport/index.html (+1ms) 
14:21:03   ├─ /toolkit/software-development/lego-kit-engineering-tools/opengraphio/index.html (+5ms) 
14:21:03   ├─ /toolkit/software-development/lego-kit-engineering-tools/openzeppelin/index.html (+1ms) 
14:21:03   ├─ /toolkit/software-development/lego-kit-engineering-tools/phrase/index.html (+1ms) 
14:21:03   ├─ /toolkit/polar/index.html (+1ms) 
14:21:03   ├─ /toolkit/software-development/lego-kit-engineering-tools/retool/index.html (+1ms) 
14:21:03   ├─ /toolkit/software-development/lego-kit-engineering-tools/sardine-ai/index.html (+1ms) 
14:21:03   ├─ /toolkit/software-development/lego-kit-engineering-tools/sendgrid/index.html (+1ms) 
14:21:03   ├─ /toolkit/software-development/lego-kit-engineering-tools/swagger-api/index.html (+1ms) 
14:21:03   ├─ /toolkit/software-development/lego-kit-engineering-tools/tadabase/index.html (+1ms) 
14:21:03   ├─ /toolkit/software-development/lego-kit-engineering-tools/stirlingpdf/index.html (+5ms) 
14:21:03   ├─ /toolkit/software-development/lego-kit-engineering-tools/tolgee/index.html (+1ms) 
14:21:03   ├─ /toolkit/software-development/lego-kit-engineering-tools/tyk/index.html (+1ms) 
14:21:03   ├─ /toolkit/unit/index.html (+1ms) 
14:21:03   ├─ /toolkit/software-development/lego-kit-engineering-tools/vanta/index.html (+1ms) 
14:21:03   ├─ /toolkit/software-development/lego-kit-engineering-tools/zuplo/index.html (+5ms) 
14:21:03   ├─ /toolkit/software-development/lego-kit-engineering-tools/shadcn/index.html (+5ms) 
14:21:03   ├─ /toolkit/software-development/lego-kit-engineering-tools/uploadthing/index.html (+1ms) 
14:21:03   ├─ /toolkit/software-development/product-analytics/fullstory/index.html (+1ms) 
14:21:03   ├─ /toolkit/software-development/product-analytics/imply/index.html (+1ms) 
14:21:03   ├─ /toolkit/software-development/product-analytics/product-fruits/index.html (+5ms) 
14:21:03   ├─ /toolkit/software-development/product-analytics/redbird/index.html (+1ms) 
14:21:03   ├─ /toolkit/software-development/product-analytics/userpilot/index.html (+6ms) 
14:21:03   ├─ /toolkit/software-development/product-analytics/whatfix/index.html (+6ms) 
14:21:03   ├─ /toolkit/software-development/programming-languages/appscript/index.html (+5ms) 
14:21:03   ├─ /toolkit/software-development/programming-languages/assembly/index.html (+5ms) 
14:21:03   ├─ /toolkit/software-development/programming-languages/c-sharp/index.html (+5ms) 
14:21:03   ├─ /toolkit/software-development/programming-languages/c/index.html (+1ms) 
14:21:03   ├─ /toolkit/software-development/programming-languages/css/index.html (+1ms) 
14:21:03   ├─ /toolkit/software-development/programming-languages/dartlang/index.html (+1ms) 
14:21:03   ├─ /toolkit/software-development/programming-languages/civet/index.html (+1ms) 
14:21:03   ├─ /toolkit/software-development/programming-languages/datalog/index.html (+1ms) 
14:21:03   ├─ /toolkit/software-development/programming-languages/elixir/index.html (+1ms) 
14:21:03   ├─ /toolkit/software-development/programming-languages/go/index.html (+1ms) 
14:21:03   ├─ /toolkit/software-development/programming-languages/html/index.html (+9ms) 
14:21:03   ├─ /toolkit/software-development/programming-languages/java/index.html (+1ms) 
14:21:03   ├─ /toolkit/software-development/programming-languages/javascript/index.html (+82ms) 
14:21:03   ├─ /toolkit/software-development/programming-languages/julia/index.html (+1ms) 
14:21:03   ├─ /toolkit/software-development/programming-languages/odin/index.html (+1ms) 
14:21:03   ├─ /toolkit/lean-lang/index.html (+1ms) 
14:21:03   ├─ /toolkit/software-development/programming-languages/php/index.html (+1ms) 
14:21:03   ├─ /toolkit/software-development/programming-languages/pkl/index.html (+10ms) 
14:21:03   ├─ /toolkit/software-development/programming-languages/python/index.html (+5ms) 
14:21:03   ├─ /toolkit/software-development/programming-languages/r-programming-language/index.html (+1ms) 
14:21:03   ├─ /toolkit/software-development/programming-languages/ruby/index.html (+1ms) 
14:21:03   ├─ /toolkit/software-development/programming-languages/rust/index.html (+5ms) 
14:21:03   ├─ /toolkit/software-development/programming-languages/tau/index.html (+1ms) 
14:21:03   ├─ /toolkit/software-development/programming-languages/typescript/index.html (+6ms) 
14:21:03   ├─ /toolkit/software-development/programming-languages/zig/index.html (+6ms) 
14:21:03   ├─ /toolkit/ai-toolkit/ai-interfaces/ai-workspaces/abacus-ai/index.html (+15ms) 
14:21:03   ├─ /toolkit/ai-toolkit/ai-interfaces/ai-workspaces/adaline-ai/index.html (+1ms) 
14:21:03   ├─ /toolkit/ai-toolkit/ai-interfaces/ai-workspaces/anythingllm/index.html (+1ms) 
14:21:03   ├─ /toolkit/ai-toolkit/ai-interfaces/ai-workspaces/big-agi/index.html (+1ms) 
14:21:03   ├─ /toolkit/ai-toolkit/ai-interfaces/ai-workspaces/consensus-ai/index.html (+1ms) 
14:21:03   ├─ /toolkit/ai-toolkit/ai-interfaces/ai-workspaces/cortex/index.html (+6ms) 
14:21:03   ├─ /toolkit/ai-toolkit/ai-interfaces/ai-workspaces/galaxy-ai/index.html (+10ms) 
14:21:03   ├─ /toolkit/ai-toolkit/ai-interfaces/ai-workspaces/google-ai-studio/index.html (+1ms) 
14:21:03   ├─ /toolkit/ai-toolkit/ai-interfaces/ai-workspaces/hugging-face-spaces/index.html (+1ms) 
14:21:03   ├─ /toolkit/ai-toolkit/ai-interfaces/ai-workspaces/janai/index.html (+20ms) 
14:21:03   ├─ /toolkit/ai-toolkit/ai-interfaces/ai-workspaces/lm-studio/index.html (+1ms) 
14:21:03   ├─ /toolkit/ai-toolkit/ai-interfaces/ai-workspaces/litellm/index.html (+44ms) 
14:21:03   ├─ /toolkit/ai-toolkit/ai-interfaces/ai-workspaces/msty/index.html (+30ms) 
14:21:04   ├─ /toolkit/ai-toolkit/ai-interfaces/ai-workspaces/memai/index.html (+9ms) 
14:21:04   ├─ /toolkit/ai-toolkit/ai-interfaces/ai-workspaces/multitask-ai/index.html (+1ms) 
14:21:04   ├─ /toolkit/ai-toolkit/ai-interfaces/ai-workspaces/ninjachat/index.html (+1ms) 
14:21:04   ├─ /toolkit/ai-toolkit/ai-interfaces/ai-workspaces/notebooklm/index.html (+1ms) 
14:21:04   ├─ /toolkit/ai-toolkit/ai-interfaces/ai-workspaces/omnitool/index.html (+1ms) 
14:21:04   ├─ /toolkit/ai-toolkit/ai-interfaces/ai-workspaces/openrouter/index.html (+1ms) 
14:21:04   ├─ /toolkit/ai-toolkit/ai-interfaces/ai-workspaces/openwebui/index.html (+10ms) 
14:21:04   ├─ /toolkit/ai-toolkit/ai-interfaces/ai-workspaces/perplexity-spaces/index.html (+1ms) 
14:21:04   ├─ /toolkit/ai-toolkit/ai-interfaces/ai-workspaces/poe-ai/index.html (+25ms) 
14:21:04   ├─ /toolkit/ai-toolkit/agentic-ai/agentic-workspaces/adopt-ai/index.html (+2ms) 
14:21:04   ├─ /toolkit/ai-toolkit/agentic-ai/agentic-workspaces/clara/index.html (+1ms) 
14:21:04   ├─ /toolkit/ai-toolkit/agentic-ai/agentic-workspaces/crew-ai/index.html (+13ms) 
14:21:04   ├─ /toolkit/ai-toolkit/agentic-ai/agentic-workspaces/datbot-ai/index.html (+1ms) 
14:21:04   ├─ /toolkit/ai-toolkit/agentic-ai/agentic-workspaces/dynamiq-ai/index.html (+6ms) 
14:21:04   ├─ /toolkit/ai-toolkit/agentic-ai/agentic-workspaces/genesis-data-agents/index.html (+1ms) 
14:21:04   ├─ /toolkit/ai-toolkit/agentic-ai/agentic-workspaces/hypermode/index.html (+1ms) 
14:21:04   ├─ /toolkit/ai-toolkit/agentic-ai/agentic-workspaces/kestra/index.html (+13ms) 
14:21:04   ├─ /toolkit/kubeark/index.html (+1ms) 
14:21:04   ├─ /toolkit/ai-toolkit/agentic-ai/agentic-workspaces/gumloop/index.html (+1ms) 
14:21:04   ├─ /toolkit/ai-toolkit/agentic-ai/agentic-workspaces/llm-stack/index.html (+1ms) 
14:21:04   ├─ /toolkit/ai-toolkit/agentic-ai/agentic-workspaces/lobehub/index.html (+1ms) 
14:21:04   ├─ /toolkit/ai-toolkit/agentic-ai/agentic-workspaces/noan/index.html (+1ms) 
14:21:04   ├─ /toolkit/ai-toolkit/agentic-ai/agentic-workspaces/shield-ai/index.html (+1ms) 
14:21:04   ├─ /toolkit/ai-toolkit/agentic-ai/agentic-workspaces/casualens/index.html (+1ms) 
14:21:04   ├─ /toolkit/ai-toolkit/agentic-ai/agentic-workspaces/n8n/index.html (+54ms) 
14:21:04   ├─ /toolkit/ai-toolkit/generative-ai/code-generators/agentfarm/index.html (+2ms) 
14:21:04   ├─ /toolkit/ai-toolkit/generative-ai/code-generators/aider/index.html (+27ms) 
14:21:04   ├─ /toolkit/ai-toolkit/generative-ai/code-generators/appmap/index.html (+1ms) 
14:21:04   ├─ /toolkit/ai-toolkit/generative-ai/code-generators/augment-code/index.html (+25ms) 
14:21:04   ├─ /toolkit/ai-toolkit/generative-ai/code-generators/baz/index.html (+1ms) 
14:21:04   ├─ /toolkit/ai-toolkit/generative-ai/code-generators/bind-ide/index.html (+1ms) 
14:21:04   ├─ /toolkit/ai-toolkit/generative-ai/code-generators/bloop-ai/index.html (+1ms) 
14:21:04   ├─ /toolkit/ai-toolkit/generative-ai/code-generators/boltdiy/index.html (+1ms) 
14:21:04   ├─ /toolkit/ai-toolkit/generative-ai/code-generators/boltnew/index.html (+1ms) 
14:21:04   ├─ /toolkit/ai-toolkit/generative-ai/code-generators/chat2db/index.html (+5ms) 
14:21:04   ├─ /toolkit/ai-toolkit/generative-ai/code-generators/claude-code/index.html (+10ms) 
14:21:04   ├─ /toolkit/ai-toolkit/generative-ai/code-generators/cline/index.html (+1ms) 
14:21:04   ├─ /toolkit/ai-toolkit/generative-ai/code-generators/codellm/index.html (+1ms) 
14:21:04   ├─ /toolkit/ai-toolkit/generative-ai/code-generators/continue-ai/index.html (+10ms) 
14:21:04   ├─ /toolkit/ai-toolkit/generative-ai/code-generators/copycoder/index.html (+5ms) 
14:21:04   ├─ /toolkit/ai-toolkit/generative-ai/code-generators/cursor/index.html (+18ms) 
14:21:04   ├─ /toolkit/ai-toolkit/generative-ai/code-generators/databutton/index.html (+10ms) 
14:21:04   ├─ /toolkit/ai-toolkit/generative-ai/code-generators/deepseek-coder/index.html (+5ms) 
14:21:04   ├─ /toolkit/ai-toolkit/generative-ai/code-generators/finedev/index.html (+1ms) 
14:21:04   ├─ /toolkit/ai-toolkit/generative-ai/code-generators/gemini-code-assist/index.html (+1ms) 
14:21:04   ├─ /toolkit/ai-toolkit/generative-ai/code-generators/github-copilot/index.html (+1ms) 
14:21:04   ├─ /toolkit/ai-toolkit/generative-ai/code-generators/grit/index.html (+1ms) 
14:21:04   ├─ /toolkit/ai-toolkit/generative-ai/code-generators/kodu-ai/index.html (+9ms) 
14:21:04   ├─ /toolkit/ai-toolkit/generative-ai/code-generators/lovable/index.html (+1ms) 
14:21:04   ├─ /toolkit/ai-toolkit/generative-ai/code-generators/magic/index.html (+1ms) 
14:21:04   ├─ /toolkit/ai-toolkit/generative-ai/code-generators/mercury-coder/index.html (+1ms) 
14:21:04   ├─ /toolkit/ai-toolkit/generative-ai/code-generators/melty/index.html (+1ms) 
14:21:04   ├─ /toolkit/ai-toolkit/generative-ai/code-generators/opencodeinterpreter/index.html (+5ms) 
14:21:04   ├─ /toolkit/ai-toolkit/generative-ai/code-generators/pear-ide/index.html (+1ms) 
14:21:04   ├─ /toolkit/ai-toolkit/generative-ai/code-generators/poolside/index.html (+1ms) 
14:21:04   ├─ /toolkit/ai-toolkit/generative-ai/code-generators/pythagora/index.html (+5ms) 
14:21:04   ├─ /toolkit/ai-toolkit/generative-ai/code-generators/repoprompt/index.html (+1ms) 
14:21:04   ├─ /toolkit/ai-toolkit/generative-ai/code-generators/roo-code/index.html (+18ms) 
14:21:04   ├─ /toolkit/ai-toolkit/generative-ai/code-generators/program-ai/index.html (+2ms) 
14:21:04   ├─ /toolkit/ai-toolkit/generative-ai/code-generators/specstory/index.html (+1ms) 
14:21:04   ├─ /toolkit/ai-toolkit/generative-ai/code-generators/tempo/index.html (+1ms) 
14:21:04   ├─ /toolkit/ai-toolkit/generative-ai/code-generators/trae-ai/index.html (+17ms) 
14:21:04   ├─ /toolkit/ai-toolkit/generative-ai/code-generators/warp/index.html (+6ms) 
14:21:04   ├─ /toolkit/ai-toolkit/generative-ai/code-generators/windsurf-ide/index.html (+19ms) 
14:21:04   ├─ /toolkit/ai-toolkit/generative-ai/code-generators/supermaven/index.html (+14ms) 
14:21:04   ├─ /toolkit/ai-toolkit/generative-ai/code-generators/v0/index.html (+27ms) 
14:21:04   ├─ /toolkit/ai-toolkit/generative-ai/code-generators/zed/index.html (+1ms) 
14:21:04   ├─ /toolkit/ai-toolkit/generative-ai/code-generators/wave-terminal/index.html (+1ms) 
14:21:04   ├─ /toolkit/software-development/developer-experience/devtools/airfocus/index.html (+6ms) 
14:21:04   ├─ /toolkit/software-development/developer-experience/devtools/basecoat-ui/index.html (+1ms) 
14:21:04   ├─ /toolkit/software-development/developer-experience/devtools/chronosphere/index.html (+1ms) 
14:21:04   ├─ /toolkit/software-development/developer-experience/devtools/bun/index.html (+5ms) 
14:21:04   ├─ /toolkit/codesandbox-io/index.html (+1ms) 
14:21:04   ├─ /toolkit/software-development/developer-experience/devtools/conan/index.html (+1ms) 
14:21:04   ├─ /toolkit/software-development/developer-experience/devtools/deno/index.html (+13ms) 
14:21:04   ├─ /toolkit/software-development/developer-experience/devtools/lucide-react/index.html (+1ms) 
14:21:04   ├─ /toolkit/software-development/developer-experience/devtools/localizely/index.html (+1ms) 
14:21:04   ├─ /toolkit/software-development/developer-experience/devtools/domo/index.html (+1ms) 
14:21:04   ├─ /toolkit/software-development/developer-experience/devtools/mailersend/index.html (+1ms) 
14:21:04   ├─ /toolkit/software-development/developer-experience/devtools/mezmo/index.html (+1ms) 
14:21:04   ├─ /toolkit/software-development/developer-experience/devtools/mymemo/index.html (+1ms) 
14:21:04   ├─ /toolkit/software-development/developer-experience/devtools/nginx/index.html (+1ms) 
14:21:04   ├─ /toolkit/software-development/developer-experience/devtools/node-package-manager/index.html (+9ms) 
14:21:04   ├─ /toolkit/software-development/developer-experience/devtools/nodejs/index.html (+10ms) 
14:21:04   ├─ /toolkit/software-development/developer-experience/devtools/pendo/index.html (+1ms) 
14:21:04   ├─ /toolkit/software-development/developer-experience/devtools/playwright/index.html (+1ms) 
14:21:04   ├─ /toolkit/software-development/developer-experience/devtools/pinokio/index.html (+1ms) 
14:21:04   ├─ /toolkit/software-development/developer-experience/devtools/product-plan/index.html (+1ms) 
14:21:04   ├─ /toolkit/software-development/developer-experience/devtools/productboard/index.html (+5ms) 
14:21:04   ├─ /toolkit/software-development/developer-experience/devtools/puppeteer/index.html (+1ms) 
14:21:04   ├─ /toolkit/software-development/developer-experience/devtools/quark-ai/index.html (+1ms) 
14:21:04   ├─ /toolkit/software-development/developer-experience/devtools/qwerk-ai/index.html (+1ms) 
14:21:04   ├─ /toolkit/software-development/developer-experience/devtools/qwerky-ai/index.html (+1ms) 
14:21:04   ├─ /toolkit/software-development/developer-experience/devtools/rs-build/index.html (+1ms) 
14:21:04   ├─ /toolkit/software-development/developer-experience/devtools/scalar/index.html (+1ms) 
14:21:04   ├─ /toolkit/software-development/developer-experience/devtools/sematext/index.html (+1ms) 
14:21:04   ├─ /toolkit/software-development/developer-experience/devtools/serverpilot/index.html (+1ms) 
14:21:04   ├─ /toolkit/software-development/developer-experience/devtools/sourceforge/index.html (+1ms) 
14:21:04   ├─ /toolkit/software-development/developer-experience/devtools/tailscale/index.html (+1ms) 
14:21:04   ├─ /toolkit/software-development/developer-experience/devtools/tauri/index.html (+10ms) 
14:21:04   ├─ /toolkit/software-development/developer-experience/devtools/textgen/index.html (+1ms) 
14:21:04   ├─ /toolkit/software-development/developer-experience/devtools/tinybase/index.html (+14ms) 
14:21:04   ├─ /toolkit/software-development/developer-experience/devtools/turborepo/index.html (+5ms) 
14:21:04   ├─ /toolkit/software-development/developer-experience/devtools/vega/index.html (+1ms) 
14:21:04   ├─ /toolkit/software-development/developer-experience/devtools/vite/index.html (+1ms) 
14:21:04   ├─ /toolkit/software-development/developer-experience/devtools/whimsical/index.html (+2ms) 
14:21:04   ├─ /toolkit/software-development/developer-experience/devtools/visual-studio-code/index.html (+130ms) 
14:21:04   ├─ /toolkit/software-development/developer-experience/devtools/pnpm/index.html (+1ms) 
14:21:04   ├─ /toolkit/software-development/developer-experience/devtools/tmux/index.html (+9ms) 
14:21:04   ├─ /toolkit/software-development/developer-experience/devops/apache-airflow/index.html (+7ms) 
14:21:04   ├─ /toolkit/software-development/developer-experience/devops/better-stack/index.html (+1ms) 
14:21:04   ├─ /toolkit/software-development/developer-experience/devops/cast-ai/index.html (+5ms) 
14:21:04   ├─ /toolkit/software-development/developer-experience/devops/chainguard/index.html (+1ms) 
14:21:04   ├─ /toolkit/software-development/developer-experience/devops/chaos-mesh/index.html (+5ms) 
14:21:04   ├─ /toolkit/software-development/developer-experience/devops/containerd/index.html (+1ms) 
14:21:04   ├─ /toolkit/software-development/developer-experience/devops/cortex/index.html (+1ms) 
14:21:04   ├─ /toolkit/software-development/developer-experience/devops/dagger/index.html (+10ms) 
14:21:04   ├─ /toolkit/software-development/developer-experience/devops/docker/index.html (+27ms) 
14:21:04   ├─ /toolkit/software-development/developer-experience/devops/eraser/index.html (+1ms) 
14:21:04   ├─ /toolkit/software-development/developer-experience/devops/filebrowser/index.html (+1ms) 
14:21:04   ├─ /toolkit/software-development/developer-experience/devops/git-lens/index.html (+1ms) 
14:21:04   ├─ /toolkit/software-development/developer-experience/devops/gitkraken/index.html (+1ms) 
14:21:04   ├─ /toolkit/gitlab/index.html (+1ms) 
14:21:04   ├─ /toolkit/software-development/developer-experience/devops/graphite/index.html (+5ms) 
14:21:04   ├─ /toolkit/software-development/developer-experience/devops/hatica/index.html (+1ms) 
14:21:04   ├─ /toolkit/software-development/developer-experience/devops/incidentio/index.html (+1ms) 
14:21:04   ├─ /toolkit/software-development/developer-experience/devops/jam/index.html (+9ms) 
14:21:04   ├─ /toolkit/software-development/developer-experience/devops/jazz/index.html (+5ms) 
14:21:04   ├─ /toolkit/software-development/developer-experience/devops/jujutsu/index.html (+1ms) 
14:21:04   ├─ /toolkit/software-development/developer-experience/devops/kairosio/index.html (+1ms) 
14:21:04   ├─ /toolkit/software-development/developer-experience/devops/kubernetes/index.html (+1ms) 
14:21:04   ├─ /toolkit/software-development/developer-experience/devops/launchdarkly/index.html (+1ms) 
14:21:04   ├─ /toolkit/software-development/developer-experience/devops/limavm/index.html (+1ms) 
14:21:04   ├─ /toolkit/software-development/developer-experience/devops/mercurial/index.html (+1ms) 
14:21:04   ├─ /toolkit/software-development/developer-experience/devops/merge/index.html (+9ms) 
14:21:04   ├─ /toolkit/software-development/developer-experience/devops/moonrepo/index.html (+6ms) 
14:21:04   ├─ /toolkit/software-development/developer-experience/devops/nx/index.html (+15ms) 
14:21:04   ├─ /toolkit/software-development/developer-experience/devops/pangolin/index.html (+6ms) 
14:21:04   ├─ /toolkit/software-development/developer-experience/devops/patr/index.html (+1ms) 
14:21:04   ├─ /toolkit/software-development/developer-experience/devops/porrfor/index.html (+17ms) 
14:21:04   ├─ /toolkit/software-development/developer-experience/devops/portainer/index.html (+1ms) 
14:21:04   ├─ /toolkit/software-development/developer-experience/devops/postman/index.html (+10ms) 
14:21:04   ├─ /toolkit/software-development/developer-experience/devops/proxmox/index.html (+5ms) 
14:21:04   ├─ /toolkit/software-development/developer-experience/devops/quorini/index.html (+1ms) 
14:21:04   ├─ /toolkit/software-development/developer-experience/devops/sst/index.html (+1ms) 
14:21:04   ├─ /toolkit/software-development/developer-experience/devops/safety/index.html (+1ms) 
14:21:04   ├─ /toolkit/software-development/developer-experience/devops/sapling-scm/index.html (+1ms) 
14:21:04   ├─ /toolkit/software-development/developer-experience/devops/socket/index.html (+1ms) 
14:21:04   ├─ /toolkit/software-development/developer-experience/devops/solo-io/index.html (+1ms) 
14:21:04   ├─ /toolkit/software-development/developer-experience/devops/stellate/index.html (+1ms) 
14:21:04   ├─ /toolkit/software-development/developer-experience/devops/starlight/index.html (+9ms) 
14:21:04   ├─ /toolkit/software-development/developer-experience/devops/trigger/index.html (+10ms) 
14:21:04   ├─ /toolkit/software-development/developer-experience/devops/whalesync/index.html (+1ms) 
14:21:04   ├─ /toolkit/software-development/developer-experience/devops/zapier/index.html (+1ms) 
14:21:04   ├─ /toolkit/software-development/developer-experience/devops/zof-ai/index.html (+5ms) 
14:21:04   ├─ /toolkit/software-development/developer-experience/devops/grpc/index.html (+17ms) 
14:21:04   ├─ /toolkit/software-development/developer-experience/devops/zerosync/index.html (+1ms) 
14:21:04   ├─ /toolkit/software-development/frameworks/web-frameworks/adonis/index.html (+1ms) 
14:21:04   ├─ /toolkit/software-development/frameworks/web-frameworks/alpine-js/index.html (+1ms) 
14:21:04   ├─ /toolkit/software-development/frameworks/web-frameworks/angular/index.html (+21ms) 
14:21:04   ├─ /toolkit/software-development/frameworks/web-frameworks/astro/index.html (+15ms) 
14:21:04   ├─ /toolkit/software-development/frameworks/web-frameworks/axios/index.html (+1ms) 
14:21:04   ├─ /toolkit/software-development/frameworks/web-frameworks/blazor/index.html (+1ms) 
14:21:04   ├─ /toolkit/software-development/frameworks/web-frameworks/dotnet/index.html (+1ms) 
14:21:04   ├─ /toolkit/software-development/frameworks/web-frameworks/django/index.html (+1ms) 
14:21:04   ├─ /toolkit/software-development/frameworks/web-frameworks/eleventy/index.html (+1ms) 
14:21:04   ├─ /toolkit/software-development/frameworks/web-frameworks/fast-api/index.html (+7ms) 
14:21:04   ├─ /toolkit/software-development/frameworks/web-frameworks/fastify/index.html (+9ms) 
14:21:04   ├─ /toolkit/software-development/frameworks/web-frameworks/flask/index.html (+1ms) 
14:21:04   ├─ /toolkit/software-development/frameworks/web-frameworks/htmx/index.html (+1ms) 
14:21:04   ├─ /toolkit/software-development/frameworks/web-frameworks/hono/index.html (+1ms) 
14:21:04   ├─ /toolkit/software-development/frameworks/web-frameworks/infernojs/index.html (+1ms) 
14:21:04   ├─ /toolkit/software-development/frameworks/web-frameworks/laravel/index.html (+1ms) 
14:21:04   ├─ /toolkit/software-development/frameworks/web-frameworks/mdx/index.html (+1ms) 
14:21:04   ├─ /toolkit/software-development/frameworks/web-frameworks/mermaidjs/index.html (+5ms) 
14:21:04   ├─ /toolkit/software-development/frameworks/web-frameworks/legend-state/index.html (+26ms) 
14:21:04   ├─ /toolkit/software-development/frameworks/web-frameworks/meteor/index.html (+1ms) 
14:21:04   ├─ /toolkit/software-development/frameworks/web-frameworks/modernjs/index.html (+1ms) 
14:21:04   ├─ /toolkit/software-development/frameworks/web-frameworks/nextjs/index.html (+18ms) 
14:21:05   ├─ /toolkit/software-development/frameworks/web-frameworks/nextra/index.html (+14ms) 
14:21:05   ├─ /toolkit/software-development/frameworks/web-frameworks/nestjs/index.html (+1ms) 
14:21:05   ├─ /toolkit/software-development/frameworks/web-frameworks/nuxtjs/index.html (+9ms) 
14:21:05   ├─ /toolkit/software-development/frameworks/web-frameworks/phoenix/index.html (+6ms) 
14:21:05   ├─ /toolkit/software-development/frameworks/web-frameworks/preact/index.html (+1ms) 
14:21:05   ├─ /toolkit/software-development/frameworks/web-frameworks/quasar/index.html (+5ms) 
14:21:05   ├─ /toolkit/software-development/frameworks/web-frameworks/react/index.html (+31ms) 
14:21:05   ├─ /toolkit/software-development/frameworks/web-frameworks/remixjs/index.html (+5ms) 
14:21:05   ├─ /toolkit/software-development/frameworks/web-frameworks/ruby-on-rails/index.html (+1ms) 
14:21:05   ├─ /toolkit/software-development/frameworks/web-frameworks/solidjs/index.html (+6ms) 
14:21:05   ├─ /toolkit/software-development/frameworks/web-frameworks/svelte/index.html (+1ms) 
14:21:05   ├─ /toolkit/software-development/frameworks/web-frameworks/stylex/index.html (+1ms) 
14:21:05   ├─ /toolkit/software-development/frameworks/web-frameworks/tailwind/index.html (+29ms) 
14:21:05   ├─ /toolkit/software-development/frameworks/web-frameworks/unpoly/index.html (+5ms) 
14:21:05   ├─ /toolkit/software-development/frameworks/web-frameworks/tanstack/index.html (+1ms) 
14:21:05   ├─ /toolkit/software-development/frameworks/web-frameworks/vuejs/index.html (+14ms) 
14:21:05   ├─ /toolkit/software-development/lego-kit-engineering-tools/backend-as-a-service/airtable/index.html (+31ms) 
14:21:05   ├─ /toolkit/software-development/lego-kit-engineering-tools/backend-as-a-service/appwrite/index.html (+1ms) 
14:21:05   ├─ /toolkit/software-development/lego-kit-engineering-tools/backend-as-a-service/baserow/index.html (+15ms) 
14:21:05   ├─ /toolkit/software-development/lego-kit-engineering-tools/backend-as-a-service/buildship/index.html (+10ms) 
14:21:05   ├─ /toolkit/software-development/lego-kit-engineering-tools/backend-as-a-service/clerk/index.html (+5ms) 
14:21:05   ├─ /toolkit/software-development/lego-kit-engineering-tools/backend-as-a-service/convex/index.html (+1ms) 
14:21:05   ├─ /toolkit/software-development/lego-kit-engineering-tools/backend-as-a-service/google-sheets/index.html (+1ms) 
14:21:05   ├─ /toolkit/software-development/lego-kit-engineering-tools/backend-as-a-service/nocobase/index.html (+1ms) 
14:21:05   ├─ /toolkit/software-development/lego-kit-engineering-tools/backend-as-a-service/nocodb/index.html (+5ms) 
14:21:05   ├─ /toolkit/software-development/lego-kit-engineering-tools/backend-as-a-service/outerbase/index.html (+1ms) 
14:21:05   ├─ /toolkit/software-development/lego-kit-engineering-tools/backend-as-a-service/singlestore/index.html (+1ms) 
14:21:05   ├─ /toolkit/software-development/lego-kit-engineering-tools/backend-as-a-service/turso/index.html (+6ms) 
14:21:05   ├─ /toolkit/software-development/lego-kit-engineering-tools/backend-as-a-service/pocketbase/index.html (+20ms) 
14:21:05   ├─ /toolkit/software-development/lego-kit-engineering-tools/ui-builders/builderio/index.html (+2ms) 
14:21:05   ├─ /toolkit/software-development/lego-kit-engineering-tools/ui-builders/outsystems/index.html (+1ms) 
14:21:05   ├─ /toolkit/software-development/lego-kit-engineering-tools/ui-builders/webstudio/index.html (+6ms) 
14:21:05   ├─ /toolkit/software-development/programming-languages/libraries/antora/index.html (+6ms) 
14:21:05   ├─ /toolkit/software-development/programming-languages/libraries/bunster/index.html (+1ms) 
14:21:05   ├─ /toolkit/software-development/programming-languages/libraries/gorm/index.html (+1ms) 
14:21:05   ├─ /toolkit/software-development/programming-languages/libraries/glow/index.html (+1ms) 
14:21:05   ├─ /toolkit/software-development/programming-languages/libraries/kokoro-tts-fast-api/index.html (+1ms) 
14:21:05   ├─ /toolkit/software-development/programming-languages/libraries/markmap/index.html (+1ms) 
14:21:05   ├─ /toolkit/software-development/programming-languages/libraries/lerna/index.html (+1ms) 
14:21:05   ├─ /toolkit/module-federation-io/index.html (+1ms) 
14:21:05   ├─ /toolkit/modeldraw/index.html (+1ms) 
14:21:05   ├─ /toolkit/software-development/programming-languages/libraries/momentjs/index.html (+1ms) 
14:21:05   ├─ /toolkit/omga/index.html (+1ms) 
14:21:05   ├─ /toolkit/software-development/programming-languages/libraries/omga/index.html (+1ms) 
14:21:05   ├─ /toolkit/software-development/programming-languages/libraries/pagefind/index.html (+1ms) 
14:21:05   ├─ /toolkit/software-development/programming-languages/libraries/pandoc/index.html (+1ms) 
14:21:05   ├─ /toolkit/software-development/programming-languages/libraries/plot/index.html (+1ms) 
14:21:05   ├─ /toolkit/software-development/programming-languages/libraries/prismjs/index.html (+5ms) 
14:21:05   ├─ /toolkit/software-development/programming-languages/libraries/rehype/index.html (+1ms) 
14:21:05   ├─ /toolkit/remark-js/index.html (+1ms) 
14:21:05   ├─ /toolkit/software-development/programming-languages/libraries/revealjs/index.html (+1ms) 
14:21:05   ├─ /toolkit/software-development/programming-languages/libraries/stow/index.html (+10ms) 
14:21:05   ├─ /toolkit/software-development/programming-languages/libraries/threejs/index.html (+1ms) 
14:21:05   ├─ /toolkit/software-development/programming-languages/libraries/velite/index.html (+1ms) 
14:21:05   ├─ /toolkit/software-development/programming-languages/libraries/unifiedjs/index.html (+1ms) 
14:21:05   ├─ /toolkit/software-development/programming-languages/libraries/vite-federation-plugin/index.html (+7ms) 
14:21:05   ├─ /toolkit/software-development/programming-languages/libraries/webpack/index.html (+2ms) 
14:21:05   ├─ /toolkit/software-development/programming-languages/libraries/yamllint/index.html (+1ms) 
14:21:05   ├─ /toolkit/software-development/programming-languages/libraries/zod/index.html (+5ms) 
14:21:05   ├─ /toolkit/software-development/programming-languages/libraries/zustand/index.html (+1ms) 
14:21:05   ├─ /toolkit/software-development/programming-languages/libraries/markdown-rs/index.html (+1ms) 
14:21:05   ├─ /toolkit/software-development/programming-languages/libraries/mdast/index.html (+1ms) 
14:21:05   ├─ /toolkit/software-development/programming-languages/libraries/mermaid-js-ai-agent/index.html (+1ms) 
14:21:05   ├─ /toolkit/software-development/programming-languages/libraries/micromark/index.html (+1ms) 
14:21:05   ├─ /toolkit/software-development/programming-languages/libraries/unist/index.html (+1ms) 
14:21:05   ├─ /toolkit/software-development/programming-languages/libraries/wgpu/index.html (+1ms) 
14:21:05   ├─ /toolkit/ai-toolkit/ai-interfaces/ai-workspaces/vertical-wrappers/breezy/index.html (+1ms) 
14:21:05   ├─ /toolkit/ai-toolkit/ai-interfaces/ai-workspaces/vertical-wrappers/catio/index.html (+3ms) 
14:21:05   ├─ /toolkit/ai-toolkit/ai-interfaces/ai-workspaces/vertical-wrappers/coveo/index.html (+15ms) 
14:21:05   ├─ /toolkit/decimal/index.html (+1ms) 
14:21:05   ├─ /toolkit/ai-toolkit/ai-interfaces/ai-workspaces/vertical-wrappers/delve/index.html (+1ms) 
14:21:05   ├─ /toolkit/ai-toolkit/ai-interfaces/ai-workspaces/vertical-wrappers/granola/index.html (+6ms) 
14:21:05   ├─ /toolkit/hostie/index.html (+1ms) 
14:21:05   ├─ /toolkit/ai-toolkit/ai-interfaces/ai-workspaces/vertical-wrappers/jasper/index.html (+1ms) 
14:21:05   ├─ /toolkit/ai-toolkit/ai-interfaces/ai-workspaces/vertical-wrappers/keak/index.html (+11ms) 
14:21:05   ├─ /toolkit/ai-toolkit/ai-interfaces/ai-workspaces/vertical-wrappers/lately-ai/index.html (+2ms) 
14:21:05   ├─ /toolkit/ai-toolkit/ai-interfaces/ai-workspaces/vertical-wrappers/integral/index.html (+1ms) 
14:21:05   ├─ /toolkit/ai-toolkit/ai-interfaces/ai-workspaces/vertical-wrappers/microsoft-copilot/index.html (+1ms) 
14:21:05   ├─ /toolkit/ai-toolkit/ai-interfaces/ai-workspaces/vertical-wrappers/picsart/index.html (+1ms) 
14:21:05   ├─ /toolkit/ai-toolkit/ai-interfaces/ai-workspaces/vertical-wrappers/teamgpt/index.html (+1ms) 
14:21:05   ├─ /toolkit/ai-toolkit/ai-interfaces/ai-workspaces/vertical-wrappers/type-ai/index.html (+1ms) 
14:21:05   ├─ /toolkit/software-development/frameworks/frontend/ui-frameworks/21stdev/index.html (+5ms) 
14:21:05   ├─ /toolkit/software-development/frameworks/frontend/ui-frameworks/heroui/index.html (+1ms) 
14:21:05   ├─ /toolkit/software-development/frameworks/frontend/ui-frameworks/radix-ui/index.html (+1ms) 
14:21:05   ├─ /toolkit/software-development/frameworks/frontend/ui-frameworks/tailwind/index.html (+1ms) 
14:21:05   ├─ /toolkit/software-development/frameworks/frontend/ui-frameworks/starwind-ui/index.html (+1ms) 
14:21:05   ├─ /toolkit/software-development/frameworks/frontend/ui-frameworks/tamagui/index.html (+1ms) 
14:21:05   ├─ /toolkit/software-development/developer-experience/devops/documentation-engines/docmost/index.html (+1ms) 
14:21:05   ├─ /toolkit/software-development/developer-experience/devops/documentation-engines/docusaurus/index.html (+1ms) 
14:21:05   ├─ /toolkit/software-development/developer-experience/devops/documentation-engines/nuclino/index.html (+18ms) 
14:21:05   ├─ /toolkit/software-development/developer-experience/devops/documentation-engines/mintlify/index.html (+5ms) 
14:21:05   ├─ /toolkit/software-development/developer-experience/devops/documentation-engines/paligo/index.html (+17ms) 
14:21:05   ├─ /toolkit/software-development/developer-experience/devops/documentation-engines/readme/index.html (+2ms) 
14:21:05   └─ /toolkit/software-development/developer-experience/devops/documentation-engines/starlight/index.html (+1ms) 
14:21:05 ▶ src/pages/vibe-with/[tag].astro
14:21:05   ├─ /vibe-with/code-style/index.html (+1ms) 
14:21:05   ├─ /vibe-with/code-quality/index.html (+1ms) 
14:21:05   ├─ /vibe-with/maintainability/index.html (+1ms) 
14:21:05   ├─ /vibe-with/refactoring/index.html (+1ms) 
14:21:05   ├─ /vibe-with/component-based architecture/index.html (+1ms) 
14:21:05   ├─ /vibe-with/readability/index.html (+1ms) 
14:21:05   ├─ /vibe-with/component-management/index.html (+1ms) 
14:21:05   ├─ /vibe-with/render-logic/index.html (+1ms) 
14:21:05   ├─ /vibe-with/component-based-architecture/index.html (+1ms) 
14:21:05   ├─ /vibe-with/ui-design/index.html (+1ms) 
14:21:05   ├─ /vibe-with/configuration/index.html (+1ms) 
14:21:05   ├─ /vibe-with/build-scripts/index.html (+1ms) 
14:21:05   ├─ /vibe-with/user-options/index.html (+1ms) 
14:21:05   ├─ /vibe-with/directory-management/index.html (+1ms) 
14:21:05   ├─ /vibe-with/css-architecture/index.html (+1ms) 
14:21:05   ├─ /vibe-with/interaction-design/index.html (+1ms) 
14:21:05   ├─ /vibe-with/animation/index.html (+1ms) 
14:21:05   ├─ /vibe-with/transitions/index.html (+1ms) 
14:21:05   ├─ /vibe-with/user-experience/index.html (+1ms) 
14:21:05   ├─ /vibe-with/dynamic-routing/index.html (+1ms) 
14:21:05   ├─ /vibe-with/content-collections/index.html (+1ms) 
14:21:05   ├─ /vibe-with/astro/index.html (+1ms) 
14:21:05   ├─ /vibe-with/component-architecture/index.html (+1ms) 
14:21:05   ├─ /vibe-with/markdown-enhancement/index.html (+1ms) 
14:21:05   ├─ /vibe-with/custom-rendering/index.html (+1ms) 
14:21:05   ├─ /vibe-with/extended-markdown/index.html (+1ms) 
14:21:05   ├─ /vibe-with/content-display/index.html (+1ms) 
14:21:05   ├─ /vibe-with/visual-engineering/index.html (+1ms) 
14:21:05   ├─ /vibe-with/diagramming/index.html (+1ms) 
14:21:05   ├─ /vibe-with/markdown-rendering/index.html (+1ms) 
14:21:05   ├─ /vibe-with/micromark/index.html (+1ms) 
14:21:05   ├─ /vibe-with/unified.js-ecosystem/index.html (+1ms) 
14:21:05   ├─ /vibe-with/remark-plugin/index.html (+0ms) 
14:21:05   ├─ /vibe-with/data-integrity/index.html (+1ms) 
14:21:05   ├─ /vibe-with/file-processing/index.html (+1ms) 
14:21:05   ├─ /vibe-with/observer-system/index.html (+1ms) 
14:21:05   ├─ /vibe-with/remark/index.html (+1ms) 
14:21:05   ├─ /vibe-with/ast/index.html (+1ms) 
14:21:05   ├─ /vibe-with/code-studies/index.html (+1ms) 
14:21:05   ├─ /vibe-with/citations/index.html (+1ms) 
14:21:05   ├─ /vibe-with/mdx/index.html (+1ms) 
14:21:05   ├─ /vibe-with/layout-system/index.html (+1ms) 
14:21:05   ├─ /vibe-with/content-displays/index.html (+1ms) 
14:21:05   ├─ /vibe-with/user-interface/index.html (+1ms) 
14:21:05   ├─ /vibe-with/content-models/index.html (+1ms) 
14:21:05   ├─ /vibe-with/content-sorting/index.html (+1ms) 
14:21:05   ├─ /vibe-with/data-visualization/index.html (+1ms) 
14:21:05   ├─ /vibe-with/json-canvas/index.html (+1ms) 
14:21:05   ├─ /vibe-with/open-graph/index.html (+1ms) 
14:21:05   ├─ /vibe-with/api-integrations/index.html (+1ms) 
14:21:05   ├─ /vibe-with/changelogs/index.html (+1ms) 
14:21:05   ├─ /vibe-with/release-notes/index.html (+1ms) 
14:21:05   ├─ /vibe-with/navigation/index.html (+1ms) 
14:21:05   ├─ /vibe-with/layout-design/index.html (+1ms) 
14:21:05   ├─ /vibe-with/animations/index.html (+1ms) 
14:21:05   ├─ /vibe-with/ui-elements/index.html (+1ms) 
14:21:05   ├─ /vibe-with/css/index.html (+1ms) 
14:21:05   ├─ /vibe-with/responsive-design/index.html (+1ms) 
14:21:05   ├─ /vibe-with/rendering-pipeline/index.html (+1ms) 
14:21:05   ├─ /vibe-with/design-inspiration/index.html (+0ms) 
14:21:05   ├─ /vibe-with/web-design/index.html (+1ms) 
14:21:05   ├─ /vibe-with/component-analysis/index.html (+1ms) 
14:21:05   ├─ /vibe-with/dry-principles/index.html (+1ms) 
14:21:05   ├─ /vibe-with/file-systems/index.html (+1ms) 
14:21:05   ├─ /vibe-with/content-registry/index.html (+1ms) 
14:21:05   ├─ /vibe-with/file-management/index.html (+1ms) 
14:21:05   ├─ /vibe-with/data-tracking/index.html (+1ms) 
14:21:05   ├─ /vibe-with/uuid-management/index.html (+1ms) 
14:21:05   ├─ /vibe-with/data-management/index.html (+1ms) 
14:21:05   ├─ /vibe-with/frontmatter/index.html (+1ms) 
14:21:05   ├─ /vibe-with/yaml/index.html (+1ms) 
14:21:05   ├─ /vibe-with/content-management/index.html (+1ms) 
14:21:05   ├─ /vibe-with/metadata/index.html (+1ms) 
14:21:05   ├─ /vibe-with/filesystem-observers/index.html (+1ms) 
14:21:05   ├─ /vibe-with/data-fetching/index.html (+1ms) 
14:21:05   ├─ /vibe-with/yaml-validation/index.html (+1ms) 
14:21:05   ├─ /vibe-with/error-handling/index.html (+1ms) 
14:21:05   ├─ /vibe-with/url-processing/index.html (+1ms) 
14:21:05   ├─ /vibe-with/scripts/index.html (+1ms) 
14:21:05   ├─ /vibe-with/error-detection/index.html (+1ms) 
14:21:05   ├─ /vibe-with/content-fixes/index.html (+1ms) 
14:21:05   ├─ /vibe-with/build-process/index.html (+1ms) 
14:21:05   ├─ /vibe-with/file-observers/index.html (+1ms) 
14:21:05   ├─ /vibe-with/data-cleaning/index.html (+1ms) 
14:21:05   ├─ /vibe-with/automation/index.html (+1ms) 
14:21:05   ├─ /vibe-with/frontmatter-validation/index.html (+1ms) 
14:21:05   ├─ /vibe-with/data-apis/index.html (+1ms) 
14:21:05   ├─ /vibe-with/error-correction/index.html (+1ms) 
14:21:05   ├─ /vibe-with/function-development/index.html (+1ms) 
14:21:05   ├─ /vibe-with/workflow/index.html (+1ms) 
14:21:05   ├─ /vibe-with/local-llms/index.html (+1ms) 
14:21:05   ├─ /vibe-with/generative-ai/index.html (+1ms) 
14:21:05   ├─ /vibe-with/metadata-generation/index.html (+1ms) 
14:21:05   ├─ /vibe-with/content-automation/index.html (+1ms) 
14:21:05   ├─ /vibe-with/model-apis/index.html (+1ms) 
14:21:05   ├─ /vibe-with/llm-services/index.html (+1ms) 
14:21:05   ├─ /vibe-with/api-guidelines/index.html (+1ms) 
14:21:05   ├─ /vibe-with/best-practices/index.html (+1ms) 
14:21:05   ├─ /vibe-with/prompt-engineering/index.html (+1ms) 
14:21:05   ├─ /vibe-with/documentation/index.html (+1ms) 
14:21:05   ├─ /vibe-with/content-refactoring/index.html (+1ms) 
14:21:05   ├─ /vibe-with/changelog-first-development/index.html (+1ms) 
14:21:05   ├─ /vibe-with/continuous-integration/index.html (+1ms) 
14:21:05   ├─ /vibe-with/continuous-deployment/index.html (+3ms) 
14:21:05   ├─ /vibe-with/inbound-marketing/index.html (+1ms) 
14:21:05   ├─ /vibe-with/demand-generation/index.html (+1ms) 
14:21:05   ├─ /vibe-with/marketing-automation/index.html (+1ms) 
14:21:05   ├─ /vibe-with/agentic-ai/index.html (+1ms) 
14:21:05   ├─ /vibe-with/vibe-coding-workflow/index.html (+1ms) 
14:21:05   ├─ /vibe-with/human-ai-collaboration/index.html (+1ms) 
14:21:05   ├─ /vibe-with/code-generators/index.html (+1ms) 
14:21:05   ├─ /vibe-with/vibe-coding/index.html (+1ms) 
14:21:05   ├─ /vibe-with/model-context-protocols/index.html (+1ms) 
14:21:05   ├─ /vibe-with/ai-human-workflow/index.html (+1ms) 
14:21:05   ├─ /vibe-with/workflow-automation/index.html (+1ms) 
14:21:05   ├─ /vibe-with/scripting/index.html (+1ms) 
14:21:05   ├─ /vibe-with/reporting-templates/index.html (+1ms) 
14:21:05   ├─ /vibe-with/issue-resolution/index.html (+1ms) 
14:21:05   ├─ /vibe-with/image-rendering/index.html (+1ms) 
14:21:05   ├─ /vibe-with/svg/index.html (+1ms) 
14:21:05   ├─ /vibe-with/path-resolution/index.html (+1ms) 
14:21:05   ├─ /vibe-with/content-generators/index.html (+1ms) 
14:21:05   ├─ /vibe-with/retrieval-augmented-generation/index.html (+1ms) 
14:21:05   ├─ /vibe-with/state-of-the-art-practices/index.html (+1ms) 
14:21:05   ├─ /vibe-with/content-marketing/index.html (+1ms) 
14:21:05   ├─ /vibe-with/version-control/index.html (+1ms) 
14:21:05   ├─ /vibe-with/collaborative-workflow/index.html (+1ms) 
14:21:05   ├─ /vibe-with/git-workflow/index.html (+1ms) 
14:21:05   ├─ /vibe-with/tips-and-tricks/index.html (+1ms) 
14:21:05   ├─ /vibe-with/collaboration-tools/index.html (+1ms) 
14:21:05   ├─ /vibe-with/code-assistants/index.html (+1ms) 
14:21:05   ├─ /vibe-with/context-windows/index.html (+1ms) 
14:21:05   ├─ /vibe-with/transparent-organizations/index.html (+1ms) 
14:21:05   ├─ /vibe-with/documentation-first-development/index.html (+1ms) 
14:21:05   ├─ /vibe-with/implementation-solutions/index.html (+1ms) 
14:21:05   ├─ /vibe-with/collaborative-workflows/index.html (+0ms) 
14:21:05   ├─ /vibe-with/markdown/index.html (+1ms) 
14:21:05   ├─ /vibe-with/desktop-publishing/index.html (+1ms) 
14:21:05   ├─ /vibe-with/cross-platform/index.html (+1ms) 
14:21:05   ├─ /vibe-with/code-blocks/index.html (+1ms) 
14:21:05   ├─ /vibe-with/syntax-highlighting/index.html (+1ms) 
14:21:05   ├─ /vibe-with/data-registry/index.html (+1ms) 
14:21:05   ├─ /vibe-with/architecture/index.html (+1ms) 
14:21:05   ├─ /vibe-with/opengraph/index.html (+1ms) 
14:21:05   ├─ /vibe-with/youtube/index.html (+1ms) 
14:21:05   ├─ /vibe-with/error-corrections/index.html (+1ms) 
14:21:05   ├─ /vibe-with/frontmatter-consistency/index.html (+1ms) 
14:21:05   ├─ /vibe-with/metadata-consistency/index.html (+1ms) 
14:21:05   ├─ /vibe-with/content-integrity/index.html (+1ms) 
14:21:05   ├─ /vibe-with/backend/index.html (+1ms) 
14:21:05   ├─ /vibe-with/databases/index.html (+1ms) 
14:21:05   ├─ /vibe-with/data-persistence/index.html (+1ms) 
14:21:05   ├─ /vibe-with/tailwind/index.html (+1ms) 
14:21:05   ├─ /vibe-with/themes/index.html (+1ms) 
14:21:05   ├─ /vibe-with/modes/index.html (+1ms) 
14:21:05   ├─ /vibe-with/design-systems/index.html (+1ms) 
14:21:05   ├─ /vibe-with/frontend-development/index.html (+1ms) 
14:21:05   ├─ /vibe-with/svelte/index.html (+1ms) 
14:21:05   ├─ /vibe-with/state-management/index.html (+1ms) 
14:21:05   ├─ /vibe-with/typescript/index.html (+1ms) 
14:21:05   ├─ /vibe-with/obsidian-plugin/index.html (+1ms) 
14:21:05   ├─ /vibe-with/image-generation/index.html (+0ms) 
14:21:05   ├─ /vibe-with/slide-decks/index.html (+1ms) 
14:21:05   ├─ /vibe-with/interactive-content/index.html (+1ms) 
14:21:05   ├─ /vibe-with/presentations-as-code/index.html (+1ms) 
14:21:05   ├─ /vibe-with/prescreening/index.html (+1ms) 
14:21:05   ├─ /vibe-with/screencasts/index.html (+1ms) 
14:21:05   ├─ /vibe-with/content-generation/index.html (+1ms) 
14:21:05   ├─ /vibe-with/realtime-applications/index.html (+1ms) 
14:21:05   ├─ /vibe-with/search/index.html (+1ms) 
14:21:05   ├─ /vibe-with/pagefind/index.html (+1ms) 
14:21:05   ├─ /vibe-with/rust/index.html (+1ms) 
14:21:05   ├─ /vibe-with/site-functionality/index.html (+1ms) 
14:21:05   └─ /vibe-with/performance/index.html (+1ms) 
14:21:05 ▶ src/pages/vibe-with/[collection]/[...slug].astro
promptsPaths user-interface/add-a-site-preview-to-toolkit-tool-card
promptsPaths user-interface/add-sort-by-functionality-to-tag-column
promptsPaths workflow/ask-a-model-api-to-perform-a-task-via-api
promptsPaths workflow/write-an-ai-model-request-script
promptsPaths workflow/ask-generative-ai-model-to-generate-a-style
promptsPaths workflow/ask-local-llm-to-be-a-copywriter
promptsPaths workflow/improve-on-a-user-prompt-through-iteration
promptsPaths data-integrity/change-tag-string-globally
promptsPaths data-integrity/another-attempt-at-citation-processing
promptsPaths data-integrity/refactored-citations-observer
promptsPaths workflow/build-scripts-that-clean-data
promptsPaths render-logic/render-markdown-deliberately-from-inspiration
promptsPaths render-logic/conditional-logic-for-content
promptsPaths data-integrity/configure-yamllint-based-on-our-patterns
promptsPaths workflow/consolidate-multiple-documentation-sources-into-one-source
promptsPaths workflow/create-a-basic-changelog
promptsPaths user-interface/create-a-canvas-ui-of-our-content-and-data-models
promptsPaths user-interface/create-a-changelog-ui
promptsPaths workflow/create-a-content-generation-engine
promptsPaths data-integrity/create-a-content-registry-script
promptsPaths user-interface/create-a-dynamic-footer
promptsPaths user-interface/create-a-hero-component
promptsPaths user-interface/create-a-magazine-style-layout
promptsPaths user-interface/create-a-new-layout-for-existing-content-collection
promptsPaths workflow/help-write-a-yaml-property-for-a-directory-of-files
promptsPaths user-interface/create-a-price-card
promptsPaths user-interface/create-a-reusable-content-collections-ui-structure
promptsPaths user-interface/create-a-simple-message-grid
promptsPaths user-interface/create-a-simple-question-answers-section
promptsPaths render-logic/create-a-variant-of-an-existing-component
promptsPaths user-interface/create-a-vocabulary-collection-ui-using-prior-components
promptsPaths render-logic/create-fallbacks-error-waiting-components
promptsPaths data-integrity/create-or-update-open-graph-data
promptsPaths render-logic/support-dynamic-information-pages
promptsPaths data-integrity/enhanced-filesystem-observer-with-prompts-support
promptsPaths data-integrity/fetch-open-graph-data-from-api
promptsPaths data-integrity/implement-open-graph-data-from-api-obsidian-plugin
promptsPaths render-logic/integrate-collection-into-observer-system
promptsPaths data-integrity/fix-one-yaml-issue-at-a-time-alt
promptsPaths data-integrity/fix-one-yaml-issue-at-a-time
promptsPaths data-integrity/use-filesystem-observer-to-assert-frontmatter-updated
promptsPaths data-integrity/use-filesystem-observer-to-assert-frontmatter
promptsPaths user-interface/get-ui-inspiration-from-url
promptsPaths render-logic/handle-citations-logic-and-render-citations-component
promptsPaths render-logic/handle-iframes-with-our-ast-rendering-pipeline
promptsPaths render-logic/handle-custom-codeblocks-in-astro-comprehensive
promptsPaths render-logic/handle-mermaid-codeblocks-in-astro
promptsPaths workflow/implement-a-specific-task-as-part-of-larger-specification
promptsPaths render-logic/integrate-collection-into-site
promptsPaths data-integrity/integrate-citations-format-hex-into-observer
promptsPaths data-integrity/integrate-new-content-thread-by-creating-template
promptsPaths data-integrity/integrate-opengraph-fetch-into-observer
promptsPaths render-logic/convert-static-routing-to-dynamic-routing-in-tags
promptsPaths render-logic/integrate-concepts-into-more-about
promptsPaths workflow/introduce-a-new-feature-to-observer-system
promptsPaths data-integrity/get-known-errors-and-fixes
promptsPaths code-style/maintain-manageable-user-options
promptsPaths code-style/move-functionality-and-style-to-specific-components
promptsPaths code-style/move-styles-from-tailwind-to-css-using-our-styles
promptsPaths render-logic/our-extended-markdown-requirements-as-a-micromark-extension
promptsPaths data-integrity/merge-matching-files-to-add-yaml
promptsPaths user-interface/recreate-the-tag-column-for-prompts
promptsPaths workflow/reintroduce-something-that-worked
promptsPaths render-logic/remark-plugin-implementation
promptsPaths user-interface/render-site-flavoured-markdown-in-layers
promptsPaths render-logic/rendering-callout-blocks-with-classes
promptsPaths render-logic/rendering-extended-markdown-like-astro-big-doc
promptsPaths render-logic/rendering-extended-markdown-through-ast
promptsPaths workflow/report-on-yaml-idiosyncracies
promptsPaths user-interface/repurpose-a-ui-template-in-our-codebase
promptsPaths workflow/repurpose-functionality-found-elsewhere-into-obsidian-plugin
promptsPaths workflow/svg-image-rendering-issue-resolution
promptsPaths data-integrity/return-only-files-with-valid-frontmatter
promptsPaths code-style/streamline-interaction-design-in-css-states
promptsPaths code-style/merge-functionality-into-one-file
promptsPaths code-style/suggest-a-non-destructive-refactor
promptsPaths render-logic/handle-custom-codeblocks-in-astro
promptsPaths workflow/use-llm-gateway-to-augment-content
promptsPaths user-interface/use-magazine-style-layout-for-new-specs-collection
promptsPaths workflow/write-a-content-changelog-entry
promptsPaths workflow/write-a-code-changelog-entry
promptsPaths workflow/write-a-comprehensive-squash-merge
promptsPaths workflow/write-a-git-commit-for-one-dir
promptsPaths workflow/write-a-raw-text-git-commit
promptsPaths workflow/write-a-technical-specification
promptsPaths workflow/write-an-issue-resolution-breadcrumb
promptsPaths data-integrity/writing-correction-functions
promptsPaths data-integrity/isolate-content-wide-yaml-corruptions
14:21:05   ├─ /vibe-with/prompts/user-interface/add-a-site-preview-to-toolkit-tool-card/index.html (+10ms) 
14:21:05   ├─ /vibe-with/prompts/user-interface/add-sort-by-functionality-to-tag-column/index.html (+80ms) 
14:21:05   ├─ /vibe-with/prompts/workflow/ask-a-model-api-to-perform-a-task-via-api/index.html (+2ms) 
14:21:05   ├─ /vibe-with/prompts/workflow/write-an-ai-model-request-script/index.html (+13ms) 
14:21:05   ├─ /vibe-with/prompts/workflow/ask-generative-ai-model-to-generate-a-style/index.html (+7ms) 
14:21:05   ├─ /vibe-with/prompts/workflow/ask-local-llm-to-be-a-copywriter/index.html (+7ms) 
14:21:05   ├─ /vibe-with/prompts/workflow/improve-on-a-user-prompt-through-iteration/index.html (+4ms) 
14:21:05   ├─ /vibe-with/prompts/data-integrity/change-tag-string-globally/index.html (+1ms) 
14:21:05   ├─ /vibe-with/prompts/data-integrity/another-attempt-at-citation-processing/index.html (+45ms) 
14:21:05   ├─ /vibe-with/prompts/data-integrity/refactored-citations-observer/index.html (+45ms) 
14:21:05   ├─ /vibe-with/prompts/workflow/build-scripts-that-clean-data/index.html (+30ms) 
14:21:05   ├─ /vibe-with/prompts/render-logic/render-markdown-deliberately-from-inspiration/index.html (+27ms) 
14:21:05   ├─ /vibe-with/prompts/render-logic/conditional-logic-for-content/index.html (+8ms) 
14:21:05   ├─ /vibe-with/prompts/data-integrity/configure-yamllint-based-on-our-patterns/index.html (+3ms) 
14:21:05   ├─ /vibe-with/prompts/workflow/consolidate-multiple-documentation-sources-into-one-source/index.html (+3ms) 
14:21:05   ├─ /vibe-with/prompts/workflow/create-a-basic-changelog/index.html (+8ms) 
14:21:05   ├─ /vibe-with/prompts/user-interface/create-a-canvas-ui-of-our-content-and-data-models/index.html (+6ms) 
14:21:05   ├─ /vibe-with/prompts/user-interface/create-a-changelog-ui/index.html (+7ms) 
14:21:05   ├─ /vibe-with/prompts/workflow/create-a-content-generation-engine/index.html (+2ms) 
14:21:05   ├─ /vibe-with/prompts/data-integrity/create-a-content-registry-script/index.html (+5ms) 
14:21:05   ├─ /vibe-with/prompts/user-interface/create-a-dynamic-footer/index.html (+6ms) 
14:21:05   ├─ /vibe-with/prompts/user-interface/create-a-hero-component/index.html (+43ms) 
14:21:05   ├─ /vibe-with/prompts/user-interface/create-a-magazine-style-layout/index.html (+13ms) 
14:21:05   ├─ /vibe-with/prompts/user-interface/create-a-new-layout-for-existing-content-collection/index.html (+22ms) 
14:21:05   ├─ /vibe-with/prompts/workflow/help-write-a-yaml-property-for-a-directory-of-files/index.html (+4ms) 
14:21:05   ├─ /vibe-with/prompts/user-interface/create-a-price-card/index.html (+13ms) 
14:21:05   ├─ /vibe-with/prompts/user-interface/create-a-reusable-content-collections-ui-structure/index.html (+11ms) 
14:21:05   ├─ /vibe-with/prompts/user-interface/create-a-simple-message-grid/index.html (+5ms) 
14:21:05   ├─ /vibe-with/prompts/user-interface/create-a-simple-question-answers-section/index.html (+5ms) 
14:21:05   ├─ /vibe-with/prompts/render-logic/create-a-variant-of-an-existing-component/index.html (+10ms) 
14:21:05   ├─ /vibe-with/prompts/user-interface/create-a-vocabulary-collection-ui-using-prior-components/index.html (+20ms) 
14:21:05   ├─ /vibe-with/prompts/render-logic/create-fallbacks-error-waiting-components/index.html (+2ms) 
14:21:05   ├─ /vibe-with/prompts/data-integrity/create-or-update-open-graph-data/index.html (+5ms) 
14:21:05   ├─ /vibe-with/prompts/render-logic/support-dynamic-information-pages/index.html (+14ms) 
14:21:06   ├─ /vibe-with/prompts/data-integrity/enhanced-filesystem-observer-with-prompts-support/index.html (+42ms) 
14:21:06   ├─ /vibe-with/prompts/data-integrity/fetch-open-graph-data-from-api/index.html (+11ms) 
14:21:06   ├─ /vibe-with/prompts/data-integrity/implement-open-graph-data-from-api-obsidian-plugin/index.html (+56ms) 
14:21:06   ├─ /vibe-with/prompts/render-logic/integrate-collection-into-observer-system/index.html (+16ms) 
14:21:06   ├─ /vibe-with/prompts/data-integrity/fix-one-yaml-issue-at-a-time-alt/index.html (+6ms) 
14:21:06   ├─ /vibe-with/prompts/data-integrity/fix-one-yaml-issue-at-a-time/index.html (+7ms) 
14:21:06   ├─ /vibe-with/prompts/data-integrity/use-filesystem-observer-to-assert-frontmatter-updated/index.html (+35ms) 
14:21:06   ├─ /vibe-with/prompts/data-integrity/use-filesystem-observer-to-assert-frontmatter/index.html (+21ms) 
14:21:06   ├─ /vibe-with/prompts/user-interface/get-ui-inspiration-from-url/index.html (+2ms) 
14:21:06   ├─ /vibe-with/prompts/render-logic/handle-citations-logic-and-render-citations-component/index.html (+11ms) 
14:21:06   ├─ /vibe-with/prompts/render-logic/handle-iframes-with-our-ast-rendering-pipeline/index.html (+17ms) 
14:21:06   ├─ /vibe-with/prompts/render-logic/handle-custom-codeblocks-in-astro-comprehensive/index.html (+36ms) 
14:21:06   ├─ /vibe-with/prompts/render-logic/handle-mermaid-codeblocks-in-astro/index.html (+22ms) 
14:21:06   ├─ /vibe-with/prompts/workflow/implement-a-specific-task-as-part-of-larger-specification/index.html (+34ms) 
14:21:06   ├─ /vibe-with/prompts/render-logic/integrate-collection-into-site/index.html (+19ms) 
14:21:06   ├─ /vibe-with/prompts/data-integrity/integrate-citations-format-hex-into-observer/index.html (+20ms) 
14:21:06   ├─ /vibe-with/prompts/data-integrity/integrate-new-content-thread-by-creating-template/index.html (+10ms) 
14:21:06   ├─ /vibe-with/prompts/data-integrity/integrate-opengraph-fetch-into-observer/index.html (+34ms) 
14:21:06   ├─ /vibe-with/prompts/render-logic/convert-static-routing-to-dynamic-routing-in-tags/index.html (+12ms) 
14:21:06   ├─ /vibe-with/prompts/render-logic/integrate-concepts-into-more-about/index.html (+40ms) 
14:21:06   ├─ /vibe-with/prompts/workflow/introduce-a-new-feature-to-observer-system/index.html (+59ms) 
14:21:06   ├─ /vibe-with/prompts/data-integrity/get-known-errors-and-fixes/index.html (+17ms) 
14:21:06   ├─ /vibe-with/prompts/code-style/maintain-manageable-user-options/index.html (+25ms) 
14:21:06   ├─ /vibe-with/prompts/code-style/move-functionality-and-style-to-specific-components/index.html (+3ms) 
14:21:06   ├─ /vibe-with/prompts/code-style/move-styles-from-tailwind-to-css-using-our-styles/index.html (+10ms) 
14:21:06   ├─ /vibe-with/prompts/render-logic/our-extended-markdown-requirements-as-a-micromark-extension/index.html (+10ms) 
14:21:06   ├─ /vibe-with/prompts/data-integrity/merge-matching-files-to-add-yaml/index.html (+27ms) 
14:21:06   ├─ /vibe-with/prompts/user-interface/recreate-the-tag-column-for-prompts/index.html (+2ms) 
14:21:06   ├─ /vibe-with/prompts/workflow/reintroduce-something-that-worked/index.html (+5ms) 
14:21:06   ├─ /vibe-with/prompts/render-logic/remark-plugin-implementation/index.html (+18ms) 
14:21:06   ├─ /vibe-with/prompts/user-interface/render-site-flavoured-markdown-in-layers/index.html[Shiki] The language "litegal" doesn't exist, falling back to "plaintext".
 (+22ms) 
14:21:06   ├─ /vibe-with/prompts/render-logic/rendering-callout-blocks-with-classes/index.html (+48ms) 
14:21:06   ├─ /vibe-with/prompts/render-logic/rendering-extended-markdown-like-astro-big-doc/index.html (+24ms) 
14:21:06   ├─ /vibe-with/prompts/render-logic/rendering-extended-markdown-through-ast/index.html (+22ms) 
14:21:06   ├─ /vibe-with/prompts/workflow/report-on-yaml-idiosyncracies/index.html (+4ms) 
14:21:06   ├─ /vibe-with/prompts/user-interface/repurpose-a-ui-template-in-our-codebase/index.html (+2ms) 
14:21:06   ├─ /vibe-with/prompts/workflow/repurpose-functionality-found-elsewhere-into-obsidian-plugin/index.html (+14ms) 
14:21:06   ├─ /vibe-with/prompts/workflow/svg-image-rendering-issue-resolution/index.html (+9ms) 
14:21:06   ├─ /vibe-with/prompts/data-integrity/return-only-files-with-valid-frontmatter/index.html (+2ms) 
14:21:06   ├─ /vibe-with/prompts/code-style/streamline-interaction-design-in-css-states/index.html (+35ms) 
14:21:06   ├─ /vibe-with/prompts/code-style/merge-functionality-into-one-file/index.html (+3ms) 
14:21:06   ├─ /vibe-with/prompts/code-style/suggest-a-non-destructive-refactor/index.html (+3ms) 
14:21:06   ├─ /vibe-with/prompts/render-logic/handle-custom-codeblocks-in-astro/index.html (+19ms) 
14:21:06   ├─ /vibe-with/prompts/workflow/use-llm-gateway-to-augment-content/index.html (+54ms) 
14:21:06   ├─ /vibe-with/prompts/user-interface/use-magazine-style-layout-for-new-specs-collection/index.html (+10ms) 
14:21:06   ├─ /vibe-with/prompts/workflow/write-a-content-changelog-entry/index.html (+9ms) 
14:21:06   ├─ /vibe-with/prompts/workflow/write-a-code-changelog-entry/index.html (+8ms) 
14:21:06   ├─ /vibe-with/prompts/workflow/write-a-comprehensive-squash-merge/index.html (+20ms) 
14:21:06   ├─ /vibe-with/prompts/workflow/write-a-git-commit-for-one-dir/index.html (+9ms) 
14:21:06   ├─ /vibe-with/prompts/workflow/write-a-raw-text-git-commit/index.html (+12ms) 
14:21:06   ├─ /vibe-with/prompts/workflow/write-a-technical-specification/index.html (+7ms) 
14:21:06   ├─ /vibe-with/prompts/workflow/write-an-issue-resolution-breadcrumb/index.html (+13ms) 
14:21:06   ├─ /vibe-with/prompts/data-integrity/writing-correction-functions/index.html (+4ms) 
14:21:06   ├─ /vibe-with/prompts/data-integrity/isolate-content-wide-yaml-corruptions/index.html (+22ms) 
14:21:07   ├─ /vibe-with/specs/create-a-cellular-based-content-system/index.html (+10ms) 
14:21:07   ├─ /vibe-with/specs/create-a-collaborative-markdown-based-desktop-publisher/index.html (+9ms) 
14:21:07   ├─ /vibe-with/specs/build-script-spec/index.html (+23ms) 
14:21:07   ├─ /vibe-with/specs/screencast-diary-capture/index.html (+2ms) 
14:21:07   ├─ /vibe-with/specs/maintain-a-research-focused-llm-obsidian-plugin-using-perplexity-and-perplexica/index.html (+4ms) 
14:21:07   ├─ /vibe-with/specs/clean-specific-issues-in-yaml-one-at-a-time/index.html (+17ms) 
14:21:07   ├─ /vibe-with/specs/code-block-rendering-system/index.html (+14ms) 
14:21:07   ├─ /vibe-with/specs/create-a-content-registry-for-markdown-files/index.html (+27ms) 
14:21:07   ├─ /vibe-with/specs/create-a-robust-standard-publication-pipeline/index.html (+26ms) 
14:21:07   ├─ /vibe-with/specs/maintain-an-interactive-slides-system/index.html (+21ms) 
14:21:07   ├─ /vibe-with/specs/filesystem-observer-for-consistent-metadata-in-markdown-files/index.html (+76ms) 
14:21:07   ├─ /vibe-with/specs/implement-a-vault-wide-citations-manager/index.html (+18ms) 
14:21:07   ├─ /vibe-with/specs/implement-an-open-graph-fetcher-as-obsidian-plugin/index.html (+29ms) 
14:21:07   ├─ /vibe-with/specs/maintain-an-obsidian-plugin-starter-kit/index.html (+5ms) 
14:21:07   ├─ /vibe-with/specs/implement-dynamic-sort-filter-with-svelte/index.html (+271ms) 
14:21:07   ├─ /vibe-with/specs/integrate-backend-data-stores-for-dynamic-content/index.html (+11ms) 
14:21:07   ├─ /vibe-with/specs/integrate-features-into-an-obsidian-plugin/index.html (+21ms) 
14:21:07   ├─ /vibe-with/specs/maintain-a-css-animation-system/index.html (+20ms) 
14:21:07   ├─ /vibe-with/specs/maintain-a-local-lm-studio-obsidian-plugin/index.html (+34ms) 
14:21:07   ├─ /vibe-with/specs/maintain-a-proprietary-extended-markdown-flavor-rendering-pipeline/index.html (+24ms) 
14:21:07   ├─ /vibe-with/specs/maintain-a-robust-ast-debugging-report/index.html (+2ms) 
14:21:07   ├─ /vibe-with/specs/maintain-an-image-generator-obsidian-plugin/index.html (+41ms) 
14:21:07   ├─ /vibe-with/specs/maintain-themes-mode-across-css-tailwind/index.html (+11ms) 
14:21:07   ├─ /vibe-with/specs/maintaining-markdown-conventions/index.html (+2ms) 
14:21:07   ├─ /vibe-with/specs/search-spec/index.html (+2ms) 
14:21:07   ├─ /vibe-with/specs/cases-and-corrections-for-yaml-content-wide/index.html (+27ms) 
14:21:07   ├─ /vibe-with/specs/prescreen-and-triage-iconsistencies-in-yaml/index.html (+21ms) 
14:21:07   ├─ /vibe-with/reminders/yaml-patterns-exhaustive-cases/index.html (+159ms) 
14:21:07   ├─ /vibe-with/reminders/change-role-to-developer-and-implement-prompt/index.html (+3ms) 
14:21:07   ├─ /vibe-with/reminders/exhuastive-list-of-yaml-properties-and-value-syntax/index.html (+2ms) 
14:21:07   ├─ /vibe-with/reminders/comprehensive-rules-for-code-generation/index.html (+12ms) 
14:21:07   ├─ /vibe-with/reminders/create-permanent-project-memory-for-yaml-handling/index.html (+7ms) 
14:21:07   ├─ /vibe-with/reminders/css-at-rules-for-theming/index.html (+7ms) 
14:21:07   ├─ /vibe-with/reminders/extended-obsidian-extended-markdown/index.html (+24ms) 
14:21:07   ├─ /vibe-with/reminders/fire-up-the-observer/index.html (+10ms) 
14:21:08   ├─ /vibe-with/reminders/gnarly-routing-with-static-site-generators/index.html (+2ms) 
14:21:08   ├─ /vibe-with/reminders/maintain-conditional-client-specific-content-paths/index.html (+7ms) 
14:21:08   ├─ /vibe-with/reminders/maintain-scripting-pipeline/index.html (+24ms) 
14:21:08   ├─ /vibe-with/reminders/maintain-a-session-log/index.html (+11ms) 
14:21:08   ├─ /vibe-with/reminders/maintain-an-environment-based-build-system/index.html (+13ms) 
14:21:08   ├─ /vibe-with/reminders/maintain-consistent-debugging-conventions/index.html (+24ms) 
14:21:08   ├─ /vibe-with/reminders/maintain-consistent-reporting/index.html (+8ms) 
14:21:08   ├─ /vibe-with/reminders/maintain-consistent-reporting-templates/index.html (+5ms) 
14:21:08   ├─ /vibe-with/reminders/maintain-robust-commenting-in-our-flavor/index.html (+3ms) 
14:21:08   ├─ /vibe-with/reminders/map-of-dependencies/index.html (+25ms) 
14:21:08   ├─ /vibe-with/reminders/map-of-relevant-paths/index.html (+10ms) 
14:21:08   ├─ /vibe-with/reminders/meticulous-constraints-for-every-prompt/index.html (+5ms) 
14:21:08   ├─ /vibe-with/reminders/read-relevant-documentation-before-major-edits/index.html (+8ms) 
14:21:08   ├─ /vibe-with/reminders/remind-a-model-to-read-documentation-sources/index.html (+2ms) 
14:21:08   ├─ /vibe-with/reminders/astro-specifc-nuances/index.html (+2ms) 
14:21:08   ├─ /vibe-with/reminders/remind-a-model-of-specification-guidelines/index.html (+7ms) 
14:21:08   ├─ /vibe-with/reminders/specification-guidelines-template/index.html (+7ms) 
14:21:08   ├─ /vibe-with/reminders/the-simplified-observer-logic/index.html (+2ms) 
14:21:08   ├─ /vibe-with/reminders/use-safe-syntax-in-mermaid-charts/index.html (+1ms) 
14:21:08   └─ /vibe-with/reminders/ways-we-avoid-hard-validation/index.html (+2ms) 
14:21:08 ▶ src/pages/[...path].astro
14:21:08   ├─ /api-first-development/index.html (+1ms) 
14:21:08   ├─ /abstract-syntax-trees/index.html (+1ms) 
14:21:08   ├─ /abstract-to-simplicity/index.html (+5ms) 
14:21:08   ├─ /ambition-shelters/index.html (+1ms) 
14:21:08   ├─ /asymmetric-competition/index.html (+0ms) 
14:21:08   ├─ /api-first/index.html (+0ms) 
14:21:08   ├─ /blank-slates/index.html (+5ms) 
14:21:08   ├─ /carbs/index.html (+0ms) 
14:21:08   ├─ /brown-mm-test/index.html (+6ms) 
14:21:08   ├─ /calm-design/index.html (+3ms) 
14:21:08   ├─ /coherence/index.html (+55ms) 
14:21:08   ├─ /community-engagement/index.html (+1ms) 
14:21:08   ├─ /cognitive-collaborative-tooling/index.html (+33ms) 
14:21:08   ├─ /concept-model/index.html (+14ms) 
14:21:08   ├─ /compostable-architecture/index.html (+6ms) 
14:21:08   ├─ /content-generation/index.html (+1ms) 
14:21:08   ├─ /conceptual-integrity/index.html (+16ms) 
14:21:08   ├─ /contrarian-talent/index.html (+5ms) 
14:21:08   ├─ /continuous-integration-and-continuous-deployment/index.html (+7ms) 
14:21:08   ├─ /content-model/index.html (+1ms) 
14:21:08   ├─ /data-fluidics/index.html (+13ms) 
14:21:08   ├─ /design-research/index.html (+6ms) 
14:21:08   ├─ /developer-experience/index.html (+3ms) 
14:21:08   ├─ /data-centers/index.html (+23ms) 
14:21:08   ├─ /demand-generation/index.html (+19ms) 
14:21:08   ├─ /data-integrity-rituals/index.html (+1ms) 
14:21:08   ├─ /double-differentiation/index.html (+0ms) 
14:21:08   ├─ /divergence-and-convergence/index.html (+11ms) 
14:21:08   ├─ /drag/index.html (+25ms) 
14:21:08   ├─ /data-augmentation-workflow/index.html[toolingGallery] Missing tools for IDs: [ 'tags:', 'Data Augmenters' ]
 (+28ms) 
14:21:08   ├─ /efficiency-before-scale/index.html (+22ms) 
14:21:08   ├─ /emergent-innovation/index.html (+1ms) 
14:21:08   ├─ /flavored-syntax/index.html (+1ms) 
14:21:08   ├─ /getting-started/index.html (+0ms) 
14:21:08   ├─ /flexible-organizations/index.html (+22ms) 
14:21:08   ├─ /hypothesis-driven-development/index.html (+1ms) 
14:21:08   ├─ /impute-marketing/index.html (+6ms) 
14:21:08   ├─ /information-flows/index.html (+5ms) 
14:21:08   ├─ /innovation-pipelines/index.html (+1ms) 
14:21:08   ├─ /input-markets/index.html (+5ms) 
14:21:08   ├─ /internal-standard-developer-stack/index.html (+8ms) 
14:21:08   ├─ /jobs-to-be-done/index.html (+19ms) 
14:21:08   ├─ /kano-model/index.html (+21ms) 
14:21:08   ├─ /leapfrogging/index.html (+1ms) 
14:21:08   ├─ /just-good-enough/index.html (+1ms) 
14:21:08   ├─ /lego-kit-engineering/index.html (+5ms) 
14:21:08   ├─ /lossless-innovation/index.html (+0ms) 
14:21:08   ├─ /lossless/index.html (+1ms) 
14:21:08   ├─ /motivated-tinkering/index.html (+1ms) 
14:21:08   ├─ /naming-conventions/index.html (+5ms) 
14:21:08   ├─ /new-models/index.html (+7ms) 
14:21:08   ├─ /on-demand-talent/index.html (+1ms) 
14:21:08   ├─ /open-source-diy-variant/index.html (+5ms) 
14:21:08   ├─ /open-source-alternatives/index.html (+1ms) 
14:21:08   ├─ /open-specifications/index.html (+5ms) 
14:21:08   ├─ /open-standards/index.html (+1ms) 
14:21:08   ├─ /opsless-deployment-providers/index.html (+28ms) 
14:21:08   ├─ /onboarding-toolkit/index.html (+1ms) 
14:21:08   ├─ /platform-mechanisms/index.html (+111ms) 
14:21:08   ├─ /precision-products/index.html (+1ms) 
14:21:08   ├─ /premature-abstraction/index.html (+1ms) 
14:21:08   ├─ /premature-scaling/index.html (+2ms) 
14:21:08   ├─ /pricing-strategy/index.html (+10ms) 
14:21:08   ├─ /process-mapping/index.html (+1ms) 
14:21:08   ├─ /product-development-workflow/index.html (+10ms) 
14:21:08   ├─ /protected-play/index.html (+14ms) 
14:21:08   ├─ /public-repository/index.html (+1ms) 
14:21:08   ├─ /rapid-prototyping-infrastructure/index.html (+5ms) 
14:21:08   ├─ /relationship-intelligence/index.html (+11ms) 
14:21:08   ├─ /release-notes/index.html (+28ms) 
14:21:08   ├─ /reproducible-builds/index.html (+5ms) 
14:21:08   ├─ /revenue-orchestration/index.html (+1ms) 
14:21:08   ├─ /single-point-of-contact/index.html (+1ms) 
14:21:08   ├─ /skeumorphism/index.html (+10ms) 
14:21:08   ├─ /spillover-value-creation/index.html (+1ms) 
14:21:08   ├─ /stack-compatibility/index.html (+88ms) 
14:21:08   ├─ /stack-engineering/index.html (+10ms) 
14:21:08   ├─ /standardized-workspaces/index.html (+1ms) 
14:21:08   ├─ /state-of-the-art/index.html (+1ms) 
14:21:08   ├─ /sustainability-reporting/index.html (+1ms) 
14:21:08   ├─ /symbolic-links/index.html (+1ms) 
14:21:08   ├─ /team-of-one/index.html (+5ms) 
14:21:08   ├─ /test-driven-development/index.html (+26ms) 
14:21:08   ├─ /the-attention-economy/index.html (+1ms) 
14:21:08   ├─ /theory-of-constraints/index.html (+8ms) 
14:21:08   ├─ /think-again/index.html (+10ms) 
14:21:09   ├─ /unified-api/index.html (+18ms) 
14:21:09   ├─ /unified-design-system/index.html (+5ms) 
14:21:09   ├─ /user-forums/index.html (+1ms) 
14:21:09   ├─ /venture-design/index.html (+9ms) 
14:21:09   ├─ /version-control/index.html (+44ms) 
14:21:09   ├─ /visual-communication/index.html (+1ms) 
14:21:09   ├─ /visual-leadership/index.html (+1ms) 
14:21:09   ├─ /visual-software-development/index.html (+85ms) 
14:21:09   ├─ /whole-solution/index.html (+1ms) 
14:21:09   ├─ /carbs/decision-trees/index.html (+13ms) 
14:21:09   ├─ /carbs/flow-charts/index.html (+6ms) 
14:21:09   ├─ /carbs/orgcharts/index.html (+0ms) 
14:21:09   ├─ /carbs/stack-maps/index.html (+1ms) 
14:21:09   ├─ /carbs/styleguides/index.html (+1ms) 
14:21:09   ├─ /explainers-for-tooling/api-managers/index.html (+27ms) 
14:21:09   ├─ /explainers-for-tooling/advanced-documents/index.html (+70ms) 
14:21:09   ├─ /explainers-for-tooling/backend-as-a-service/index.html (+5ms) 
14:21:09   ├─ /explainers-for-tooling/content-management-system/index.html (+9ms) 
14:21:09   ├─ /contract-automation/index.html (+5ms) 
14:21:09   ├─ /explainers-for-tooling/data-as-a-service/index.html (+1ms) 
14:21:09   ├─ /explainers-for-tooling/database-apps/index.html (+9ms) 
14:21:09   ├─ /explainers-for-tooling/databases/index.html (+147ms) 
14:21:09   ├─ /explainers-for-tooling/enterprise-resource-planning/index.html (+19ms) 
14:21:09   ├─ /explainers-for-tooling/github-forks/index.html (+6ms) 
14:21:09   ├─ /explainers-for-tooling/knowledge-management/index.html (+1ms) 
14:21:09   ├─ /explainers-for-tooling/headless-cms/index.html (+14ms) 
14:21:09   ├─ /explainers-for-tooling/internal-tool-builders/index.html (+12ms) 
14:21:09   ├─ /explainers-for-tooling/lottie-files/index.html (+15ms) 
14:21:09   ├─ /explainers-for-tooling/opinionated-analytics/index.html (+14ms) 
14:21:09   ├─ /explainers-for-tooling/programming-languages/index.html (+10ms) 
14:21:09   ├─ /explainers-for-tooling/recruiting-platforms/index.html (+4ms) 
14:21:09   ├─ /explainers-for-tooling/site-builders/index.html (+1ms) 
14:21:09   ├─ /explainers-for-tooling/terminal-emulators/index.html (+1ms) 
14:21:09   ├─ /explainers-for-tooling/text-editors-or-ides/index.html (+13ms) 
14:21:09   ├─ /explainers-for-tooling/unified-data-layer/index.html (+1ms) 
14:21:09   ├─ /explainers-for-tooling/user-research-repositories/index.html (+6ms) 
14:21:09   ├─ /explainers-for-tooling/vertical-wrappers/index.html (+7ms) 
14:21:09   ├─ /explainers-for-tooling/web-frameworks/index.html (+54ms) 
14:21:09   ├─ /explainers-for-ai/ai-avatars/index.html (+107ms) 
14:21:09   ├─ /explainers-for-ai/ai-cloud-infrastructure/index.html (+13ms) 
14:21:09   ├─ /ai-companions/index.html (+12ms) 
14:21:09   ├─ /explainers-for-ai/ai-copilots/index.html (+11ms) 
14:21:09   ├─ /explainers-for-ai/ai-generated-documentation/index.html (+1ms) 
14:21:09   ├─ /explainers-for-ai/ai-hallucinations/index.html (+1ms) 
14:21:09   ├─ /explainers-for-ai/ai-orchestration/index.html (+1ms) 
14:21:09   ├─ /explainers-for-ai/ai-interfaces/index.html (+5ms) 
14:21:09   ├─ /explainers-for-ai/ai-powered-data-capture/index.html[toolingGallery] Missing tools for IDs: [
  '[[Hexomatic]]',
  '[[Spider]]',
  '[[Jina.ai]]',
  '[[Firecrawl]]',
  '[[Crawl4 AI]]',
  '[[Ahrefs AI]]',
  '[[Exa.ai]]',
  '[[Browserbase]]',
  '[[Puppeteer]]'
]
 (+131ms) 
14:21:09   ├─ /explainers-for-ai/ai-powered-personal-assistant/index.html (+5ms) 
14:21:09   ├─ /explainers-for-ai/ai-reasoning/index.html (+12ms) 
14:21:09   ├─ /explainers-for-ai/ai-programming-frameworks/index.html (+7ms) 
14:21:09   ├─ /explainers-for-ai/ai-studios/index.html (+5ms) 
14:21:09   ├─ /explainers-for-ai/ai-terminal-assistant/index.html (+1ms) 
14:21:09   ├─ /explainers-for-ai/ai-video-editing/index.html (+1ms) 
14:21:09   ├─ /ai-web-crawlers/index.html (+8ms) 
14:21:09   ├─ /explainers-for-ai/ai-workspaces/index.html (+6ms) 
14:21:09   ├─ /ai-web-research/index.html[toolingGallery] Missing tools for IDs: [ '[[organizations/Perplexity AI|Perplexity AI]]' ]
 (+10ms) 
14:21:09   ├─ /explainers-for-ai/ai-wrappers/index.html (+1ms) 
14:21:09   ├─ /explainers-for-ai/ai-generated-customer-insights/index.html (+8ms) 
14:21:09   ├─ /ai-ml-pipelines/index.html (+1ms) 
14:21:09   ├─ /explainers-for-ai/ai-powered-language-translation/index.html (+5ms) 
14:21:09   ├─ /ai-powered-search/index.html (+0ms) 
14:21:09   ├─ /explainers-for-ai/agent-builders/index.html (+1ms) 
14:21:09   ├─ /agentic-workspaces/index.html[toolingGallery] Missing tools for IDs: [ 'tag: Agentic Workspaces' ]
 (+15ms) 
14:21:10   ├─ /explainers-for-ai/artificial-general-intelligence/index.html (+11ms) 
14:21:10   ├─ /explainers-for-ai/artificial-intelligence/index.html (+92ms) 
14:21:10   ├─ /explainers-for-ai/auto-regression/index.html (+1ms) 
14:21:10   ├─ /explainers-for-ai/conlt/index.html (+1ms) 
14:21:10   ├─ /explainers-for-ai/browser-agents/index.html (+0ms) 
14:21:10   ├─ /explainers-for-ai/code-generators/index.html[Shiki] The language "litegal" doesn't exist, falling back to "plaintext".
[Shiki] The language "litegal" doesn't exist, falling back to "plaintext".
 (+288ms) 
14:21:10   ├─ /compliance-ai/index.html (+1ms) 
14:21:10   ├─ /explainers-for-ai/computer-using-agents/index.html (+1ms) 
14:21:10   ├─ /explainers-for-ai/chain-of-draft/index.html (+6ms) 
14:21:10   ├─ /explainers-for-ai/content-agents/index.html (+1ms) 
14:21:10   ├─ /context-engineering/index.html (+1ms) 
14:21:10   ├─ /explainers-for-ai/d-rag/index.html (+1ms) 
14:21:10   ├─ /explainers-for-ai/deep-graph-library/index.html (+1ms) 
14:21:10   ├─ /explainers-for-ai/deep-learning/index.html (+1ms) 
14:21:10   ├─ /explainers-for-ai/design-generators/index.html (+1ms) 
14:21:10   ├─ /explainers-for-ai/effect-systems/index.html (+5ms) 
14:21:10   ├─ /explainers-for-ai/graph-convolution-network/index.html (+1ms) 
14:21:10   ├─ /explainers-for-ai/graph-neural-networks/index.html (+1ms) 
14:21:10   ├─ /explainers-for-ai/enhanced-graphs/index.html (+1ms) 
14:21:10   ├─ /fine-tuning/index.html[toolingGallery] Missing tools for IDs: [ 'tag: Fine-Tuners' ]
 (+30ms) 
14:21:10   ├─ /explainers-for-ai/group-relative-policy-optimization/index.html (+1ms) 
14:21:10   ├─ /explainers-for-ai/healthtech-ai-examples/index.html (+2ms) 
14:21:10   ├─ /explainers-for-ai/homelab-networks/index.html (+1ms) 
14:21:10   ├─ /explainers-for-ai/image-generator/index.html (+1ms) 
14:21:10   ├─ /explainers-for-ai/home-labs/index.html[Shiki] The language "requestjson--perplexica" doesn't exist, falling back to "plaintext".
 (+5ms) 
14:21:10   ├─ /explainers-for-ai/knowledge-graph/index.html (+1ms) 
14:21:10   ├─ /explainers-for-ai/lpu/index.html (+1ms) 
14:21:10   ├─ /language-server-protocol/index.html (+1ms) 
14:21:10   ├─ /explainers-for-ai/memory-layer/index.html (+1ms) 
14:21:10   ├─ /explainers-for-ai/mixture-of-block-attention/index.html (+1ms) 
14:21:10   ├─ /explainers-for-ai/mixture-of-experts/index.html (+3ms) 
14:21:10   ├─ /explainers-for-ai/model-context-protocol/index.html (+19ms) 
14:21:10   ├─ /model-vendors/index.html (+1ms) 
14:21:10   ├─ /model-api/index.html (+1ms) 
14:21:10   ├─ /explainers-for-ai/multimodal-ai-agents/index.html (+1ms) 
14:21:10   ├─ /explainers-for-ai/music-generators/index.html (+1ms) 
14:21:10   ├─ /explainers-for-ai/ontology-driven-agents/index.html (+1ms) 
14:21:10   ├─ /explainers-for-ai/open-source-ai/index.html (+1ms) 
14:21:10   ├─ /explainers-for-ai/pathrag/index.html (+1ms) 
14:21:10   ├─ /explainers-for-ai/proactive-support-agents/index.html (+1ms) 
14:21:10   ├─ /explainers-for-ai/prompt-engineering/index.html (+2ms) 
14:21:10   ├─ /explainers-for-ai/prompt-wizard/index.html (+6ms) 
14:21:10   ├─ /explainers-for-ai/quantization/index.html (+2ms) 
14:21:10   ├─ /explainers-for-ai/rag-agent/index.html (+1ms) 
14:21:10   ├─ /explainers-for-ai/reinforcement-learning/index.html (+1ms) 
14:21:10   ├─ /explainers-for-ai/reason-on-agentic-reasoning/index.html (+1ms) 
14:21:10   ├─ /explainers-for-ai/simulated-human/index.html (+1ms) 
14:21:10   ├─ /explainers-for-ai/sparse-mixture-of-experts/index.html (+1ms) 
14:21:10   ├─ /explainers-for-ai/subagents/index.html (+1ms) 
14:21:10   ├─ /explainers-for-ai/swarm/index.html (+1ms) 
14:21:10   ├─ /explainers-for-ai/synthetic-customers/index.html (+16ms) 
14:21:10   ├─ /explainers-for-ai/text-to-sql/index.html (+1ms) 
14:21:10   ├─ /explainers-for-ai/text-to-speech/index.html (+1ms) 
14:21:10   ├─ /explainers-for-ai/tokens/index.html (+1ms) 
14:21:10   ├─ /explainers-for-ai/topological-graph-contrastive-learning/index.html (+1ms) 
14:21:10   ├─ /vector-embeddings/index.html (+1ms) 
14:21:10   ├─ /vertical-agents/index.html (+1ms) 
14:21:10   ├─ /explainers-for-ai/voice-assistant/index.html (+1ms) 
14:21:10   ├─ /explainers-for-ai/vibe-planning/index.html (+1ms) 
14:21:10   ├─ /explainers-for-ai/synthetic-data/index.html (+0ms) 
14:21:10   ├─ /explainers-for-ai/voice-cloners/index.html (+1ms) 
14:21:10   ├─ /explainers-for-ai/voice-generator/index.html (+0ms) 
14:21:10   ├─ /explainers-for-ai/voice-to-text/index.html (+0ms) 
14:21:10   ├─ /explainers-for-ai/website-cloning/index.html (+1ms) 
14:21:10   ├─ /explainers-for-ai/world-foundation-models/index.html (+0ms) 
14:21:10   ├─ /explainers-for-ai/llm-parameters/llm-streaming/index.html (+1ms) 
14:21:10   ├─ /are-code-generators-really-the-death-of-saas/index.html (+4ms) 
14:21:10   ├─ /back-to-the-future/index.html (+4ms) 
14:21:10   ├─ /can-organizations-know-what-their-people-have-known/index.html (+12ms) 
14:21:10   ├─ /build-your-own-pc/index.html (+15ms) 
14:21:10   ├─ /consistent-go-to-market/index.html (+15ms) 
14:21:10   ├─ /embrace-pirates-or-see-mutiny/index.html (+5ms) 
14:21:10   ├─ /from-rags-to-riches/index.html (+50ms) 
14:21:10   ├─ /a-new-standard-for-chaining-ai-operations-called-model-context-protocol/index.html[grid_utils] Processing local image: /home/mps/code/lossless-monorepo/site/public/visuals/repVector__Prompt.svg
[grid_utils] Processing local image: /home/mps/code/lossless-monorepo/site/public/visuals/repVector__Reminder.svg
[grid_utils] Processing local image: /home/mps/code/lossless-monorepo/site/public/visuals/repVector__Specification.svg
 (+11ms) 
14:21:10   ├─ /ai-is-first-a-trojan-horse/index.html (+13ms) 
14:21:10   ├─ /a-theory-of-lossless-innovation/index.html (+42ms) 
14:21:10   ├─ /from-engineering-to-managing-large-codebases/index.html (+3ms) 
14:21:10   ├─ /give-them-a-tool/index.html (+21ms) 
14:21:10   ├─ /how-docker-changed-everything/index.html (+17ms) 
14:21:10   ├─ /holacracy-inspired-reorganization/index.html (+7ms) 
14:21:10   ├─ /how-github-changed-everything/index.html (+75ms) 
14:21:10   ├─ /how-kubernetes-changed-everything/index.html (+2ms) 
14:21:10   ├─ /how-markdown-changed-everything/index.html (+3ms) 
14:21:10   ├─ /how-rest-apis-changed-everything/index.html (+6ms) 
14:21:10   ├─ /load-up-on-carbs/index.html (+6ms) 
14:21:10   ├─ /non-engineers-become-prototypers/index.html (+1ms) 
14:21:10   ├─ /on-data-gathering/index.html (+36ms) 
14:21:10   ├─ /software-development-with-code-generators/index.html (+35ms) 
14:21:10   ├─ /partnering-with-startups-at-scale-up/index.html (+1ms) 
14:21:10   ├─ /someones-gotta-keep-up-with-it/index.html[Shiki] The language "requestjson--perplexica" doesn't exist, falling back to "plaintext".
 (+24ms) 
14:21:10   ├─ /technology-wants-to-be-emergent/index.html (+23ms) 
14:21:10   ├─ /opinionated-engineering/index.html (+1ms) 
14:21:10   ├─ /open-source-is-now-a-zero-to-one-booster/index.html (+7ms) 
14:21:10   ├─ /tectonic-shifts-and-business-configuration/index.html (+14ms) 
14:21:10   ├─ /the-ai-model-wars/index.html (+1ms) 
14:21:10   ├─ /the-geography-of-innovation/index.html (+1ms) 
14:21:10   ├─ /the-irony-of-ui-stability/index.html (+5ms) 
14:21:10   ├─ /the-multiverse-theory-of-spatial-value-capture-dynamics-in-innovation-markets/index.html (+1ms) 
14:21:10   ├─ /the-new-new-founder-stack/index.html (+5ms) 
14:21:10   ├─ /the-power-of-challenges/index.html (+2ms) 
14:21:10   ├─ /the-resurgence-of-the-terminal/index.html (+1ms) 
14:21:10   ├─ /timeline-of-milestones-in-technology/index.html (+48ms) 
14:21:11   ├─ /tiny-teams-with-tiny-ideas/index.html (+1ms) 
14:21:11   ├─ /web-security-is-about-preventing-naivety/index.html (+30ms) 
14:21:11   ├─ /why-everyone-needs-to-become-a-linux-user/index.html (+10ms) 
14:21:11   ├─ /why-text-manipulation-is-now-mission-critical/index.html (+1ms) 
14:21:11   ├─ /why-vertical-wrappers-have-better-odds-for-investors/index.html (+1ms) 
14:21:11   ├─ /win-the-market-on-getting-started/index.html (+2ms) 
14:21:11   ├─ /why-user-research-repositories/index.html (+1ms) 
14:21:11   ├─ /3d-graphics/index.html (+0ms) 
14:21:11   ├─ /ai-hallucinations/index.html (+0ms) 
14:21:11   ├─ /acid-transactions/index.html (+10ms) 
14:21:11   ├─ /ai-native-applications/index.html (+17ms) 
14:21:11   ├─ /ai-powered-transcription/index.html (+9ms) 
14:21:11   ├─ /ai-ready-data/index.html (+5ms) 
14:21:11   ├─ /api-authentication/index.html (+1ms) 
14:21:11   ├─ /acceptance-testing/index.html (+20ms) 
14:21:11   ├─ /acquisitions/index.html (+17ms) 
14:21:11   ├─ /ai-models/index.html (+152ms) 
14:21:11   ├─ /advanced-spreadsheets/index.html (+22ms) 
14:21:11   ├─ /affinity-network/index.html (+10ms) 
14:21:11   ├─ /agentic-rag/index.html (+24ms) 
14:21:11   ├─ /agile/index.html (+30ms) 
14:21:11   ├─ /animations/index.html (+2ms) 
14:21:11   ├─ /ambient-awareness/index.html (+10ms) 
14:21:11   ├─ /alphafold/index.html (+9ms) 
14:21:11   ├─ /all-in-one-platforms/index.html (+1ms) 
14:21:11   ├─ /app-builders/index.html (+26ms) 
14:21:11   ├─ /agentic-ai/index.html[toolingGallery] Missing tools for IDs: [ 'tag: Agentic-AI' ]
 (+62ms) 
14:21:11   ├─ /app-stores/index.html (+1ms) 
14:21:11   ├─ /application-programming-interface/index.html (+39ms) 
14:21:11   ├─ /asynchronous-communication/index.html (+18ms) 
14:21:11   ├─ /atomic-design/index.html (+38ms) 
14:21:11   ├─ /automated-transcription/index.html (+18ms) 
14:21:11   ├─ /augmented-reality/index.html (+1ms) 
14:21:11   ├─ /bem/index.html (+5ms) 
14:21:11   ├─ /automated-negotiations/index.html (+26ms) 
14:21:11   ├─ /back-end-engineering/index.html (+1ms) 
14:21:11   ├─ /behavioral-economics/index.html (+1ms) 
14:21:11   ├─ /benchmarks/index.html (+9ms) 
14:21:11   ├─ /best-in-class/index.html (+14ms) 
14:21:11   ├─ /betavoltaic-batteries/index.html (+1ms) 
14:21:11   ├─ /big-data/index.html (+5ms) 
14:21:11   ├─ /bipartite-graphs/index.html (+0ms) 
14:21:11   ├─ /block-cipher/index.html (+0ms) 
14:21:11   ├─ /boilerplate-code/index.html (+0ms) 
14:21:11   ├─ /bots/index.html (+1ms) 
14:21:11   ├─ /brute-force-attacks/index.html (+1ms) 
14:21:11   ├─ /btrfs/index.html (+1ms) 
14:21:11   ├─ /bug-reporting/index.html (+0ms) 
14:21:11   ├─ /build-systems/index.html (+46ms) 
14:21:11   ├─ /business-intelligence/index.html (+9ms) 
14:21:11   ├─ /csv/index.html (+1ms) 
14:21:11   ├─ /crud/index.html (+1ms) 
14:21:11   ├─ /caching/index.html (+1ms) 
14:21:11   ├─ /crm/index.html (+28ms) 
14:21:11   ├─ /cache-augmented-generation/index.html (+1ms) 
14:21:11   ├─ /chain-of-thought/index.html (+1ms) 
14:21:11   ├─ /chatbots/index.html (+5ms) 
14:21:11   ├─ /chip-producer/index.html (+5ms) 
14:21:11   ├─ /clean-code/index.html (+1ms) 
14:21:11   ├─ /cloud-infrastructure/index.html (+23ms) 
14:21:11   ├─ /client-side-rendered/index.html (+12ms) 
14:21:11   ├─ /cloud-storage/index.html (+5ms) 
14:21:11   ├─ /code-review/index.html (+6ms) 
14:21:11   ├─ /citations/index.html (+2ms) 
14:21:11   ├─ /cognitive-diversity/index.html (+9ms) 
14:21:11   ├─ /collaboration-cost/index.html (+1ms) 
14:21:11   ├─ /collaborative-whiteboard/index.html (+5ms) 
14:21:11   ├─ /color-management/index.html (+30ms) 
14:21:11   ├─ /come-one-come-all/index.html (+5ms) 
14:21:11   ├─ /command-line-interface/index.html (+9ms) 
14:21:11   ├─ /color-theory/index.html (+1ms) 
14:21:11   ├─ /command-line-interfaces/index.html (+9ms) 
14:21:11   ├─ /columnar-database/index.html (+9ms) 
14:21:11   ├─ /community-moderation/index.html (+1ms) 
14:21:11   ├─ /compilers/index.html (+1ms) 
14:21:11   ├─ /complexity-cost/index.html (+7ms) 
14:21:11   ├─ /component-based-software-architecture/index.html (+6ms) 
14:21:11   ├─ /compositional-generalization/index.html (+9ms) 
14:21:11   ├─ /computational-chemistry/index.html (+1ms) 
14:21:11   ├─ /computer-vision/index.html (+1ms) 
14:21:11   ├─ /container-orchestration/index.html (+1ms) 
14:21:11   ├─ /containers/index.html (+9ms) 
14:21:11   ├─ /computer-generated-imagery/index.html (+9ms) 
14:21:11   ├─ /content-delivery-networks/index.html (+13ms) 
14:21:11   ├─ /continuous-refactoring/index.html (+1ms) 
14:21:11   ├─ /conventions/index.html (+0ms) 
14:21:11   ├─ /conversational-data-analysis/index.html (+5ms) 
14:21:11   ├─ /copypasta/index.html (+8ms) 
14:21:11   ├─ /creators/index.html (+12ms) 
14:21:12   ├─ /critical-mass/index.html (+1ms) 
14:21:12   ├─ /cross-platform-applications/index.html (+13ms) 
14:21:12   ├─ /cross-platform-frameworks/index.html (+1ms) 
14:21:12   ├─ /custom-keyboards/index.html (+1ms) 
14:21:12   ├─ /data-analysis/index.html (+30ms) 
14:21:12   ├─ /data-catalog/index.html (+9ms) 
14:21:12   ├─ /data-governance/index.html (+9ms) 
14:21:12   ├─ /data-labeling/index.html (+1ms) 
14:21:12   ├─ /data-model/index.html (+21ms) 
14:21:12   ├─ /data-pipelines/index.html (+47ms) 
14:21:12   ├─ /data-standard/index.html (+17ms) 
14:21:12   ├─ /data-transformations/index.html (+7ms) 
14:21:12   ├─ /database-interfaces/index.html (+1ms) 
14:21:12   ├─ /debugging/index.html (+1ms) 
14:21:12   ├─ /deep-fakes/index.html (+1ms) 
14:21:12   ├─ /design-systems/index.html (+13ms) 
14:21:12   ├─ /desktop-application/index.html (+1ms) 
14:21:12   ├─ /dev-ops/index.html (+14ms) 
14:21:12   ├─ /developer-community/index.html (+1ms) 
14:21:12   ├─ /developer-tools/index.html (+12ms) 
14:21:12   ├─ /digital-experience/index.html (+5ms) 
14:21:12   ├─ /disruptive-innovation/index.html (+1ms) 
14:21:12   ├─ /digital-asset-libraries/index.html (+13ms) 
14:21:12   ├─ /distributed-systems/index.html (+32ms) 
14:21:12   ├─ /divas/index.html (+1ms) 
14:21:12   ├─ /document-processing/index.html (+1ms) 
14:21:12   ├─ /documentation-engines/index.html (+6ms) 
14:21:12   ├─ /documentation-first-development/index.html (+23ms) 
14:21:12   ├─ /documentation/index.html (+5ms) 
14:21:12   ├─ /domain-experts/index.html (+5ms) 
14:21:12   ├─ /domain-driven-design/index.html (+1ms) 
14:21:12   ├─ /eniac/index.html (+1ms) 
14:21:12   ├─ /edge-computing/index.html (+1ms) 
14:21:12   ├─ /edge-devices/index.html (+1ms) 
14:21:12   ├─ /embedded-systems/index.html (+13ms) 
14:21:12   ├─ /edge-functions/index.html (+16ms) 
14:21:12   ├─ /emergency-dispatch/index.html (+1ms) 
14:21:12   ├─ /enabling-technology/index.html (+10ms) 
14:21:12   ├─ /engineering-management/index.html (+13ms) 
14:21:12   ├─ /ephemeral-environments/index.html (+40ms) 
14:21:12   ├─ /enterprise-saas/index.html (+13ms) 
14:21:12   ├─ /ergonomics/index.html (+5ms) 
14:21:12   ├─ /error-handling/index.html (+6ms) 
14:21:12   ├─ /examplemd/index.html (+1ms) 
14:21:12   ├─ /exponential-organizations/index.html (+0ms) 
14:21:12   ├─ /extension-libraries/index.html (+0ms) 
14:21:12   ├─ /file-system/index.html (+0ms) 
14:21:12   ├─ /forked-repositories/index.html (+5ms) 
14:21:12   ├─ /freemium/index.html (+6ms) 
14:21:12   ├─ /friction/index.html (+0ms) 
14:21:12   ├─ /frictionless-commerce/index.html (+1ms) 
14:21:12   ├─ /front-end/index.html (+25ms) 
14:21:12   ├─ /funtion-as-a-service/index.html (+7ms) 
14:21:12   ├─ /fusion-power/index.html (+1ms) 
14:21:12   ├─ /gen-5-ssd-drives/index.html (+1ms) 
14:21:12   ├─ /generative-ai/index.html (+5ms) 
14:21:12   ├─ /grapheme/index.html (+1ms) 
14:21:12   ├─ /glyphs/index.html (+1ms) 
14:21:12   ├─ /graphene/index.html (+1ms) 
14:21:12   ├─ /graphics-processing-units/index.html (+14ms) 
14:21:12   ├─ /grassroots-adoption/index.html (+1ms) 
14:21:12   ├─ /growth-hacking/index.html (+9ms) 
14:21:12   ├─ /hackathons/index.html (+1ms) 
14:21:12   ├─ /hamiltonian-learning-algorithm/index.html (+1ms) 
14:21:12   ├─ /haptic-technology/index.html (+5ms) 
14:21:12   ├─ /hardware/index.html (+1ms) 
14:21:12   ├─ /holacracy/index.html (+7ms) 
14:21:12   ├─ /home-server/index.html (+1ms) 
14:21:12   ├─ /images/index.html (+10ms) 
14:21:12   ├─ /in-context-learning/index.html (+1ms) 
14:21:12   ├─ /inbound-marketing/index.html (+1ms) 
14:21:12   ├─ /indy-hackers/index.html (+1ms) 
14:21:12   ├─ /influencer/index.html (+5ms) 
14:21:12   ├─ /inline-styles/index.html (+1ms) 
14:21:12   ├─ /instruction-set-architecture/index.html (+5ms) 
14:21:12   ├─ /integration-library/index.html (+1ms) 
14:21:12   ├─ /intelligent-knowledge-discovery/index.html (+1ms) 
14:21:12   ├─ /interactive-notebooks/index.html (+14ms) 
14:21:12   ├─ /interactive-video/index.html (+15ms) 
14:21:12   ├─ /international-code-of-zoological-nomenclature/index.html (+1ms) 
14:21:12   ├─ /jam-stack/index.html (+14ms) 
14:21:12   ├─ /kernel-based-virtual-machines/index.html (+1ms) 
14:21:12   ├─ /islands-architecture/index.html (+10ms) 
14:21:12   ├─ /knowledge-augmented-generation/index.html (+6ms) 
14:21:12   ├─ /internet-of-things/index.html (+1ms) 
14:21:12   ├─ /knowledge-base-ai/index.html (+14ms) 
14:21:12   ├─ /knowledge-base/index.html (+1ms) 
14:21:12   ├─ /laptops/index.html (+1ms) 
14:21:12   ├─ /latency/index.html (+1ms) 
14:21:12   ├─ /layout/index.html (+2ms) 
14:21:12   ├─ /large-language-models/index.html (+18ms) 
14:21:12   ├─ /local-area-network/index.html (+1ms) 
14:21:12   ├─ /local-llm/index.html (+5ms) 
14:21:12   ├─ /light-based-computing/index.html (+17ms) 
14:21:12   ├─ /light-hash-rate/index.html (+1ms) 
14:21:12   ├─ /local-first-applications/index.html (+35ms) 
14:21:12   ├─ /lock-in/index.html (+1ms) 
14:21:12   ├─ /locus-of-control/index.html (+14ms) 
14:21:12   ├─ /loosely-coupled-monolith/index.html (+6ms) 
14:21:12   ├─ /loss-aversion/index.html (+1ms) 
14:21:12   ├─ /low-code/index.html (+6ms) 
14:21:12   ├─ /machine-learning/index.html (+6ms) 
14:21:12   ├─ /markdown-editor/index.html (+28ms) 
14:21:12   ├─ /markdown-presentations/index.html (+1ms) 
14:21:12   ├─ /market-leaders/index.html (+13ms) 
14:21:12   ├─ /market-research/index.html (+5ms) 
14:21:12   ├─ /market-standard/index.html (+8ms) 
14:21:12   ├─ /marketing-automation/index.html (+5ms) 
14:21:12   ├─ /markup/index.html (+1ms) 
14:21:12   ├─ /micro-agent/index.html (+15ms) 
14:21:12   ├─ /microfrontend-architecture/index.html (+7ms) 
14:21:12   ├─ /meta-prompting/index.html (+32ms) 
14:21:12   ├─ /mimetic-theory/index.html (+1ms) 
14:21:12   ├─ /microservices/index.html (+32ms) 
14:21:12   ├─ /mini-desktops/index.html (+1ms) 
14:21:12   ├─ /model-routing/index.html (+12ms) 
14:21:12   ├─ /model-wrappers/index.html (+1ms) 
14:21:12   ├─ /module-federation/index.html (+16ms) 
14:21:12   ├─ /monorepo/index.html (+2ms) 
14:21:12   ├─ /multi-agent-automation/index.html (+9ms) 
14:21:12   ├─ /motion-graphics/index.html (+1ms) 
14:21:12   ├─ /monolith/index.html (+0ms) 
14:21:12   ├─ /multi-modal-databases/index.html[toolingGallery] Missing tools for IDs: [ 'tag: Multi-Modal-Databases' ]
 (+20ms) 
14:21:12   ├─ /negative-space-programming/index.html (+1ms) 
14:21:12   ├─ /natural-language-processing/index.html (+8ms) 
14:21:12   ├─ /mythical-man-month/index.html (+26ms) 
14:21:12   ├─ /network-attached-storage-servers/index.html (+17ms) 
14:21:12   ├─ /network-effects/index.html (+1ms) 
14:21:12   ├─ /neural-networks/index.html (+9ms) 
14:21:12   ├─ /next-word-prediction/index.html (+10ms) 
14:21:13   ├─ /networked-notes/index.html (+10ms) 
14:21:13   ├─ /ocr/index.html (+1ms) 
14:21:13   ├─ /object-storage/index.html (+19ms) 
14:21:13   ├─ /onboarding-walkthrough/index.html (+1ms) 
14:21:13   ├─ /object-relational-mapper/index.html (+11ms) 
14:21:13   ├─ /one-click-deployments/index.html (+27ms) 
14:21:13   ├─ /one-click-integrations/index.html (+18ms) 
14:21:13   ├─ /open-source/index.html (+11ms) 
14:21:13   ├─ /open-source-alternatives/index.html (+1ms) 
14:21:13   ├─ /packages-and-libraries/index.html (+13ms) 
14:21:13   ├─ /opinionated/index.html (+9ms) 
14:21:13   ├─ /organizational-friction/index.html (+9ms) 
14:21:13   ├─ /pair-programming/index.html (+0ms) 
14:21:13   ├─ /parallel-computing/index.html (+1ms) 
14:21:13   ├─ /pareto-curves/index.html (+1ms) 
14:21:13   ├─ /parkinsons-law/index.html (+5ms) 
14:21:13   ├─ /performance-monitors/index.html (+1ms) 
14:21:13   ├─ /persuasive-technology/index.html (+18ms) 
14:21:13   ├─ /plex-media-server/index.html (+3ms) 
14:21:13   ├─ /port-clashes/index.html (+1ms) 
14:21:13   ├─ /plug-ins--add-ons--extensions/index.html (+1ms) 
14:21:13   ├─ /presentation-maker/index.html (+0ms) 
14:21:13   ├─ /printed-circuit-board/index.html (+1ms) 
14:21:13   ├─ /product-analytics/index.html (+0ms) 
14:21:13   ├─ /product-roadmaps/index.html (+0ms) 
14:21:13   ├─ /proxy-chains/index.html (+16ms) 
14:21:13   ├─ /public-brand-kits/index.html (+1ms) 
14:21:13   ├─ /public-roadmap/index.html (+1ms) 
14:21:13   ├─ /rest-api/index.html (+47ms) 
14:21:13   ├─ /realtime-collaboration/index.html (+1ms) 
14:21:13   ├─ /rebundling/index.html (+9ms) 
14:21:13   ├─ /reference-management-system/index.html (+18ms) 
14:21:13   ├─ /relational-database/index.html (+22ms) 
14:21:13   ├─ /release-notes/index.html (+29ms) 
14:21:13   ├─ /reputation-systems/index.html (+14ms) 
14:21:13   ├─ /remote-procedure-call/index.html (+18ms) 
14:21:13   ├─ /responsive-design/index.html (+9ms) 
14:21:13   ├─ /retrieval-augmented-generation/index.html (+2ms) 
14:21:13   ├─ /reverse-engineering/index.html (+1ms) 
14:21:13   ├─ /robust-security-network/index.html (+0ms) 
14:21:13   ├─ /reverse-shells/index.html (+1ms) 
14:21:13   ├─ /solid/index.html (+5ms) 
14:21:13   ├─ /robotics/index.html (+1ms) 
14:21:13   ├─ /scarp/index.html (+27ms) 
14:21:13   ├─ /sdk/index.html (+1ms) 
14:21:13   ├─ /saas/index.html (+5ms) 
14:21:13   ├─ /s-curves/index.html (+6ms) 
14:21:13   ├─ /scenario-cloud/index.html (+9ms) 
14:21:13   ├─ /schema-validation/index.html (+1ms) 
14:21:13   ├─ /scripting/index.html (+0ms) 
14:21:13   ├─ /search-engine-optimization/index.html (+6ms) 
14:21:13   ├─ /screencasts/index.html (+1ms) 
14:21:13   ├─ /search-engines/index.html (+11ms) 
14:21:13   ├─ /self-hosting/index.html[toolingGallery] Missing tools for IDs: [ 'tag: Self-Hosting-Cloud' ]
 (+41ms) 
14:21:13   ├─ /semantic-caching/index.html (+32ms) 
14:21:13   ├─ /semantic-versioning/index.html (+7ms) 
14:21:13   ├─ /semantic-html/index.html (+1ms) 
14:21:13   ├─ /sequential-agents/index.html (+34ms) 
14:21:13   ├─ /server-side-rendering/index.html (+10ms) 
14:21:13   ├─ /serverless/index.html (+6ms) 
14:21:13   ├─ /service-mesh/index.html (+24ms) 
14:21:13   ├─ /service-oriented-architecture/index.html (+1ms) 
14:21:13   ├─ /servers/index.html (+1ms) 
14:21:13   ├─ /single-board-computers/index.html (+0ms) 
14:21:13   ├─ /single-sign-on/index.html (+0ms) 
14:21:13   ├─ /small-language-models/index.html (+1ms) 
14:21:13   ├─ /small-scale-nuclear/index.html (+1ms) 
14:21:13   ├─ /smart-glasses/index.html (+1ms) 
14:21:13   ├─ /software-architecture/index.html (+1ms) 
14:21:13   ├─ /software-development/index.html (+1ms) 
14:21:13   ├─ /solid-state-drives/index.html (+1ms) 
14:21:13   ├─ /spaghetti-code/index.html (+7ms) 
14:21:13   ├─ /spear-phishing/index.html (+10ms) 
14:21:13   ├─ /spigot-pricing/index.html (+18ms) 
14:21:13   ├─ /stack-collisions/index.html (+0ms) 
14:21:13   ├─ /stages-of-automation/index.html (+0ms) 
14:21:13   ├─ /state-management/index.html (+70ms) 
14:21:13   ├─ /standards-organizations/index.html (+5ms) 
14:21:13   ├─ /static-site-generators/index.html (+1ms) 
14:21:13   ├─ /streaming-data/index.html (+0ms) 
14:21:13   ├─ /structured-data/index.html (+0ms) 
14:21:13   ├─ /system-experts/index.html (+5ms) 
14:21:13   ├─ /systems-biology-markup-language/index.html (+1ms) 
14:21:13   ├─ /suno/index.html (+1ms) 
14:21:13   ├─ /table-of-contents/index.html (+1ms) 
14:21:13   ├─ /testing-frameworks/index.html (+5ms) 
14:21:13   ├─ /text-parsing/index.html (+1ms) 
14:21:13   ├─ /text-user-interfaces/index.html (+4ms) 
14:21:13   ├─ /the-singularity/index.html (+1ms) 
14:21:13   ├─ /the-founder-effect/index.html (+7ms) 
14:21:13   ├─ /thunderbolt/index.html (+0ms) 
14:21:13   ├─ /tidyverse/index.html (+11ms) 
14:21:13   ├─ /ticket-managers/index.html (+5ms) 
14:21:13   ├─ /tor-network/index.html (+0ms) 
14:21:13   ├─ /time-series-data/index.html (+0ms) 
14:21:13   ├─ /trunk-based-development/index.html (+1ms) 
14:21:13   ├─ /trusted-platform-module/index.html (+0ms) 
14:21:13   ├─ /ui-builders/index.html (+14ms) 
14:21:13   ├─ /ui-testing/index.html (+9ms) 
14:21:13   ├─ /ui-kit/index.html (+5ms) 
14:21:13   ├─ /unbundling/index.html (+0ms) 
14:21:13   ├─ /unified-events/index.html (+5ms) 
14:21:13   ├─ /unicode-characters/index.html (+1ms) 
14:21:13   ├─ /upskilling/index.html (+0ms) 
14:21:13   ├─ /user-authentication/index.html (+1ms) 
14:21:13   ├─ /user-flow/index.html (+11ms) 
14:21:13   ├─ /user-experience/index.html (+7ms) 
14:21:13   ├─ /user-interface/index.html (+23ms) 
14:21:13   ├─ /user-research/index.html (+12ms) 
14:21:13   ├─ /variable-fonts/index.html (+1ms) 
14:21:13   ├─ /vfx/index.html (+1ms) 
14:21:13   ├─ /vector-databases/index.html (+1ms) 
14:21:13   ├─ /vector-search/index.html (+1ms) 
14:21:13   ├─ /vibe-coding/index.html (+11ms) 
14:21:13   ├─ /video-capture/index.html (+10ms) 
14:21:13   ├─ /video-editing/index.html (+0ms) 
14:21:13   ├─ /video-generator/index.html (+11ms) 
14:21:13   ├─ /virtual-doctors/index.html (+1ms) 
14:21:13   ├─ /virtual-environments/index.html (+0ms) 
14:21:13   ├─ /virtual-humans/index.html (+10ms) 
14:21:13   ├─ /virtual-machines/index.html (+8ms) 
14:21:13   ├─ /virtual-phone-systems/index.html (+1ms) 
14:21:13   ├─ /virtual-private-server/index.html (+1ms) 
14:21:13   ├─ /voice-user-interface/index.html (+6ms) 
14:21:13   ├─ /wysiwyg/index.html (+1ms) 
14:21:13   ├─ /web-accessibility/index.html (+1ms) 
14:21:13   ├─ /web-browser/index.html (+34ms) 
14:21:13   ├─ /web-cams/index.html (+1ms) 
14:21:13   ├─ /web-development/index.html (+1ms) 
14:21:13   ├─ /web-meetings/index.html (+13ms) 
14:21:13   ├─ /web-scraping/index.html (+18ms) 
14:21:13   ├─ /web-security/index.html (+1ms) 
14:21:13   ├─ /web-server-gateway-interface/index.html (+0ms) 
14:21:13   ├─ /web-standards/index.html (+33ms) 
14:21:14   ├─ /weak-pointers/index.html (+10ms) 
14:21:14   ├─ /web3/index.html (+1ms) 
14:21:14   ├─ /workflow-management/index.html (+15ms) 
14:21:14   ├─ /workflow-automations/index.html (+13ms) 
14:21:14   ├─ /works-out-of-the-box/index.html (+5ms) 
14:21:14   ├─ /wrangling/index.html (+21ms) 
14:21:14   ├─ /xr/index.html (+5ms) 
14:21:14   ├─ /yak-shaving/index.html (+1ms) 
14:21:14   ├─ /zero-day-markets/index.html (+9ms) 
14:21:14   ├─ /zero-day-threats/index.html (+1ms) 
14:21:14   ├─ /webassembly/index.html (+12ms) 
14:21:14   ├─ /zero-marginal-cost/index.html (+4ms) 
14:21:14   ├─ /zero-trust-architecture/index.html (+1ms) 
14:21:14   ├─ /zettabyte-file-system/index.html (+9ms) 
14:21:14   ├─ /zettelkasten/index.html (+5ms) 
14:21:14   ├─ /ipaas/index.html (+17ms) 
14:21:14   ├─ /2025-03-25_00/index.html (+3ms) 
14:21:14   ├─ /2025-03-26_01/index.html (+2ms) 
14:21:14   ├─ /2025-03-24_01/index.html (+3ms) 
14:21:14   ├─ /2025-03-26_02/index.html (+2ms) 
14:21:14   ├─ /2025-04-06_01/index.html (+8ms) 
14:21:14   ├─ /2025-04-07_01/index.html (+10ms) 
14:21:14   ├─ /2025-04-10_01/index.html (+4ms) 
14:21:14   ├─ /2025-03-21_01/index.html (+4ms) 
14:21:14   ├─ /2025-03-18_02/index.html (+4ms) 
14:21:14   ├─ /2025-03-19_03/index.html (+3ms) 
14:21:14   ├─ /2025-04-14_01/index.html (+3ms) 
14:21:14   ├─ /2025-04-16_01/index.html (+3ms) 
14:21:14   ├─ /2025-04-16_02/index.html (+3ms) 
14:21:14   ├─ /2025-04-17_01/index.html (+5ms) 
14:21:14   ├─ /2025-04-12_03/index.html (+15ms) 
14:21:14   ├─ /2025-04-12_02/index.html (+14ms) 
14:21:14   ├─ /2025-04-18_01/index.html (+10ms) 
14:21:14   ├─ /2025-04-23_01/index.html (+14ms) 
14:21:14   ├─ /2025-04-23_02/index.html (+4ms) 
14:21:14   ├─ /2025-04-12_01/index.html (+14ms) 
14:21:14   ├─ /2025-05-14_01/index.html (+3ms) 
14:21:14   ├─ /2025-07-18_01/index.html (+10ms) 
14:21:14   ├─ /2025-07-09_01/index.html (+1ms) 
14:21:14   ├─ /2025-04-24_01/index.html (+3ms) 
14:21:14   ├─ /2025-07-20_01/index.html (+29ms) 
14:21:14   ├─ /2025-03-17_01/index.html (+2ms) 
14:21:14   ├─ /2025-03-16_01/index.html (+8ms) 
14:21:14   ├─ /2025-03-18_03/index.html (+3ms) 
14:21:14   ├─ /2025-03-13_01/index.html (+5ms) 
14:21:14   ├─ /2025-03-13_04/index.html (+11ms) 
14:21:14   ├─ /2025-03-14_01/index.html (+13ms) 
14:21:14   ├─ /2025-03-13_03/index.html (+9ms) 
14:21:14   ├─ /2025-03-13_02/index.html (+9ms) 
14:21:14   ├─ /2025-03-18_01/index.html (+7ms) 
14:21:14   ├─ /2025-03-18_02/index.html (+4ms) 
14:21:14   ├─ /2025-03-24_01/index.html (+4ms) 
14:21:14   ├─ /2025-03-26_01/index.html (+3ms) 
14:21:14   ├─ /2025-03-26_02/index.html (+2ms) 
14:21:14   ├─ /2025-03-28_01/index.html (+3ms) 
14:21:14   ├─ /2025-03-30_02/index.html (+5ms) 
14:21:14   ├─ /2025-03-21_01/index.html (+4ms) 
14:21:14   ├─ /2025-03-27_01/index.html (+3ms) 
14:21:14   ├─ /2025-03-29_01/index.html (+3ms) 
14:21:14   ├─ /2025-03-29_02/index.html (+2ms) 
14:21:14   ├─ /2025-03-30_01/index.html[Shiki] The language "litegal" doesn't exist, falling back to "plaintext".
[Shiki] The language "litegal" doesn't exist, falling back to "plaintext".
 (+7ms) 
14:21:14   ├─ /2025-03-31_01/index.html (+4ms) 
14:21:14   ├─ /2025-04-06_01/index.html (+7ms) 
14:21:14   ├─ /2025-04-05_01/index.html (+5ms) 
14:21:14   ├─ /2025-04-06_02/index.html (+10ms) 
14:21:14   ├─ /2025-04-06_03/index.html (+6ms) 
14:21:14   ├─ /2025-04-07_01/index.html (+12ms) 
14:21:14   ├─ /2025-04-07_02/index.html (+11ms) 
14:21:14   ├─ /2025-04-11_01/index.html (+12ms) 
14:21:14   ├─ /2025-04-11_02/index.html (+7ms) 
14:21:14   ├─ /2025-04-12_01/index.html (+13ms) 
14:21:14   ├─ /2025-04-12_02/index.html (+17ms) 
14:21:14   ├─ /2025-04-12_04/index.html (+10ms) 
14:21:14   ├─ /2025-04-12_03/index.html (+15ms) 
14:21:14   ├─ /2025-04-13_01/index.html (+20ms) 
14:21:14   ├─ /2025-04-14_01/index.html (+4ms) 
14:21:14   ├─ /2025-04-14_02/index.html (+21ms) 
14:21:14   ├─ /2025-04-14_03/index.html (+5ms) 
14:21:14   ├─ /2025-04-15_01/index.html (+12ms) 
14:21:14   ├─ /2025-04-15_02/index.html (+15ms) 
14:21:14   ├─ /2025-04-17_01/index.html (+4ms) 
14:21:14   ├─ /2025-04-17_02/index.html (+4ms) 
14:21:14   ├─ /2025-04-18_02/index.html (+5ms) 
14:21:14   ├─ /2025-04-19_01/index.html (+6ms) 
14:21:14   ├─ /2025-04-18_01/index.html (+10ms) 
14:21:14   ├─ /2025-04-19_02/index.html (+3ms) 
14:21:14   ├─ /2025-04-20_01/index.html (+4ms) 
14:21:14   ├─ /2025-04-21_01/index.html (+4ms) 
14:21:14   ├─ /2025-04-22_01/index.html (+5ms) 
14:21:14   ├─ /2025-04-22_02/index.html (+4ms) 
14:21:14   ├─ /2025-04-23_01/index.html (+15ms) 
14:21:14   ├─ /2025-04-24_01/index.html (+3ms) 
14:21:14   ├─ /2025-04-24_03/index.html (+3ms) 
14:21:14   ├─ /2025-04-24_05/index.html (+5ms) 
14:21:14   ├─ /2025-04-24_04/index.html (+29ms) 
14:21:14   ├─ /2025-04-24_02/index.html (+3ms) 
14:21:14   ├─ /2025-04-25_01/index.html (+6ms) 
14:21:14   ├─ /2025-05-03_01/index.html (+8ms) 
14:21:14   ├─ /2025-05-04_02/index.html (+4ms) 
14:21:14   ├─ /2025-05-04_01/index.html (+3ms) 
14:21:14   ├─ /2025-04-27_01/index.html (+2ms) 
14:21:14   ├─ /2025-05-05_01/index.html (+6ms) 
14:21:14   ├─ /2025-05-07_01/index.html (+4ms) 
14:21:14   ├─ /2025-05-08_01/index.html (+22ms) 
14:21:14   ├─ /2025-05-08_02/index.html (+12ms) 
14:21:14   ├─ /2025-05-10_01/index.html (+21ms) 
14:21:14   ├─ /2025-05-12_01/index.html (+8ms) 
14:21:14   ├─ /2025-05-17_01/index.html (+2ms) 
14:21:14   ├─ /2025-05-25_01/index.html (+4ms) 
14:21:14   ├─ /2025-06-13_01/index.html (+1ms) 
14:21:14   ├─ /2025-06-13_02/index.html[toolingGallery] Missing tools for IDs: [ '[[Tool Name]]' ]
[toolingGallery] Missing tools for IDs: [ '[[Affinity]]', '[[Discord]]' ]
 (+114ms) 
14:21:14   ├─ /2025-06-19_01/index.html (+4ms) 
14:21:14   ├─ /2025-06-19_02/index.html (+4ms) 
14:21:14   ├─ /2025-06-19_03/index.html (+3ms) 
14:21:14   ├─ /2025-06-21_01/index.html (+15ms) 
14:21:14   ├─ /2025-06-25_01/index.html (+16ms) 
14:21:14   ├─ /2025-06-25_02/index.html (+9ms) 
14:21:14   ├─ /2025-06-30_01/index.html (+11ms) 
14:21:14   ├─ /2025-07-21_01/index.html (+8ms) 
14:21:15   ├─ /2025-07-18_01/index.html (+13ms) 
14:21:15   ├─ /2025-07-20_01/index.html (+29ms) 
14:21:15   ├─ /2025-07-25_01/index.html (+18ms) 
14:21:15   ├─ /2025-07-26_01/index.html (+7ms) 
14:21:15   ├─ /2025-07-26_02/index.html (+6ms) 
14:21:15   ├─ /2025-07-27_01/index.html (+2ms) 
14:21:15   ├─ /2025-07-28_01/index.html (+13ms) 
14:21:15   ├─ /2025-07-30_01/index.html (+8ms) 
14:21:15   ├─ /2025-07-23_02/index.html (+4ms) 
14:21:15   ├─ /2025-07-23_01/index.html (+13ms) 
14:21:15   ├─ /2025-07-23_03/index.html (+7ms) 
14:21:15   ├─ /2025-07-24_01/index.html (+13ms) 
14:21:15   ├─ /2025-02-02_01/index.html (+26ms) 
14:21:15   ├─ /2025-03-17_open-graph-fetch-report_01/index.html (+1.24s) 
14:21:16   ├─ /2025-03-23_open-graph-fetch-report_01/index.html (+3ms) 
14:21:16   ├─ /2025-03-23_open-graph-fetch-report_02/index.html (+2ms) 
14:21:16   ├─ /2025-03-23_open-graph-fetch-report_03/index.html (+2ms) 
14:21:16   ├─ /2025-03-24_open-graph-fetch-report_02/index.html (+2ms) 
14:21:16   ├─ /2025-03-24_open-graph-fetch-report_01/index.html (+3ms) 
14:21:16   ├─ /2025-03-24_open-graph-fetch-report_03/index.html (+2ms) 
14:21:16   ├─ /2025-03-24_open-graph-fetch-report_04/index.html (+1ms) 
14:21:16   ├─ /2025-03-24_open-graph-fetch-report_06/index.html (+2ms) 
14:21:16   ├─ /2025-03-24_open-graph-fetch-report_05/index.html (+2ms) 
14:21:16   ├─ /2025-03-24_open-graph-fetch-report_08/index.html (+2ms) 
14:21:16   ├─ /2025-03-24_open-graph-fetch-report_07/index.html (+2ms) 
14:21:16   ├─ /2025-03-24_open-graph-fetch-report_11/index.html (+1ms) 
14:21:16   ├─ /2025-03-24_open-graph-fetch-report_10/index.html (+1ms) 
14:21:16   ├─ /2025-03-24_open-graph-fetch-report_09/index.html (+22ms) 
14:21:16   ├─ /test-slide/index.html (+1ms) 
14:21:16   ├─ /git-basics/index.html (+5ms) 
14:21:16   ├─ /css-animation-systems/index.html (+20ms) 
14:21:16   ├─ /sample-presentation/index.html (+7ms) 
14:21:16   ├─ /typescript-fundamentals/index.html (+16ms) 
14:21:16   ├─ /docker-intro/index.html (+8ms) 
14:21:16   ├─ /code-style/merge-functionality-into-one-file/index.html (+2ms) 
14:21:16   ├─ /code-style/move-functionality-and-style-to-specific-components/index.html (+2ms) 
14:21:16   ├─ /code-style/suggest-a-non-destructive-refactor/index.html (+3ms) 
14:21:16   ├─ /render-logic/create-a-variant-of-an-existing-component/index.html (+9ms) 
14:21:16   ├─ /render-logic/create-fallbacks-error-waiting-components/index.html (+1ms) 
14:21:16   ├─ /code-style/maintain-manageable-user-options/index.html (+8ms) 
14:21:16   ├─ /code-style/streamline-interaction-design-in-css-states/index.html (+32ms) 
14:21:16   ├─ /code-style/move-styles-from-tailwind-to-css-using-our-styles/index.html (+10ms) 
14:21:16   ├─ /render-logic/convert-static-routing-to-dynamic-routing-in-tags/index.html (+11ms) 
14:21:16   ├─ /render-logic/conditional-logic-for-content/index.html (+7ms) 
14:21:16   ├─ /render-logic/handle-citations-logic-and-render-citations-component/index.html (+11ms) 
14:21:16   ├─ /render-logic/handle-custom-codeblocks-in-astro-comprehensive/index.html (+40ms) 
14:21:16   ├─ /render-logic/handle-mermaid-codeblocks-in-astro/index.html (+15ms) 
14:21:16   ├─ /render-logic/handle-iframes-with-our-ast-rendering-pipeline/index.html (+16ms) 
14:21:16   ├─ /render-logic/integrate-collection-into-site/index.html (+18ms) 
14:21:16   ├─ /render-logic/integrate-concepts-into-more-about/index.html (+39ms) 
14:21:16   ├─ /render-logic/our-extended-markdown-requirements-as-a-micromark-extension/index.html (+6ms) 
14:21:16   ├─ /render-logic/remark-plugin-implementation/index.html (+15ms) 
14:21:16   ├─ /render-logic/integrate-collection-into-observer-system/index.html (+15ms) 
14:21:16   ├─ /render-logic/handle-custom-codeblocks-in-astro/index.html (+7ms) 
14:21:16   ├─ /render-logic/render-markdown-deliberately-from-inspiration/index.html (+26ms) 
14:21:16   ├─ /render-logic/rendering-extended-markdown-like-astro-big-doc/index.html (+22ms) 
14:21:16   ├─ /render-logic/rendering-extended-markdown-through-ast/index.html (+19ms) 
14:21:16   ├─ /render-logic/rendering-callout-blocks-with-classes/index.html (+48ms) 
14:21:16   ├─ /render-logic/support-dynamic-information-pages/index.html (+9ms) 
14:21:16   ├─ /user-interface/add-sort-by-functionality-to-tag-column/index.html (+58ms) 
14:21:16   ├─ /user-interface/create-a-canvas-ui-of-our-content-and-data-models/index.html (+5ms) 
14:21:16   ├─ /user-interface/add-a-site-preview-to-toolkit-tool-card/index.html (+3ms) 
14:21:16   ├─ /user-interface/create-a-changelog-ui/index.html (+6ms) 
14:21:16   ├─ /user-interface/create-a-dynamic-footer/index.html (+8ms) 
14:21:16   ├─ /user-interface/create-a-magazine-style-layout/index.html (+12ms) 
14:21:16   ├─ /user-interface/create-a-hero-component/index.html (+38ms) 
14:21:17   ├─ /user-interface/create-a-new-layout-for-existing-content-collection/index.html (+19ms) 
14:21:17   ├─ /user-interface/create-a-price-card/index.html (+14ms) 
14:21:17   ├─ /user-interface/create-a-reusable-content-collections-ui-structure/index.html (+11ms) 
14:21:17   ├─ /user-interface/create-a-simple-message-grid/index.html (+5ms) 
14:21:17   ├─ /user-interface/create-a-simple-question-answers-section/index.html (+5ms) 
14:21:17   ├─ /user-interface/create-a-vocabulary-collection-ui-using-prior-components/index.html (+19ms) 
14:21:17   ├─ /user-interface/get-ui-inspiration-from-url/index.html (+1ms) 
14:21:17   ├─ /user-interface/recreate-the-tag-column-for-prompts/index.html (+1ms) 
14:21:17   ├─ /user-interface/repurpose-a-ui-template-in-our-codebase/index.html (+1ms) 
14:21:17   ├─ /user-interface/render-site-flavoured-markdown-in-layers/index.html[Shiki] The language "litegal" doesn't exist, falling back to "plaintext".
 (+9ms) 
14:21:17   ├─ /user-interface/use-magazine-style-layout-for-new-specs-collection/index.html (+9ms) 
14:21:17   ├─ /data-integrity/another-attempt-at-citation-processing/index.html (+45ms) 
14:21:17   ├─ /data-integrity/configure-yamllint-based-on-our-patterns/index.html (+3ms) 
14:21:17   ├─ /data-integrity/change-tag-string-globally/index.html (+1ms) 
14:21:17   ├─ /data-integrity/create-a-content-registry-script/index.html (+4ms) 
14:21:17   ├─ /data-integrity/create-or-update-open-graph-data/index.html (+3ms) 
14:21:17   ├─ /data-integrity/enhanced-filesystem-observer-with-prompts-support/index.html (+34ms) 
14:21:17   ├─ /data-integrity/fetch-open-graph-data-from-api/index.html (+13ms) 
14:21:17   ├─ /data-integrity/fix-one-yaml-issue-at-a-time--alt/index.html (+6ms) 
14:21:17   ├─ /data-integrity/fix-one-yaml-issue-at-a-time/index.html (+8ms) 
14:21:17   ├─ /data-integrity/get-known-errors-and-fixes/index.html (+11ms) 
14:21:17   ├─ /data-integrity/implement-open-graph-data-from-api-obsidian-plugin/index.html (+56ms) 
14:21:17   ├─ /data-integrity/integrate-new-content-thread-by-creating-template/index.html (+13ms) 
14:21:17   ├─ /data-integrity/integrate-citations-format-hex-into-observer/index.html (+17ms) 
14:21:17   ├─ /data-integrity/isolate-content-wide-yaml-corruptions/index.html (+21ms) 
14:21:17   ├─ /data-integrity/integrate-opengraph-fetch-into-observer/index.html (+30ms) 
14:21:17   ├─ /data-integrity/merge-matching-files-to-add-yaml/index.html (+23ms) 
14:21:17   ├─ /data-integrity/refactored-citations-observer/index.html (+47ms) 
14:21:17   ├─ /data-integrity/return-only-files-with-valid-frontmatter/index.html (+2ms) 
14:21:17   ├─ /data-integrity/use-filesystem-observer-to-assert-frontmatter-updated/index.html (+30ms) 
14:21:17   ├─ /data-integrity/use-filesystem-observer-to-assert-frontmatter/index.html (+23ms) 
14:21:17   ├─ /data-integrity/writing-correction-functions/index.html (+3ms) 
14:21:17   ├─ /workflow/ask-local-llm-to-be-a-copywriter/index.html (+6ms) 
14:21:17   ├─ /workflow/ask-a-model-api-to-perform-a-task-via-api/index.html (+1ms) 
14:21:17   ├─ /workflow/build-scripts-that-clean-data/index.html (+16ms) 
14:21:17   ├─ /workflow/ask-generative-ai-model-to-generate-a-style/index.html (+4ms) 
14:21:17   ├─ /workflow/consolidate-multiple-documentation-sources-into-one-source/index.html (+2ms) 
14:21:17   ├─ /workflow/create-a-basic-changelog/index.html (+5ms) 
14:21:17   ├─ /workflow/create-a-content-generation-engine/index.html (+1ms) 
14:21:17   ├─ /workflow/help-write-a-yaml-property-for-a-directory-of-files/index.html (+6ms) 
14:21:17   ├─ /workflow/implement-a-specific-task-as-part-of-larger-specification/index.html (+33ms) 
14:21:17   ├─ /workflow/improve-on-a-user-prompt-through-iteration/index.html (+4ms) 
14:21:17   ├─ /workflow/reintroduce-something-that-worked/index.html (+3ms) 
14:21:17   ├─ /workflow/introduce-a-new-feature-to-observer-system/index.html (+39ms) 
14:21:17   ├─ /workflow/report-on-yaml-idiosyncracies/index.html (+3ms) 
14:21:17   ├─ /workflow/repurpose-functionality-found-elsewhere-into-obsidian-plugin/index.html (+16ms) 
14:21:17   ├─ /workflow/svg-image-rendering-issue-resolution/index.html (+8ms) 
14:21:17   ├─ /workflow/use-llm-gateway-to-augment-content/index.html (+49ms) 
14:21:17   ├─ /workflow/write-a-code-changelog-entry/index.html (+6ms) 
14:21:17   ├─ /workflow/write-a-comprehensive-squash-merge/index.html (+9ms) 
14:21:17   ├─ /workflow/write-a-content-changelog-entry/index.html (+5ms) 
14:21:17   ├─ /workflow/write-a-git-commit-for-one-dir/index.html (+7ms) 
14:21:17   ├─ /workflow/write-a-raw-text-git-commit/index.html (+11ms) 
14:21:17   ├─ /workflow/write-a-technical-specification/index.html (+4ms) 
14:21:17   ├─ /workflow/write-an-ai-model-request-script/index.html (+4ms) 
14:21:17   ├─ /workflow/write-an-issue-resolution-breadcrumb/index.html (+12ms) 
14:21:17   ├─ /astro-specifc-nuances/index.html (+2ms) 
14:21:17   ├─ /change-role-to-developer-and-implement-prompt/index.html (+2ms) 
14:21:17   ├─ /exhuastive-list-of-yaml-properties-and-value-syntax/index.html (+1ms) 
14:21:17   ├─ /gnarly-routing-with-static-site-generators/index.html (+1ms) 
14:21:17   ├─ /fire-up-the-observer/index.html (+6ms) 
14:21:17   ├─ /comprehensive-rules-for-code-generation/index.html (+15ms) 
14:21:17   ├─ /css-at-rules-for-theming/index.html (+7ms) 
14:21:17   ├─ /create-permanent-project-memory-for-yaml-handling/index.html (+7ms) 
14:21:17   ├─ /maintain-conditional-client-specific-content-paths/index.html (+6ms) 
14:21:17   ├─ /extended-obsidian-extended-markdown/index.html (+18ms) 
14:21:17   ├─ /maintain-consistent-reporting-templates/index.html (+5ms) 
14:21:17   ├─ /maintain-consistent-debugging-conventions/index.html (+24ms) 
14:21:17   ├─ /maintain-robust-commenting-in-our-flavor/index.html (+4ms) 
14:21:17   ├─ /maintain-consistent-reporting/index.html (+8ms) 
14:21:17   ├─ /maintain-scripting-pipeline/index.html (+24ms) 
14:21:17   ├─ /maintain-a-session-log/index.html (+11ms) 
14:21:17   ├─ /map-of-dependencies/index.html (+23ms) 
14:21:17   ├─ /map-of-relevant-paths/index.html (+10ms) 
14:21:17   ├─ /meticulous-constraints-for-every-prompt/index.html (+5ms) 
14:21:17   ├─ /maintain-an-environment-based-build-system/index.html (+14ms) 
14:21:17   ├─ /read-relevant-documentation-before-major-edits/index.html (+8ms) 
14:21:17   ├─ /remind-a-model-of-specification-guidelines/index.html (+8ms) 
14:21:17   ├─ /remind-a-model-to-read-documentation-sources/index.html (+2ms) 
14:21:17   ├─ /specification-guidelines-template/index.html (+8ms) 
14:21:17   ├─ /the-simplified-observer-logic/index.html (+2ms) 
14:21:17   ├─ /use-safe-syntax-in-mermaid-charts/index.html (+1ms) 
14:21:17   ├─ /ways-we-avoid-hard-validation/index.html (+1ms) 
14:21:17   ├─ /yaml-patterns--exhaustive-cases/index.html (+142ms) 
14:21:18   ├─ /create-a-cellular-based-content-system/index.html (+9ms) 
14:21:18   ├─ /create-a-collaborative-markdown-based-desktop-publisher/index.html (+8ms) 
14:21:18   ├─ /clean-specific-issues-in-yaml-one-at-a-time/index.html (+15ms) 
14:21:18   ├─ /code-block-rendering-system/index.html (+13ms) 
14:21:18   ├─ /create-a-robust-standard-publication-pipeline/index.html (+22ms) 
14:21:18   ├─ /create-a-content-registry-for-markdown-files/index.html (+24ms) 
14:21:18   ├─ /build-script-spec/index.html (+22ms) 
14:21:18   ├─ /cases-and-corrections-for-yaml-content-wide/index.html (+32ms) 
14:21:18   ├─ /filesystem-observer-for-consistent-metadata-in-markdown-files/index.html (+74ms) 
14:21:18   ├─ /implement-a-vault-wide-citations-manager/index.html (+18ms) 
14:21:18   ├─ /implement-an-open-graph-fetcher-as-obsidian-plugin/index.html (+27ms) 
14:21:18   ├─ /integrate-backend-data-stores-for-dynamic-content/index.html (+10ms) 
14:21:18   ├─ /integrate-features-into-an-obsidian-plugin/index.html (+19ms) 
14:21:18   ├─ /maintain-themes-mode-across-css-tailwind/index.html (+9ms) 
14:21:18   ├─ /maintain-a-css-animation-system/index.html (+15ms) 
14:21:18   ├─ /maintain-a-proprietary-extended-markdown-flavor-rendering-pipeline/index.html (+20ms) 
14:21:18   ├─ /maintain-a-research-focused-llm-obsidian-plugin-using-perplexity-and-perplexica/index.html (+5ms) 
14:21:18   ├─ /maintain-a-robust-ast-debugging-report/index.html (+1ms) 
14:21:18   ├─ /implement-dynamic-sort--filter-with-svelte/index.html (+46ms) 
14:21:18   ├─ /maintain-a-local-lm-studio-obsidian-plugin/index.html (+33ms) 
14:21:18   ├─ /maintain-an-image-generator-obsidian-plugin/index.html (+37ms) 
14:21:18   ├─ /maintain-an-interactive-slides-system/index.html (+20ms) 
14:21:18   ├─ /maintain-an-obsidian-plugin-starter-kit/index.html (+7ms) 
14:21:18   ├─ /maintaining-markdown-conventions/index.html (+2ms) 
14:21:18   ├─ /prescreen-and-triage-iconsistencies-in-yaml/index.html (+18ms) 
14:21:18   ├─ /screencast-diary-capture/index.html (+2ms) 
14:21:18   ├─ /search-spec/index.html (+1ms) 
14:21:18   ├─ /become-a-better-founder/index.html (+1ms) 
14:21:18   ├─ /education-employment-and-growth/index.html (+1ms) 
14:21:18   ├─ /innovation-in-education/index.html (+1ms) 
14:21:18   ├─ /how-investors-evaluate-startups-during-the-gold-rush-of-ai/index.html[toolingGallery] Missing tools for IDs: [
  '[[Tooling/Portfolio/Aalo Atomics|Aalo Atomics]]',
  '[[Tooling/Portfolio/Ontra|Ontra]]'
]
 (+36ms) 
14:21:18   ├─ /cleaner-magazine-layouts/index.html (+1ms) 
14:21:18   ├─ /cursor-and-claude-37-went-overboard-on-regex--validation/index.html (+1ms) 
14:21:18   ├─ /extend-with-remark-and-rehype-plugins/index.html (+1ms) 
14:21:18   ├─ /broken-yaml-key-replacement-workflow/index.html (+6ms) 
14:21:18   ├─ /computing-entry-object-values-in-astro/index.html (+3ms) 
14:21:18   ├─ /conditional-console-logging/index.html (+4ms) 
14:21:18   ├─ /fixing-markdown-frontmatter-default-values/index.html (+13ms) 
14:21:18   ├─ /dynamic-route-slug-generation-404-fix/index.html (+10ms) 
14:21:18   ├─ /fetch-metadata-while-rendering/index.html (+8ms) 
14:21:18   ├─ /dynamic-image-masking-control/index.html (+22ms) 
14:21:18   ├─ /full-width-separator-issue-resolution/index.html (+9ms) 
14:21:18   ├─ /getting-astro-collections-to-work-on-messy-frontmatter/index.html (+5ms) 
14:21:18   ├─ /frontmatter--date-formatting-fix/index.html (+11ms) 
14:21:18   ├─ /grid-layout-centering-with-responsive-breakpoints/index.html (+12ms) 
14:21:18   ├─ /handling-unexpected-api-responses/index.html (+9ms) 
14:21:18   ├─ /how-micromark-handles-markdown-ast/index.html (+8ms) 
14:21:18   ├─ /how-remark-gfm-renders-tables/index.html (+11ms) 
14:21:18   ├─ /managing-complex-integrations-through-git/index.html (+11ms) 
14:21:18   ├─ /mermaid-rendering-tangles-rehype-remark/index.html (+31ms) 
14:21:18   ├─ /getting-through-cors/index.html (+30ms) 
14:21:18   ├─ /obsidian-stuck-in-regex-memory-hang/index.html (+15ms) 
14:21:18   ├─ /optimizing-share-functionality-across-content/index.html (+17ms) 
14:21:18   ├─ /persistent-file-processing-state-in-observer/index.html (+33ms) 
14:21:18   ├─ /preventing-infinite-loops-in-observers/index.html (+7ms) 
14:21:18   ├─ /prompt-rendering-pipeline-issue/index.html (+15ms) 
14:21:18   ├─ /preventing-infinite-loops-in-reminderswatcher/index.html (+32ms) 
14:21:19   ├─ /referencegrid-layout-issue/index.html (+8ms) 
14:21:19   ├─ /rendering-ast/index.html (+65ms) 
14:21:19   ├─ /running-the-latest-and-greatest-llm-locally/index.html (+29ms) 
14:21:19   ├─ /setting-up-rehype-to-better-parse-markdown/index.html (+12ms) 
14:21:19   ├─ /showing-hidden-directories-in-tree-output/index.html (+2ms) 
14:21:19   ├─ /tame-generative-ai-with-rule-sets/index.html (+11ms) 
14:21:19   ├─ /troubleshooting-rendering-citations/index.html (+11ms) 
14:21:19   ├─ /yaml-consistency-for-content-collections--script-actions/index.html (+7ms) 
14:21:19   ├─ /write-git-commit-messages-with-your-favorite-editor/index.html (+4ms) 
14:21:19   ├─ /laerdal/essays/ai-for-creative-professions/index.html (+18ms) 
14:21:19   ├─ /laerdal/essays/are-code-generators-really-the-death-of-saas/index.html (+3ms) 
14:21:19   ├─ /laerdal/essays/a-new-standard-for-chaining-ai-operations-called-model-context-protocol/index.html[grid_utils] Processing local image: /home/mps/code/lossless-monorepo/site/public/visuals/repVector__Prompt.svg
[grid_utils] Processing local image: /home/mps/code/lossless-monorepo/site/public/visuals/repVector__Reminder.svg
[grid_utils] Processing local image: /home/mps/code/lossless-monorepo/site/public/visuals/repVector__Specification.svg
 (+2ms) 
14:21:19   ├─ /laerdal/essays/ai-is-first-a-trojan-horse/index.html (+14ms) 
14:21:19   ├─ /laerdal/essays/a-theory-of-lossless-innovation/index.html (+42ms) 
14:21:19   ├─ /laerdal/recommendations/for-executive-management/index.html (+380ms) 
14:21:19   ├─ /laerdal/recommendations/on-ai-use/index.html (+8ms) 
14:21:19   ├─ /laerdal/recommendations/healthtech-ai-examples/index.html (+1ms) 
14:21:19   ├─ /laerdal/recommendations/on-better-data/index.html (+1ms) 
14:21:19   ├─ /laerdal/recommendations/on-cloud-infrastructure/index.html (+42ms) 
14:21:19   ├─ /laerdal/recommendations/for-engineering/index.html (+603ms) 
14:21:20   ├─ /laerdal/recommendations/sms-as-design-research/index.html (+8ms) 
14:21:20   ├─ /recommendations-for-param/index.html (+2ms) 
14:21:20   ├─ /data-wrangling-for-tonguc/index.html (+2ms) 
14:21:20   ├─ /laerdal/projects/organizational-data-flows/03---design-work/index.html (+126ms) 
14:21:20   ├─ /full-prompt-for-monorepo-setup/index.html (+7ms) 
14:21:20   ├─ /laugment-monorepo-vision/index.html (+3ms) 
14:21:20   ├─ /deck-sections-for-tonguc/index.html (+1ms) 
14:21:20   ├─ /insight-manager/index.html (+14ms) 
14:21:20   ├─ /laerdal/projects/laugment/data-augmenter-specification/data-augmentation-microfrontends/index.html (+2ms) 
14:21:20   ├─ /highlight-collector/index.html (+7ms) 
14:21:20   ├─ /laerdal/projects/laugment/data-augmenter-specification/bolt-codebase-analysis/index.html (+24ms) 
14:21:20   ├─ /prompt-section-analysis/index.html (+13ms) 
14:21:20   ├─ /prompt-template-manager/index.html (+25ms) 
14:21:20   ├─ /laerdal/projects/laugment/data-augmenter-specification/recordcollector-tanuj/index.html (+9ms) 
14:21:20   ├─ /prompt-manager/index.html (+9ms) 
14:21:20   ├─ /response-reviewer/index.html (+33ms) 
14:21:20   ├─ /prompt-reviewer/index.html (+23ms) 
14:21:20   ├─ /record-collector/index.html (+60ms) 
14:21:20   ├─ /laerdal/projects/laugment/data-augmenter-specification/micro-federation-explainer/index.html (+8ms) 
14:21:20   ├─ /laerdal/projects/laugment/data-augmenter-specification/micro-federation-blueprint/index.html (+17ms) 
14:21:20   ├─ /list-column--prompts/index.html (+1ms) 
14:21:20   ├─ /team-workspace/index.html (+1ms) 
14:21:20   ├─ /list-item--prompt/index.html (+1ms) 
14:21:20   ├─ /list-column--records/index.html (+1ms) 
14:21:20   ├─ /list-row-item--record/index.html (+1ms) 
14:21:20   ├─ /main-container-ui/index.html (+21ms) 
14:21:20   ├─ /app-window/index.html (+1ms) 
14:21:20   ├─ /laerdal/projects/laugment/data-augmenter-specification/shared-ui-elements/contextwrapper/index.html (+1ms) 
14:21:20   ├─ /laerdal/projects/laugment/data-augmenter-specification/shared-ui-elements/crawlfetcher/index.html (+1ms) 
14:21:20   ├─ /shared-filter-container/index.html (+1ms) 
14:21:20   ├─ /shared-filter-dropdown/index.html (+1ms) 
14:21:20   ├─ /shared-header/index.html (+1ms) 
14:21:20   ├─ /shared-list-column/index.html (+1ms) 
14:21:20   ├─ /shared-list-row/index.html (+1ms) 
14:21:20   ├─ /shared_modal-wrapper/index.html (+1ms) 
14:21:20   ├─ /supported-models-widget/index.html (+1ms) 
14:21:20   ├─ /laerdal/projects/laugment/data-augmenter-specification/shared-services/apiconnectorservice/index.html (+1ms) 
14:21:20   ├─ /laerdal/projects/laugment/data-augmenter-specification/shared-services/apidocumentationgeneratorservice/index.html (+1ms) 
14:21:20   ├─ /laerdal/projects/laugment/data-augmenter-specification/shared-services/orgsettingsservice/index.html (+1ms) 
14:21:20   ├─ /laerdal/projects/laugment/data-augmenter-specification/shared-services/orgsupportedmodelsservice/index.html (+1ms) 
14:21:20   ├─ /laerdal/projects/laugment/data-augmenter-specification/shared-services/privilagegatesservice/index.html (+1ms) 
14:21:20   ├─ /laerdal/projects/laugment/data-augmenter-specification/shared-services/sharederrorhandler/index.html (+1ms) 
14:21:20   ├─ /laerdal/projects/laugment/data-augmenter-specification/shared-services/sharedmodelfetcher/index.html (+1ms) 
14:21:20   ├─ /shared-prompt-service/index.html (+1ms) 
14:21:20   ├─ /laerdal/projects/laugment/data-augmenter-specification/shared-services/sharedtooltipshandler/index.html (+1ms) 
14:21:20   ├─ /laerdal/projects/laugment/data-augmenter-specification/shared-ui-elements/sharedheader/brandcontainer/index.html (+1ms) 
14:21:20   ├─ /user-authorization-service/index.html (+1ms) 
14:21:20   ├─ /laerdal/projects/laugment/data-augmenter-specification/shared-services/teamsupportedmodelsservice/index.html (+1ms) 
14:21:20   ├─ /laerdal/projects/laugment/data-augmenter-specification/shared-ui-elements/sharedheader/individualsettings/index.html (+1ms) 
14:21:20   ├─ /progress-navigator/index.html (+1ms) 
14:21:20   └─ /saved-workflows/index.html (+1ms) 
14:21:20 ▶ src/pages/admin/route-manager.astro
14:21:20   └─ /admin/route-manager/index.html (+1ms) 
14:21:20 ▶ src/pages/examples/hero.astro
14:21:20   └─ /examples/hero/index.htmlSuccessfully loaded hero: main-hero from messages/heroContent.json
Successfully loaded hero: features-hero from messages/heroContent.json
Successfully loaded hero: glassmorphic-hero from messages/heroContent.json
Successfully loaded hero: glassmorphic-vivid-hero from messages/heroContent.json
 (+1ms) 
14:21:20 ▶ src/pages/learn-with/our-talks/index.astro
14:21:20   └─ /learn-with/our-talks/index.html (+2ms) 
14:21:20 ▶ src/pages/read/notes-from-the-near-future.astro
14:21:20   └─ /read/notes-from-the-near-future/index.html (+1ms) 
14:21:20 ▶ src/pages/test.astro
14:21:20   └─ /test/index.html (+0ms) 
14:21:20 ▶ src/pages/vibe-with/us.astro
14:21:20   └─ /vibe-with/us/index.htmlLoaded 3 cards from messages/vibeCodingIconHeaderMessages.json
IconHeaderMessageCard props: {
  title: 'Reminders',
  description: 'Reminders are prompts that need to be run more or less all the time to inform the frustratingly limited context window.',
  badge: 'Routine',
  verified: true,
  to_path: '/thread/reminders',
  'data-astro-cid-f2vtatkt': true
}
IconHeaderMessageCard props: {
  title: 'Prompts',
  description: 'Prompts are instructions for a task at hand. Some come up often, some are one-and-done. Most are massively useful.',
  badge: 'As Needed',
  verified: true,
  to_path: '/thread/prompts',
  'data-astro-cid-f2vtatkt': true
}
IconHeaderMessageCard props: {
  title: 'Specifications',
  description: 'Specifications are comprehensive documentation that covers an interrelated set of code. They go through cycles of revision and use.',
  badge: 'Evolving',
  verified: true,
  to_path: '/thread/specs',
  'data-astro-cid-f2vtatkt': true
}
 (+2ms) 
14:21:20 ▶ src/pages/workflow/changelog.astro
14:21:20   └─ /workflow/changelog/index.html (+76ms) 
14:21:20 ▶ src/pages/workflow/laerdal.astro
14:21:20   └─ /workflow/laerdal/index.html (+5ms) 
14:21:20 ▶ src/pages/toolkit/vertical/[...slug].astro
Found 17 entries in the vertical-toolkits collection
Entry ID: fintech/aibidia
Generated vertical-toolkits path: /toolkit/vertical/fintech/aibidia
Entry ID: fintech/alviere
Generated vertical-toolkits path: /toolkit/vertical/fintech/alviere
Entry ID: fintech/anchain ai
Generated vertical-toolkits path: /toolkit/vertical/fintech/anchain-ai
Entry ID: fintech/architecht
Generated vertical-toolkits path: /toolkit/vertical/fintech/architecht
Entry ID: fintech/artian
Generated vertical-toolkits path: /toolkit/vertical/fintech/artian
Entry ID: fintech/finastra
Generated vertical-toolkits path: /toolkit/vertical/fintech/finastra
Entry ID: fintech/hebbia
Generated vertical-toolkits path: /toolkit/vertical/fintech/hebbia
Entry ID: fintech/hummingbird
Generated vertical-toolkits path: /toolkit/vertical/fintech/hummingbird
Entry ID: fintech/kuvi.ai
Generated vertical-toolkits path: /toolkit/vertical/fintech/kuvi
Entry ID: fintech/kyriba
Generated vertical-toolkits path: /toolkit/vertical/fintech/kyriba
Entry ID: fintech/multimodal
Generated vertical-toolkits path: /toolkit/vertical/fintech/multimodal
Entry ID: fintech/marqueta
Generated vertical-toolkits path: /toolkit/vertical/fintech/marqueta
Entry ID: fintech/nevermined
Generated vertical-toolkits path: /toolkit/vertical/fintech/nevermined
Entry ID: fintech/payman ai
Generated vertical-toolkits path: /toolkit/vertical/fintech/payman-ai
Entry ID: fintech/polygon io
Generated vertical-toolkits path: /toolkit/vertical/fintech/polygon-io
Entry ID: fintech/skyfire ai
Generated vertical-toolkits path: /toolkit/vertical/fintech/skyfire-ai
Entry ID: fintech/unique ai
Generated vertical-toolkits path: /toolkit/vertical/fintech/unique-ai
14:21:20   ├─ /toolkit/vertical/fintech/aibidia/index.html (+2ms) 
14:21:20   ├─ /toolkit/vertical/fintech/alviere/index.html (+1ms) 
14:21:20   ├─ /toolkit/vertical/fintech/anchain-ai/index.html (+1ms) 
14:21:20   ├─ /toolkit/vertical/fintech/architecht/index.html (+1ms) 
14:21:20   ├─ /toolkit/vertical/fintech/artian/index.html (+1ms) 
14:21:20   ├─ /toolkit/vertical/fintech/finastra/index.html (+1ms) 
14:21:20   ├─ /toolkit/vertical/fintech/hebbia/index.html (+1ms) 
14:21:20   ├─ /toolkit/vertical/fintech/hummingbird/index.html (+1ms) 
14:21:20   ├─ /toolkit/vertical/fintech/kuvi/index.html (+1ms) 
14:21:20   ├─ /toolkit/vertical/fintech/kyriba/index.html (+1ms) 
14:21:20   ├─ /toolkit/vertical/fintech/multimodal/index.html (+1ms) 
14:21:20   ├─ /toolkit/vertical/fintech/marqueta/index.html (+1ms) 
14:21:20   ├─ /toolkit/vertical/fintech/nevermined/index.html (+1ms) 
14:21:20   ├─ /toolkit/vertical/fintech/payman-ai/index.html (+1ms) 
14:21:20   ├─ /toolkit/vertical/fintech/polygon-io/index.html (+1ms) 
14:21:20   ├─ /toolkit/vertical/fintech/skyfire-ai/index.html (+1ms) 
14:21:20   └─ /toolkit/vertical/fintech/unique-ai/index.html (+1ms) 
14:21:20 ▶ src/pages/tools.astro
14:21:20   └─ /tools/index.htmlFound SVG files: []
 (+11ms) 
14:21:20 ▶ src/pages/about.astro
14:21:20   └─ /about/index.html (+4ms) 
14:21:20 ▶ src/pages/index.astro
14:21:20   └─ /index.htmlLoaded 3 cards from messages/vibeCodingIconHeaderMessages.json
IconHeaderMessageCard props: {
  title: 'Reminders',
  description: 'Reminders are prompts that need to be run more or less all the time to inform the frustratingly limited context window.',
  badge: 'Routine',
  verified: true,
  to_path: '/thread/reminders',
  'data-astro-cid-f2vtatkt': true
}
IconHeaderMessageCard props: {
  title: 'Prompts',
  description: 'Prompts are instructions for a task at hand. Some come up often, some are one-and-done. Most are massively useful.',
  badge: 'As Needed',
  verified: true,
  to_path: '/thread/prompts',
  'data-astro-cid-f2vtatkt': true
}
IconHeaderMessageCard props: {
  title: 'Specifications',
  description: 'Specifications are comprehensive documentation that covers an interrelated set of code. They go through cycles of revision and use.',
  badge: 'Evolving',
  verified: true,
  to_path: '/thread/specs',
  'data-astro-cid-f2vtatkt': true
}
Looking for SVGs in: /home/mps/code/lossless-monorepo/site/public/visuals/Tooling-Trademarks/usable--darkmode
Successfully loaded 3 features from messages/featureSideImage.json
["/home/mps/code/lossless-monorepo/site/public/visuals/Tooling-Trademarks/usable--darkmode/wordmark__Xano.svg","/home/mps/code/lossless-monorepo/site/public/visuals/Tooling-Trademarks/usable--darkmode/wordmark__Type-AI--Lightest.svg","/home/mps/code/lossless-monorepo/site/public/visuals/Tooling-Trademarks/usable--darkmode/wordmark__Swimm.svg","/home/mps/code/lossless-monorepo/site/public/visuals/Tooling-Trademarks/usable--darkmode/wordmark__Next-UI.svg","/home/mps/code/lossless-monorepo/site/public/visuals/Tooling-Trademarks/usable--darkmode/wordmark__NPM-js.svg","/home/mps/code/lossless-monorepo/site/public/visuals/Tooling-Trademarks/usable--darkmode/wordmark__Modular.svg","/home/mps/code/lossless-monorepo/site/public/visuals/Tooling-Trademarks/usable--darkmode/wordmark__Imagekit--Light.svg","/home/mps/code/lossless-monorepo/site/public/visuals/Tooling-Trademarks/usable--darkmode/wordmark__Dolthub.svg","/home/mps/code/lossless-monorepo/site/public/visuals/Tooling-Trademarks/usable--darkmode/wordmark__Bildr.svg","/home/mps/code/lossless-monorepo/site/public/visuals/Tooling-Trademarks/usable--darkmode/trademark__essense.svg","/home/mps/code/lossless-monorepo/site/public/visuals/Tooling-Trademarks/usable--darkmode/trademark__Zerocode--Lightest.svg","/home/mps/code/lossless-monorepo/site/public/visuals/Tooling-Trademarks/usable--darkmode/trademark__Wrike--Lighter.svg","/home/mps/code/lossless-monorepo/site/public/visuals/Tooling-Trademarks/usable--darkmode/trademark__Webstudio.svg","/home/mps/code/lossless-monorepo/site/public/visuals/Tooling-Trademarks/usable--darkmode/trademark__Wati.svg","/home/mps/code/lossless-monorepo/site/public/visuals/Tooling-Trademarks/usable--darkmode/trademark__Volusion--Lighter.svg","/home/mps/code/lossless-monorepo/site/public/visuals/Tooling-Trademarks/usable--darkmode/trademark__Voiceflow.svg","/home/mps/code/lossless-monorepo/site/public/visuals/Tooling-Trademarks/usable--darkmode/trademark__User-Testing--Lightest.svg","/home/mps/code/lossless-monorepo/site/public/visuals/Tooling-Trademarks/usable--darkmode/trademark__Transcend--Lightest.svg","/home/mps/code/lossless-monorepo/site/public/visuals/Tooling-Trademarks/usable--darkmode/trademark__Topaz-Labs.svg","/home/mps/code/lossless-monorepo/site/public/visuals/Tooling-Trademarks/usable--darkmode/trademark__Toddle.svg","/home/mps/code/lossless-monorepo/site/public/visuals/Tooling-Trademarks/usable--darkmode/trademark__TeleportHQ.svg","/home/mps/code/lossless-monorepo/site/public/visuals/Tooling-Trademarks/usable--darkmode/trademark__Svelte--Lightest.svg","/home/mps/code/lossless-monorepo/site/public/visuals/Tooling-Trademarks/usable--darkmode/trademark__Surreal-DB--Lightest.svg","/home/mps/code/lossless-monorepo/site/public/visuals/Tooling-Trademarks/usable--darkmode/trademark__Storyblok.svg","/home/mps/code/lossless-monorepo/site/public/visuals/Tooling-Trademarks/usable--darkmode/trademark__Solid-JS--Lighter.svg","/home/mps/code/lossless-monorepo/site/public/visuals/Tooling-Trademarks/usable--darkmode/trademark__Smart-Sparrow--Lightest.svg","/home/mps/code/lossless-monorepo/site/public/visuals/Tooling-Trademarks/usable--darkmode/trademark__Sierra.svg","/home/mps/code/lossless-monorepo/site/public/visuals/Tooling-Trademarks/usable--darkmode/trademark__ReactJS.svg","/home/mps/code/lossless-monorepo/site/public/visuals/Tooling-Trademarks/usable--darkmode/trademark__Quip--Lightest.svg","/home/mps/code/lossless-monorepo/site/public/visuals/Tooling-Trademarks/usable--darkmode/trademark__Quantilope.svg","/home/mps/code/lossless-monorepo/site/public/visuals/Tooling-Trademarks/usable--darkmode/trademark__Pydantic.svg","/home/mps/code/lossless-monorepo/site/public/visuals/Tooling-Trademarks/usable--darkmode/trademark__Pydantic-Logfire.svg","/home/mps/code/lossless-monorepo/site/public/visuals/Tooling-Trademarks/usable--darkmode/trademark__Pydantic-AI.svg","/home/mps/code/lossless-monorepo/site/public/visuals/Tooling-Trademarks/usable--darkmode/trademark__Productboard--Lighter.svg","/home/mps/code/lossless-monorepo/site/public/visuals/Tooling-Trademarks/usable--darkmode/trademark__Power-BI--Lightest.svg","/home/mps/code/lossless-monorepo/site/public/visuals/Tooling-Trademarks/usable--darkmode/trademark__Poe-AI.svg","/home/mps/code/lossless-monorepo/site/public/visuals/Tooling-Trademarks/usable--darkmode/trademark__PocketBase--Lightest.svg","/home/mps/code/lossless-monorepo/site/public/visuals/Tooling-Trademarks/usable--darkmode/trademark__Plural--Lightest.svg","/home/mps/code/lossless-monorepo/site/public/visuals/Tooling-Trademarks/usable--darkmode/trademark__Pienso-AI.svg","/home/mps/code/lossless-monorepo/site/public/visuals/Tooling-Trademarks/usable--darkmode/trademark__Pecan--Lightest.svg","/home/mps/code/lossless-monorepo/site/public/visuals/Tooling-Trademarks/usable--darkmode/trademark__Payload--Lightest.svg","/home/mps/code/lossless-monorepo/site/public/visuals/Tooling-Trademarks/usable--darkmode/trademark__Outerbase.svg","/home/mps/code/lossless-monorepo/site/public/visuals/Tooling-Trademarks/usable--darkmode/trademark__Obsidian.svg","/home/mps/code/lossless-monorepo/site/public/visuals/Tooling-Trademarks/usable--darkmode/trademark__Notion--Lightest.svg","/home/mps/code/lossless-monorepo/site/public/visuals/Tooling-Trademarks/usable--darkmode/trademark__Noodl--Lightest.svg","/home/mps/code/lossless-monorepo/site/public/visuals/Tooling-Trademarks/usable--darkmode/trademark__Nextra--Lightest.svg","/home/mps/code/lossless-monorepo/site/public/visuals/Tooling-Trademarks/usable--darkmode/trademark__NextJS.svg","/home/mps/code/lossless-monorepo/site/public/visuals/Tooling-Trademarks/usable--darkmode/trademark__Neo4j.svg","/home/mps/code/lossless-monorepo/site/public/visuals/Tooling-Trademarks/usable--darkmode/trademark__Molmo-AI--Lightest.svg","/home/mps/code/lossless-monorepo/site/public/visuals/Tooling-Trademarks/usable--darkmode/trademark__Mojo--Lighter.svg","/home/mps/code/lossless-monorepo/site/public/visuals/Tooling-Trademarks/usable--darkmode/trademark__MindStudio-AI.svg","/home/mps/code/lossless-monorepo/site/public/visuals/Tooling-Trademarks/usable--darkmode/trademark__Metabase--Lightest.svg","/home/mps/code/lossless-monorepo/site/public/visuals/Tooling-Trademarks/usable--darkmode/trademark__Mermaid.svg","/home/mps/code/lossless-monorepo/site/public/visuals/Tooling-Trademarks/usable--darkmode/trademark__Merge-Dev--Lightest.svg","/home/mps/code/lossless-monorepo/site/public/visuals/Tooling-Trademarks/usable--darkmode/trademark__Memex-Garden--Lightest.svg","/home/mps/code/lossless-monorepo/site/public/visuals/Tooling-Trademarks/usable--darkmode/trademark__Maze.svg","/home/mps/code/lossless-monorepo/site/public/visuals/Tooling-Trademarks/usable--darkmode/trademark__Mattermost--Lightest.svg","/home/mps/code/lossless-monorepo/site/public/visuals/Tooling-Trademarks/usable--darkmode/trademark__Market-Logic--Lightest.svg","/home/mps/code/lossless-monorepo/site/public/visuals/Tooling-Trademarks/usable--darkmode/trademark__Make.svg","/home/mps/code/lossless-monorepo/site/public/visuals/Tooling-Trademarks/usable--darkmode/trademark__Lang-Chain.svg","/home/mps/code/lossless-monorepo/site/public/visuals/Tooling-Trademarks/usable--darkmode/trademark__Kontent-AI.svg","/home/mps/code/lossless-monorepo/site/public/visuals/Tooling-Trademarks/usable--darkmode/trademark__Knak.svg","/home/mps/code/lossless-monorepo/site/public/visuals/Tooling-Trademarks/usable--darkmode/trademark__Jamstack.svg","/home/mps/code/lossless-monorepo/site/public/visuals/Tooling-Trademarks/usable--darkmode/trademark__Invideo-AI--Lightest.svg","/home/mps/code/lossless-monorepo/site/public/visuals/Tooling-Trademarks/usable--darkmode/trademark__Hygraph--Lightest.svg","/home/mps/code/lossless-monorepo/site/public/visuals/Tooling-Trademarks/usable--darkmode/trademark__Hotjar--Lightest.svg","/home/mps/code/lossless-monorepo/site/public/visuals/Tooling-Trademarks/usable--darkmode/trademark__Hono-Framework--Lighter.svg","/home/mps/code/lossless-monorepo/site/public/visuals/Tooling-Trademarks/usable--darkmode/trademark__Holacracy.svg","/home/mps/code/lossless-monorepo/site/public/visuals/Tooling-Trademarks/usable--darkmode/trademark__HeyGen--Lightest.svg","/home/mps/code/lossless-monorepo/site/public/visuals/Tooling-Trademarks/usable--darkmode/trademark__GraphQL.svg","/home/mps/code/lossless-monorepo/site/public/visuals/Tooling-Trademarks/usable--darkmode/trademark__Gitbook.svg","/home/mps/code/lossless-monorepo/site/public/visuals/Tooling-Trademarks/usable--darkmode/trademark__Gemma.svg","/home/mps/code/lossless-monorepo/site/public/visuals/Tooling-Trademarks/usable--darkmode/trademark__Gamma-AI--Lightest.svg","/home/mps/code/lossless-monorepo/site/public/visuals/Tooling-Trademarks/usable--darkmode/trademark__Framer--Lightest.svg","/home/mps/code/lossless-monorepo/site/public/visuals/Tooling-Trademarks/usable--darkmode/trademark__Forem.svg","/home/mps/code/lossless-monorepo/site/public/visuals/Tooling-Trademarks/usable--darkmode/trademark__Flutterflow--Lightest.svg","/home/mps/code/lossless-monorepo/site/public/visuals/Tooling-Trademarks/usable--darkmode/trademark__Figma.svg","/home/mps/code/lossless-monorepo/site/public/visuals/Tooling-Trademarks/usable--darkmode/trademark__Fathom-AI.svg","/home/mps/code/lossless-monorepo/site/public/visuals/Tooling-Trademarks/usable--darkmode/trademark__Fastgen--Lightest.svg","/home/mps/code/lossless-monorepo/site/public/visuals/Tooling-Trademarks/usable--darkmode/trademark__Extensiv--Lighter.svg","/home/mps/code/lossless-monorepo/site/public/visuals/Tooling-Trademarks/usable--darkmode/trademark__Elementor.svg","/home/mps/code/lossless-monorepo/site/public/visuals/Tooling-Trademarks/usable--darkmode/trademark__Edge-DB--Darkest.svg","/home/mps/code/lossless-monorepo/site/public/visuals/Tooling-Trademarks/usable--darkmode/trademark__Dovetail.svg","/home/mps/code/lossless-monorepo/site/public/visuals/Tooling-Trademarks/usable--darkmode/trademark__Docusaurus--Lightest.svg","/home/mps/code/lossless-monorepo/site/public/visuals/Tooling-Trademarks/usable--darkmode/trademark__Descript--Lightest.svg","/home/mps/code/lossless-monorepo/site/public/visuals/Tooling-Trademarks/usable--darkmode/trademark__Delta-Sharing.svg","/home/mps/code/lossless-monorepo/site/public/visuals/Tooling-Trademarks/usable--darkmode/trademark__Decap-CMS.svg","/home/mps/code/lossless-monorepo/site/public/visuals/Tooling-Trademarks/usable--darkmode/trademark__Data-Dog--Lightest.svg","/home/mps/code/lossless-monorepo/site/public/visuals/Tooling-Trademarks/usable--darkmode/trademark__D-Graph--Lightest.svg","/home/mps/code/lossless-monorepo/site/public/visuals/Tooling-Trademarks/usable--darkmode/trademark__CraftDocs--Lightest.svg","/home/mps/code/lossless-monorepo/site/public/visuals/Tooling-Trademarks/usable--darkmode/trademark__Convex--Lighter.svg","/home/mps/code/lossless-monorepo/site/public/visuals/Tooling-Trademarks/usable--darkmode/trademark__Cohere--Lightest.svg","/home/mps/code/lossless-monorepo/site/public/visuals/Tooling-Trademarks/usable--darkmode/trademark__Coda--Lightest-01.svg","/home/mps/code/lossless-monorepo/site/public/visuals/Tooling-Trademarks/usable--darkmode/trademark__Clickup--Lightest.svg","/home/mps/code/lossless-monorepo/site/public/visuals/Tooling-Trademarks/usable--darkmode/trademark__Claude.svg","/home/mps/code/lossless-monorepo/site/public/visuals/Tooling-Trademarks/usable--darkmode/trademark__Chroma.svg","/home/mps/code/lossless-monorepo/site/public/visuals/Tooling-Trademarks/usable--darkmode/trademark__Chisel--Lightest.svg","/home/mps/code/lossless-monorepo/site/public/visuals/Tooling-Trademarks/usable--darkmode/trademark__Cast-AI--Lightest.svg","/home/mps/code/lossless-monorepo/site/public/visuals/Tooling-Trademarks/usable--darkmode/trademark__Cal_com--Lightest.svg","/home/mps/code/lossless-monorepo/site/public/visuals/Tooling-Trademarks/usable--darkmode/trademark__Budibase--Lightest.svg","/home/mps/code/lossless-monorepo/site/public/visuals/Tooling-Trademarks/usable--darkmode/trademark__Block-Survey.svg","/home/mps/code/lossless-monorepo/site/public/visuals/Tooling-Trademarks/usable--darkmode/trademark__Baserow.svg","/home/mps/code/lossless-monorepo/site/public/visuals/Tooling-Trademarks/usable--darkmode/trademark__Backlight--Lighter.svg","/home/mps/code/lossless-monorepo/site/public/visuals/Tooling-Trademarks/usable--darkmode/trademark__Attio-Lightest.svg","/home/mps/code/lossless-monorepo/site/public/visuals/Tooling-Trademarks/usable--darkmode/trademark__Arcee-AI.svg","/home/mps/code/lossless-monorepo/site/public/visuals/Tooling-Trademarks/usable--darkmode/trademark__Appwrite.svg","/home/mps/code/lossless-monorepo/site/public/visuals/Tooling-Trademarks/usable--darkmode/trademark__Appsmith--Lightest.svg","/home/mps/code/lossless-monorepo/site/public/visuals/Tooling-Trademarks/usable--darkmode/trademark__Appcues--Lightest.svg","/home/mps/code/lossless-monorepo/site/public/visuals/Tooling-Trademarks/usable--darkmode/trademark__AppSheet--Lighter.svg","/home/mps/code/lossless-monorepo/site/public/visuals/Tooling-Trademarks/usable--darkmode/trademark__Altair.svg","/home/mps/code/lossless-monorepo/site/public/visuals/Tooling-Trademarks/usable--darkmode/trademark__Almanac--Light.svg","/home/mps/code/lossless-monorepo/site/public/visuals/Tooling-Trademarks/usable--darkmode/trademark__Algolia--Lightest.svg","/home/mps/code/lossless-monorepo/site/public/visuals/Tooling-Trademarks/usable--darkmode/trademark__Airtable--Lightest.svg","/home/mps/code/lossless-monorepo/site/public/visuals/Tooling-Trademarks/usable--darkmode/trademark__Airbyte--Lightest.svg","/home/mps/code/lossless-monorepo/site/public/visuals/Tooling-Trademarks/usable--darkmode/trademark__Affine.svg","/home/mps/code/lossless-monorepo/site/public/visuals/Tooling-Trademarks/usable--darkmode/trademark__8base.svg"]
Found 116 SVG files
 (+38ms) 
14:21:20 ✓ Completed in 34.25s.

 generating optimized images 
14:21:20   ▶ /_astro/imageOf__Albert-Einstein.BWFUHSUG_ZNCG3N.webp (reused cache entry) (+0ms) (1/1)
14:21:20 ✓ Completed in 1ms.

14:21:20 [build] Rearranging server assets...
14:21:20 [WARN] [@astrojs/vercel] 
	The local Node.js version (24) is not supported by Vercel Serverless Functions.
	Your project will use Node.js 18 as the runtime instead.
	Consider switching your local version to 18.

14:21:20 [@astrojs/vercel] Bundling function ../../../../dist/server/entry.mjs
14:21:22 [WARN] [@astrojs/sitemap] The Sitemap integration requires the `site` astro.config option. Skipping.
14:21:22 [@astrojs/vercel] Copying static files to .vercel/output/static
14:21:22 [build] Server built in 51.84s
14:21:22 [build] Complete!
